Archive member included to satisfy reference by file (symbol)

.\CortexM3\ARM_GCC_541\Debug\w06_criticalRegion.a(ErikaOS_1_ee_activate.o)
                              .\CortexM3\ARM_GCC_541\Debug\main.o (EE_oo_ActivateTask)
.\CortexM3\ARM_GCC_541\Debug\w06_criticalRegion.a(ErikaOS_1_ee_altick.o)
                              .\CortexM3\ARM_GCC_541\Debug\main.o (EE_oo_IncrementCounter)
.\CortexM3\ARM_GCC_541\Debug\w06_criticalRegion.a(ErikaOS_1_ee_evclear.o)
                              .\CortexM3\ARM_GCC_541\Debug\main.o (EE_oo_ClearEvent)
.\CortexM3\ARM_GCC_541\Debug\w06_criticalRegion.a(ErikaOS_1_ee_evget.o)
                              .\CortexM3\ARM_GCC_541\Debug\main.o (EE_oo_GetEvent)
.\CortexM3\ARM_GCC_541\Debug\w06_criticalRegion.a(ErikaOS_1_ee_evset.o)
                              .\CortexM3\ARM_GCC_541\Debug\uart.o (EE_oo_SetEvent)
.\CortexM3\ARM_GCC_541\Debug\w06_criticalRegion.a(ErikaOS_1_ee_evwait.o)
                              .\CortexM3\ARM_GCC_541\Debug\main.o (EE_oo_WaitEvent)
.\CortexM3\ARM_GCC_541\Debug\w06_criticalRegion.a(ErikaOS_1_ee_gettaskid.o)
                              .\CortexM3\ARM_GCC_541\Debug\trcKernelPort.o (EE_oo_GetTaskID)
.\CortexM3\ARM_GCC_541\Debug\w06_criticalRegion.a(ErikaOS_1_ee_irqendin.o)
                              .\CortexM3\ARM_GCC_541\Debug\main.o (EE_IRQ_end_post_stub)
.\CortexM3\ARM_GCC_541\Debug\w06_criticalRegion.a(ErikaOS_1_ee_lookup.o)
                              .\CortexM3\ARM_GCC_541\Debug\w06_criticalRegion.a(ErikaOS_1_ee_irqendin.o) (EE_oo_IRQ_disable_count)
.\CortexM3\ARM_GCC_541\Debug\w06_criticalRegion.a(ErikaOS_1_ee_rq_exchg.o)
                              .\CortexM3\ARM_GCC_541\Debug\w06_criticalRegion.a(ErikaOS_1_ee_activate.o) (EE_rq2stk_exchange)
.\CortexM3\ARM_GCC_541\Debug\w06_criticalRegion.a(ErikaOS_1_ee_rq_first.o)
                              .\CortexM3\ARM_GCC_541\Debug\w06_criticalRegion.a(ErikaOS_1_ee_activate.o) (EE_rq_queryfirst)
.\CortexM3\ARM_GCC_541\Debug\w06_criticalRegion.a(ErikaOS_1_ee_rq_inser.o)
                              .\CortexM3\ARM_GCC_541\Debug\w06_criticalRegion.a(ErikaOS_1_ee_activate.o) (EE_rq_insert)
.\CortexM3\ARM_GCC_541\Debug\w06_criticalRegion.a(ErikaOS_1_ee_startos.o)
                              .\CortexM3\ARM_GCC_541\Debug\main.o (EE_oo_StartOS)
.\CortexM3\ARM_GCC_541\Debug\w06_criticalRegion.a(ErikaOS_1_ee_terminat.o)
                              .\CortexM3\ARM_GCC_541\Debug\main.o (EE_oo_TerminateTask)
.\CortexM3\ARM_GCC_541\Debug\w06_criticalRegion.a(ErikaOS_1_cortex_mx_ee_utils.o)
                              .\CortexM3\ARM_GCC_541\Debug\main.o (EE_system_init)
.\CortexM3\ARM_GCC_541\Debug\w06_criticalRegion.a(ErikaOS_1_common_ee_hal_structs.o)
                              .\CortexM3\ARM_GCC_541\Debug\w06_criticalRegion.a(ErikaOS_1_ee_irqendin.o) (EE_std_endcycle_next_tid)
.\CortexM3\ARM_GCC_541\Debug\w06_criticalRegion.a(ErikaOS_1_eecfg.o)
                              .\CortexM3\ARM_GCC_541\Debug\w06_criticalRegion.a(ErikaOS_1_ee_startos.o) (EE_oo_autostart_task_data)
.\CortexM3\ARM_GCC_541\Debug\w06_criticalRegion.a(SEVEN_DP.o)
                              .\CortexM3\ARM_GCC_541\Debug\seven.o (SEVEN_DP_Write)
.\CortexM3\ARM_GCC_541\Debug\w06_criticalRegion.a(SEVEN_SELECT.o)
                              .\CortexM3\ARM_GCC_541\Debug\seven.o (SEVEN_SELECT_Write)
.\CortexM3\ARM_GCC_541\Debug\w06_criticalRegion.a(SEVEN_reg.o)
                              .\CortexM3\ARM_GCC_541\Debug\seven.o (SEVEN_reg_Write)
.\CortexM3\ARM_GCC_541\Debug\w06_criticalRegion.a(BUTTON_1.o)
                              .\CortexM3\ARM_GCC_541\Debug\button.o (BUTTON_1_Read)
.\CortexM3\ARM_GCC_541\Debug\w06_criticalRegion.a(isr_Button.o)
                              .\CortexM3\ARM_GCC_541\Debug\button.o (isr_Button_StartEx)
.\CortexM3\ARM_GCC_541\Debug\w06_criticalRegion.a(BUTTON_2.o)
                              .\CortexM3\ARM_GCC_541\Debug\button.o (BUTTON_2_Read)
.\CortexM3\ARM_GCC_541\Debug\w06_criticalRegion.a(BUTTON_3.o)
                              .\CortexM3\ARM_GCC_541\Debug\button.o (BUTTON_3_Read)
.\CortexM3\ARM_GCC_541\Debug\w06_criticalRegion.a(BUTTON_4.o)
                              .\CortexM3\ARM_GCC_541\Debug\button.o (BUTTON_4_Read)
.\CortexM3\ARM_GCC_541\Debug\w06_criticalRegion.a(LED_red.o)
                              .\CortexM3\ARM_GCC_541\Debug\led.o (LED_red_Write)
.\CortexM3\ARM_GCC_541\Debug\w06_criticalRegion.a(LED_yellow.o)
                              .\CortexM3\ARM_GCC_541\Debug\led.o (LED_yellow_Write)
.\CortexM3\ARM_GCC_541\Debug\w06_criticalRegion.a(LED_green.o)
                              .\CortexM3\ARM_GCC_541\Debug\led.o (LED_green_Write)
.\CortexM3\ARM_GCC_541\Debug\w06_criticalRegion.a(UART_LOG.o)
                              .\CortexM3\ARM_GCC_541\Debug\uart.o (UART_LOG_Start)
.\CortexM3\ARM_GCC_541\Debug\w06_criticalRegion.a(RGB_PWM_red.o)
                              .\CortexM3\ARM_GCC_541\Debug\led.o (RGB_PWM_red_WriteCompare)
[...]
Memory Configuration

Name             Origin             Length             Attributes
rom              0x00000000         0x00040000         xr
ram              0x1fff8000         0x00010000         xrw
*default*        0x00000000         0xffffffff

Linker script and memory map

LOAD c:/program files (x86)/cypress/psoc creator/4.4/psoc creator/import/gnu/arm/5.4.1/bin/../lib/gcc/arm-none-eabi/5.4.1/armv7-m/crti.o
LOAD c:/program files (x86)/cypress/psoc creator/4.4/psoc creator/import/gnu/arm/5.4.1/bin/../lib/gcc/arm-none-eabi/5.4.1/armv7-m/crtbegin.o
LOAD c:/program files (x86)/cypress/psoc creator/4.4/psoc creator/import/gnu/arm/5.4.1/bin/../lib/gcc/arm-none-eabi/5.4.1/../../../../arm-none-eabi/lib/armv7-m/crt0.o
START GROUP
LOAD .\CortexM3\ARM_GCC_541\Debug\main.o
LOAD .\CortexM3\ARM_GCC_541\Debug\trcStreamingPort.o
LOAD .\CortexM3\ARM_GCC_541\Debug\trcKernelPort.o
LOAD .\CortexM3\ARM_GCC_541\Debug\trcSnapshotRecorder.o
LOAD .\CortexM3\ARM_GCC_541\Debug\trcStreamingRecorder.o
LOAD .\CortexM3\ARM_GCC_541\Debug\led.o
LOAD .\CortexM3\ARM_GCC_541\Debug\button.o
LOAD .\CortexM3\ARM_GCC_541\Debug\seven.o
LOAD .\CortexM3\ARM_GCC_541\Debug\ringbuffer.o
LOAD .\CortexM3\ARM_GCC_541\Debug\uart.o
LOAD .\CortexM3\ARM_GCC_541\Debug\parser.o
LOAD .\CortexM3\ARM_GCC_541\Debug\cyfitter_cfg.o
LOAD .\CortexM3\ARM_GCC_541\Debug\cymetadata.o
LOAD .\CortexM3\ARM_GCC_541\Debug\Cm3Start.o
LOAD .\CortexM3\ARM_GCC_541\Debug\w06_criticalRegion.a
LOAD C:\Program Files (x86)\Cypress\PSoC Creator\4.4\PSoC Creator\psoc\content\cycomponentlibrary\CyComponentLibrary.cylib\CortexM3\ARM_GCC_541\Debug\CyComponentLibrary.a
END GROUP
START GROUP
LOAD c:/program files (x86)/cypress/psoc creator/4.4/psoc creator/import/gnu/arm/5.4.1/bin/../lib/gcc/arm-none-eabi/5.4.1/armv7-m\libgcc.a
LOAD c:/program files (x86)/cypress/psoc creator/4.4/psoc creator/import/gnu/arm/5.4.1/bin/../lib/gcc/arm-none-eabi/5.4.1/../../../../arm-none-eabi/lib/armv7-m\libg_nano.a
LOAD c:/program files (x86)/cypress/psoc creator/4.4/psoc creator/import/gnu/arm/5.4.1/bin/../lib/gcc/arm-none-eabi/5.4.1/../../../../arm-none-eabi/lib/armv7-m\libc_nano.a
END GROUP
START GROUP
LOAD c:/program files (x86)/cypress/psoc creator/4.4/psoc creator/import/gnu/arm/5.4.1/bin/../lib/gcc/arm-none-eabi/5.4.1/armv7-m\libgcc.a
LOAD c:/program files (x86)/cypress/psoc creator/4.4/psoc creator/import/gnu/arm/5.4.1/bin/../lib/gcc/arm-none-eabi/5.4.1/../../../../arm-none-eabi/lib/armv7-m\libc_nano.a
END GROUP
LOAD c:/program files (x86)/cypress/psoc creator/4.4/psoc creator/import/gnu/arm/5.4.1/bin/../lib/gcc/arm-none-eabi/5.4.1/armv7-m/crtend.o
LOAD c:/program files (x86)/cypress/psoc creator/4.4/psoc creator/import/gnu/arm/5.4.1/bin/../lib/gcc/arm-none-eabi/5.4.1/armv7-m/crtn.o
START GROUP
LOAD c:/program files (x86)/cypress/psoc creator/4.4/psoc creator/import/gnu/arm/5.4.1/bin/../lib/gcc/arm-none-eabi/5.4.1/armv7-m\libgcc.a
LOAD c:/program files (x86)/cypress/psoc creator/4.4/psoc creator/import/gnu/arm/5.4.1/bin/../lib/gcc/arm-none-eabi/5.4.1/../../../../arm-none-eabi/lib/armv7-m\libc.a
LOAD c:/program files (x86)/cypress/psoc creator/4.4/psoc creator/import/gnu/arm/5.4.1/bin/../lib/gcc/arm-none-eabi/5.4.1/../../../../arm-none-eabi/lib/armv7-m\libnosys.a
END GROUP
                0x00000000                CY_APPL_ORIGIN = 0x0
                0x00000100                CY_FLASH_ROW_SIZE = 0x100
                0x00000020                CY_ECC_ROW_SIZE = 0x20
                0x00000000                CY_EE_IN_BTLDR = 0x0
                0x00000000                CY_APPL_LOADABLE = 0x0
                0x00000800                CY_EE_SIZE = 0x800
                0x00000001                CY_APPL_NUM = 0x1
                0x00000001                CY_APPL_MAX = 0x1
                0x00000040                CY_METADATA_SIZE = 0x40
                0x00000000                CY_APPL_LOADABLE = 0x0
                0x00000000                CY_CHECKSUM_EXCLUDE_SIZE = ALIGN (0x0, CY_FLASH_ROW_SIZE)
                [!provide]                PROVIDE (__cy_heap_start, _end)
                0x00000001                PROVIDE (__cy_region_num, ((__cy_regions_end - __cy_regions) / 0x10))
                0x20008000                PROVIDE (__cy_stack, (ORIGIN (ram) + LENGTH (ram)))
                [!provide]                PROVIDE (__cy_heap_end, (__cy_stack - 0x800))

.cybootloader   0x00000000        0x0
 *(.cybootloader)
                0x00000000                appl1_start = CY_APPL_ORIGIN?CY_APPL_ORIGIN:ALIGN (CY_FLASH_ROW_SIZE)
                0x0001ff00                appl2_start = (appl1_start + ALIGN ((((LENGTH (rom) - appl1_start) - (0x2 * CY_FLASH_ROW_SIZE)) / 0x2), CY_FLASH_ROW_SIZE))
                0x00000000                appl_start = (CY_APPL_NUM == 0x1)?appl1_start:appl2_start
                0x00000000                ecc_offset = ((appl_start / CY_FLASH_ROW_SIZE) * CY_ECC_ROW_SIZE)
                0x00000000                ee_offset = (CY_APPL_LOADABLE && ! (CY_EE_IN_BTLDR))?((CY_EE_SIZE / CY_APPL_MAX) * (CY_APPL_NUM - 0x1)):0x0
                0x00000800                ee_size = (CY_APPL_LOADABLE && ! (CY_EE_IN_BTLDR))?(CY_EE_SIZE / CY_APPL_MAX):CY_EE_SIZE
                [!provide]                PROVIDE (CY_ECC_OFFSET, ecc_offset)

.text           0x00000000     0x407a
 CREATE_OBJECT_SYMBOLS
                0x00000000                PROVIDE (__cy_interrupt_vector, RomVectors)
 *(.romvectors)
 .romvectors    0x00000000       0x10 .\CortexM3\ARM_GCC_541\Debug\Cm3Start.o
                0x00000000                RomVectors
                0x00000001                ASSERT ((. != __cy_interrupt_vector), No interrupt vector)
                0x00000001                ASSERT (CY_APPL_ORIGIN?(SIZEOF (.cybootloader) <= CY_APPL_ORIGIN):0x1, Wrong image location)
                0x00000010                PROVIDE (__cy_reset, Reset)
 *(.text.Reset)
 .text.Reset    0x00000010       0x18 .\CortexM3\ARM_GCC_541\Debug\Cm3Start.o
                0x00000010                Reset
                0x00000001                ASSERT ((. != __cy_reset), No reset code)
 *(.dma_init)
                0x00000001                ASSERT ((((appl_start + .) <= 0x10000) || 0x1), DMA Init must be within the first 64k of flash)
 *(.text .text.* .gnu.linkonce.t.*)
 .text          0x00000028       0x5c c:/program files (x86)/cypress/psoc creator/4.4/psoc creator/import/gnu/arm/5.4.1/bin/../lib/gcc/arm-none-eabi/5.4.1/armv7-m/crtbegin.o
 .text.ISR2_systick_handler
                0x00000084        0xc .\CortexM3\ARM_GCC_541\Debug\main.o
                0x00000084                ISR2_systick_handler
 .text.systick_handler
                0x00000090       0x98 .\CortexM3\ARM_GCC_541\Debug\main.o
                0x00000090                systick_handler
 .text.main     0x00000128       0x44 .\CortexM3\ARM_GCC_541\Debug\main.o
                0x00000128                main
 .text.Functsk_init
                0x0000016c       0x34 .\CortexM3\ARM_GCC_541\Debug\main.o
                0x0000016c                Functsk_init
 .text.Functsk_json
                0x000001a0       0x2c .\CortexM3\ARM_GCC_541\Debug\main.o
                0x000001a0                Functsk_json
 .text.Functsk_cyclic
                0x000001cc       0x20 .\CortexM3\ARM_GCC_541\Debug\main.o
                0x000001cc                Functsk_cyclic
 .text.Functsk_cyclic2
                0x000001ec       0x20 .\CortexM3\ARM_GCC_541\Debug\main.o
                0x000001ec                Functsk_cyclic2
 .text.Functsk_background
                0x0000020c        0x4 .\CortexM3\ARM_GCC_541\Debug\main.o
                0x0000020c                Functsk_background
 .text.ISR2_isr_DEBUG_tx
                0x00000210       0x10 .\CortexM3\ARM_GCC_541\Debug\main.o
                0x00000210                ISR2_isr_DEBUG_tx
 .text.isr_DEBUG_tx
                0x00000220       0x98 .\CortexM3\ARM_GCC_541\Debug\main.o
                0x00000220                isr_DEBUG_tx
 .text.ISR2_isr_DEBUG_rx
                0x000002b8       0x10 .\CortexM3\ARM_GCC_541\Debug\main.o
                0x000002b8                ISR2_isr_DEBUG_rx
 .text.isr_DEBUG_rx
                0x000002c8       0x98 .\CortexM3\ARM_GCC_541\Debug\main.o
                0x000002c8                isr_DEBUG_rx
 .text.trcUART_init
                0x00000360       0x18 .\CortexM3\ARM_GCC_541\Debug\trcStreamingPort.o
                0x00000360                trcUART_init
 .text.trcUARTReceive
                0x00000378       0x3c .\CortexM3\ARM_GCC_541\Debug\trcStreamingPort.o
                0x00000378                trcUARTReceive
 .text.trcUARTTransmit
                0x000003b4       0x48 .\CortexM3\ARM_GCC_541\Debug\trcStreamingPort.o
                0x000003b4                trcUARTTransmit
 .text.prvTraceGetCurrentTaskHandle
                0x000003fc       0x14 .\CortexM3\ARM_GCC_541\Debug\trcKernelPort.o
                0x000003fc                prvTraceGetCurrentTaskHandle
 .text.vTraceEnable
                0x00000410       0x98 .\CortexM3\ARM_GCC_541\Debug\trcKernelPort.o
                0x00000410                vTraceEnable
 .text.prvCheckRecorderStatus
                0x000004a8       0x9c .\CortexM3\ARM_GCC_541\Debug\trcKernelPort.o
                0x000004a8                prvCheckRecorderStatus
 .text.FuncTzCtrl
                0x00000544       0x48 .\CortexM3\ARM_GCC_541\Debug\trcKernelPort.o
                0x00000544                FuncTzCtrl
 .text.prvGetTimestamp32
                0x0000058c        0xc .\CortexM3\ARM_GCC_541\Debug\trcStreamingRecorder.o
 .text.prvAllocateBufferPage
                0x00000598       0x44 .\CortexM3\ARM_GCC_541\Debug\trcStreamingRecorder.o
 .text.prvPageReadComplete
                0x000005dc       0x48 .\CortexM3\ARM_GCC_541\Debug\trcStreamingRecorder.o
 .text.prvGetBufferPage
                0x00000624       0x78 .\CortexM3\ARM_GCC_541\Debug\trcStreamingRecorder.o
 .text.xTraceGetLastError
                0x0000069c       0xd8 .\CortexM3\ARM_GCC_541\Debug\trcStreamingRecorder.o
                0x0000069c                xTraceGetLastError
 .text.prvTraceSaveSymbol
                0x00000774       0x8c .\CortexM3\ARM_GCC_541\Debug\trcStreamingRecorder.o
                0x00000774                prvTraceSaveSymbol
 .text.prvTraceSaveObjectData
                0x00000800       0x6c .\CortexM3\ARM_GCC_541\Debug\trcStreamingRecorder.o
                0x00000800                prvTraceSaveObjectData
 .text.prvIsValidCommand
                0x0000086c       0x44 .\CortexM3\ARM_GCC_541\Debug\trcStreamingRecorder.o
                0x0000086c                prvIsValidCommand
 .text.prvPagedEventBufferGetWritePointer
                0x000008b0       0xb0 .\CortexM3\ARM_GCC_541\Debug\trcStreamingRecorder.o
                0x000008b0                prvPagedEventBufferGetWritePointer
 .text.prvTraceStoreHeader
                0x00000960       0x48 .\CortexM3\ARM_GCC_541\Debug\trcStreamingRecorder.o
 .text.prvTraceStoreSymbolTable
                0x000009a8       0x50 .\CortexM3\ARM_GCC_541\Debug\trcStreamingRecorder.o
 .text.prvTraceStoreObjectDataTable
                0x000009f8       0x50 .\CortexM3\ARM_GCC_541\Debug\trcStreamingRecorder.o
 .text.prvTraceStoreSimpleStringEventHelper
                0x00000a48       0xcc .\CortexM3\ARM_GCC_541\Debug\trcStreamingRecorder.o
                0x00000a48                prvTraceStoreSimpleStringEventHelper
 .text.vTracePrint
                0x00000b14        0x8 .\CortexM3\ARM_GCC_541\Debug\trcStreamingRecorder.o
                0x00000b14                vTracePrint
 .text.prvTraceStoreWarnings
                0x00000b1c       0x24 .\CortexM3\ARM_GCC_541\Debug\trcStreamingRecorder.o
 .text.prvTraceWarning
                0x00000b40       0x18 .\CortexM3\ARM_GCC_541\Debug\trcStreamingRecorder.o
                0x00000b40                prvTraceWarning
 .text.prvPagedEventBufferTransfer
                0x00000b58       0x58 .\CortexM3\ARM_GCC_541\Debug\trcStreamingRecorder.o
                0x00000b58                prvPagedEventBufferTransfer
 .text.prvPagedEventBufferInit
                0x00000bb0       0x48 .\CortexM3\ARM_GCC_541\Debug\trcStreamingRecorder.o
                0x00000bb0                prvPagedEventBufferInit
 .text.prvSetRecorderEnabled
                0x00000bf8       0x80 .\CortexM3\ARM_GCC_541\Debug\trcStreamingRecorder.o
 .text.prvProcessCommand
                0x00000c78       0x10 .\CortexM3\ARM_GCC_541\Debug\trcStreamingRecorder.o
                0x00000c78                prvProcessCommand
 .text.prvTraceError
                0x00000c88       0x30 .\CortexM3\ARM_GCC_541\Debug\trcStreamingRecorder.o
                0x00000c88                prvTraceError
 .text.prvTraceStoreStringEventHelper
                0x00000cb8       0xe8 .\CortexM3\ARM_GCC_541\Debug\trcStreamingRecorder.o
 .text.vTracePrintF
                0x00000da0       0x68 .\CortexM3\ARM_GCC_541\Debug\trcStreamingRecorder.o
                0x00000da0                vTracePrintF
 .text.prvTraceStoreStringEvent
                0x00000e08       0x34 .\CortexM3\ARM_GCC_541\Debug\trcStreamingRecorder.o
                0x00000e08                prvTraceStoreStringEvent
 .text.xTraceRegisterString
                0x00000e3c       0x1c .\CortexM3\ARM_GCC_541\Debug\trcStreamingRecorder.o
                0x00000e3c                xTraceRegisterString
 .text.xTraceSetISRProperties
                0x00000e58       0x28 .\CortexM3\ARM_GCC_541\Debug\trcStreamingRecorder.o
                0x00000e58                xTraceSetISRProperties
 .text.prvTraceStoreEvent1
                0x00000e80       0x5c .\CortexM3\ARM_GCC_541\Debug\trcStreamingRecorder.o
                0x00000e80                prvTraceStoreEvent1
 .text.prvTraceStoreEvent2
                0x00000edc       0x6c .\CortexM3\ARM_GCC_541\Debug\trcStreamingRecorder.o
                0x00000edc                prvTraceStoreEvent2
 .text.prvTraceStoreEvent3
                0x00000f48       0x70 .\CortexM3\ARM_GCC_541\Debug\trcStreamingRecorder.o
                0x00000f48                prvTraceStoreEvent3
 .text.prvTraceStoreEvent
                0x00000fb8       0x88 .\CortexM3\ARM_GCC_541\Debug\trcStreamingRecorder.o
                0x00000fb8                prvTraceStoreEvent
 .text.prvTraceStoreTSConfig
                0x00001040       0x38 .\CortexM3\ARM_GCC_541\Debug\trcStreamingRecorder.o
 .text.prvTraceInitCortexM
                0x00001078       0x58 .\CortexM3\ARM_GCC_541\Debug\trcStreamingRecorder.o
                0x00001078                prvTraceInitCortexM
 .text.LED_Set  0x000010d0       0x60 .\CortexM3\ARM_GCC_541\Debug\led.o
                0x000010d0                LED_Set
 .text.LED_Init
                0x00001130       0x34 .\CortexM3\ARM_GCC_541\Debug\led.o
                0x00001130                LED_Init
 .text.LED_Toggle
                0x00001164       0x84 .\CortexM3\ARM_GCC_541\Debug\led.o
                0x00001164                LED_Toggle
 .text.RB_clear
                0x000011e8       0x2c .\CortexM3\ARM_GCC_541\Debug\ringbuffer.o
                0x000011e8                RB_clear
 .text.RB_init  0x00001214        0x8 .\CortexM3\ARM_GCC_541\Debug\ringbuffer.o
                0x00001214                RB_init
 .text.RB_write
                0x0000121c       0x44 .\CortexM3\ARM_GCC_541\Debug\ringbuffer.o
                0x0000121c                RB_write
 .text.RB_read  0x00001260       0x44 .\CortexM3\ARM_GCC_541\Debug\ringbuffer.o
                0x00001260                RB_read
 .text.RB_getCapacity
                0x000012a4        0xc .\CortexM3\ARM_GCC_541\Debug\ringbuffer.o
                0x000012a4                RB_getCapacity
 .text.RB_getNumberOfStoredElements
                0x000012b0        0x8 .\CortexM3\ARM_GCC_541\Debug\ringbuffer.o
                0x000012b0                RB_getNumberOfStoredElements
 .text.UART_init
                0x000012b8       0x18 .\CortexM3\ARM_GCC_541\Debug\uart.o
                0x000012b8                UART_init
 .text.UART_writeString
                0x000012d0       0x58 .\CortexM3\ARM_GCC_541\Debug\uart.o
                0x000012d0                UART_writeString
 .text.UART_TX_isrHandler
                0x00001328       0x30 .\CortexM3\ARM_GCC_541\Debug\uart.o
                0x00001328                UART_TX_isrHandler
 .text.UART_RX_isrHandler
                0x00001358       0x2c .\CortexM3\ARM_GCC_541\Debug\uart.o
                0x00001358                UART_RX_isrHandler
 .text.CyClockStartupError
                0x00001384        0x4 .\CortexM3\ARM_GCC_541\Debug\cyfitter_cfg.o
 .text.cfg_write_bytes32
                0x00001388       0x34 .\CortexM3\ARM_GCC_541\Debug\cyfitter_cfg.o
 .text.AnalogSetDefault
                0x000013bc       0x28 .\CortexM3\ARM_GCC_541\Debug\cyfitter_cfg.o
 .text.ClockSetup
                0x000013e4       0xcc .\CortexM3\ARM_GCC_541\Debug\cyfitter_cfg.o
 .text.CYMEMZERO
                0x000014b0        0xc .\CortexM3\ARM_GCC_541\Debug\cyfitter_cfg.o
 .text.CYCONFIGCPY
                0x000014bc        0x8 .\CortexM3\ARM_GCC_541\Debug\cyfitter_cfg.o
 .text.cyfitter_cfg
                0x000014c4      0x128 .\CortexM3\ARM_GCC_541\Debug\cyfitter_cfg.o
                0x000014c4                cyfitter_cfg
 .text.IntDefaultHandler
                0x000015ec       0x10 .\CortexM3\ARM_GCC_541\Debug\Cm3Start.o
                0x000015ec                IntDefaultHandler
 .text.Start_c  0x000015fc       0x4c .\CortexM3\ARM_GCC_541\Debug\Cm3Start.o
                0x000015fc                Start_c
 .text.initialize_psoc
                0x00001648       0x68 .\CortexM3\ARM_GCC_541\Debug\Cm3Start.o
                0x00001648                initialize_psoc
 .text.EE_oo_ActivateTask
                0x000016b0       0xe8 .\CortexM3\ARM_GCC_541\Debug\w06_criticalRegion.a(ErikaOS_1_ee_activate.o)
                0x000016b0                EE_oo_ActivateTask
 .text.EE_oo_handle_action_callback
                0x00001798        0xc .\CortexM3\ARM_GCC_541\Debug\w06_criticalRegion.a(ErikaOS_1_ee_altick.o)
 .text.EE_oo_handle_action_task
                0x000017a4       0x4c .\CortexM3\ARM_GCC_541\Debug\w06_criticalRegion.a(ErikaOS_1_ee_altick.o)
 .text.EE_oo_handle_action_event
                0x000017f0       0x60 .\CortexM3\ARM_GCC_541\Debug\w06_criticalRegion.a(ErikaOS_1_ee_altick.o)
 .text.EE_oo_handle_action
                0x00001850       0x28 .\CortexM3\ARM_GCC_541\Debug\w06_criticalRegion.a(ErikaOS_1_ee_altick.o)
 .text.EE_oo_counter_object_insert
                0x00001878       0x9c .\CortexM3\ARM_GCC_541\Debug\w06_criticalRegion.a(ErikaOS_1_ee_altick.o)
                0x00001878                EE_oo_counter_object_insert
 .text.EE_oo_IncrementCounterImplementation
                0x00001914      0x120 .\CortexM3\ARM_GCC_541\Debug\w06_criticalRegion.a(ErikaOS_1_ee_altick.o)
                0x00001914                EE_oo_IncrementCounterImplementation
 .text.EE_oo_IncrementCounter
                0x00001a34       0xb8 .\CortexM3\ARM_GCC_541\Debug\w06_criticalRegion.a(ErikaOS_1_ee_altick.o)
                0x00001a34                EE_oo_IncrementCounter
 .text.EE_oo_ClearEvent
                0x00001aec       0x60 .\CortexM3\ARM_GCC_541\Debug\w06_criticalRegion.a(ErikaOS_1_ee_evclear.o)
                0x00001aec                EE_oo_ClearEvent
 .text.EE_oo_GetEvent
                0x00001b4c       0x50 .\CortexM3\ARM_GCC_541\Debug\w06_criticalRegion.a(ErikaOS_1_ee_evget.o)
                0x00001b4c                EE_oo_GetEvent
 .text.EE_oo_SetEvent
                0x00001b9c      0x12c .\CortexM3\ARM_GCC_541\Debug\w06_criticalRegion.a(ErikaOS_1_ee_evset.o)
                0x00001b9c                EE_oo_SetEvent
 .text.EE_oo_WaitEvent
                0x00001cc8      0x140 .\CortexM3\ARM_GCC_541\Debug\w06_criticalRegion.a(ErikaOS_1_ee_evwait.o)
                0x00001cc8                EE_oo_WaitEvent
 .text.EE_oo_GetTaskID
                0x00001e08       0x14 .\CortexM3\ARM_GCC_541\Debug\w06_criticalRegion.a(ErikaOS_1_ee_gettaskid.o)
                0x00001e08                EE_oo_GetTaskID
 .text.EE_IRQ_run_next_task
                0x00001e1c       0x54 .\CortexM3\ARM_GCC_541\Debug\w06_criticalRegion.a(ErikaOS_1_ee_irqendin.o)
 .text.EE_IRQ_end_instance
                0x00001e70       0x68 .\CortexM3\ARM_GCC_541\Debug\w06_criticalRegion.a(ErikaOS_1_ee_irqendin.o)
                0x00001e70                EE_IRQ_end_instance
 .text.EE_IRQ_end_post_stub
                0x00001ed8       0x14 .\CortexM3\ARM_GCC_541\Debug\w06_criticalRegion.a(ErikaOS_1_ee_irqendin.o)
                0x00001ed8                EE_IRQ_end_post_stub
 .text.EE_rq2stk_exchange
                0x00001eec       0x88 .\CortexM3\ARM_GCC_541\Debug\w06_criticalRegion.a(ErikaOS_1_ee_rq_exchg.o)
                0x00001eec                EE_rq2stk_exchange
 .text.EE_rq_queryfirst
                0x00001f74       0x44 .\CortexM3\ARM_GCC_541\Debug\w06_criticalRegion.a(ErikaOS_1_ee_rq_first.o)
                0x00001f74                EE_rq_queryfirst
 .text.EE_rq_insert
                0x00001fb8       0x74 .\CortexM3\ARM_GCC_541\Debug\w06_criticalRegion.a(ErikaOS_1_ee_rq_inser.o)
                0x00001fb8                EE_rq_insert
 .text.compute_task_tid
                0x0000202c       0x10 .\CortexM3\ARM_GCC_541\Debug\w06_criticalRegion.a(ErikaOS_1_ee_startos.o)
 .text.EE_oo_start_os
                0x0000203c        0xc .\CortexM3\ARM_GCC_541\Debug\w06_criticalRegion.a(ErikaOS_1_ee_startos.o)
 .text.EE_oo_creatTaskInfo
                0x00002048       0xc8 .\CortexM3\ARM_GCC_541\Debug\w06_criticalRegion.a(ErikaOS_1_ee_startos.o)
 .text.EE_oo_autostart_tasks
                0x00002110       0x60 .\CortexM3\ARM_GCC_541\Debug\w06_criticalRegion.a(ErikaOS_1_ee_startos.o)
 .text.EE_oo_autostart_os
                0x00002170        0xc .\CortexM3\ARM_GCC_541\Debug\w06_criticalRegion.a(ErikaOS_1_ee_startos.o)
 .text.EE_oo_StartOS
                0x0000217c       0x90 .\CortexM3\ARM_GCC_541\Debug\w06_criticalRegion.a(ErikaOS_1_ee_startos.o)
                0x0000217c                EE_oo_StartOS
 .text.EE_oo_TerminateTask
                0x0000220c       0x50 .\CortexM3\ARM_GCC_541\Debug\w06_criticalRegion.a(ErikaOS_1_ee_terminat.o)
                0x0000220c                EE_oo_TerminateTask
 .text.EE_system_init
                0x0000225c       0x74 .\CortexM3\ARM_GCC_541\Debug\w06_criticalRegion.a(ErikaOS_1_cortex_mx_ee_utils.o)
                0x0000225c                EE_system_init
 .text.LED_red_Write
                0x000022d0       0x18 .\CortexM3\ARM_GCC_541\Debug\w06_criticalRegion.a(LED_red.o)
                0x000022d0                LED_red_Write
 .text.LED_yellow_Write
                0x000022e8       0x18 .\CortexM3\ARM_GCC_541\Debug\w06_criticalRegion.a(LED_yellow.o)
                0x000022e8                LED_yellow_Write
 .text.LED_green_Write
                0x00002300       0x18 .\CortexM3\ARM_GCC_541\Debug\w06_criticalRegion.a(LED_green.o)
                0x00002300                LED_green_Write
 .text.UART_LOG_Init
                0x00002318       0x2c .\CortexM3\ARM_GCC_541\Debug\w06_criticalRegion.a(UART_LOG.o)
                0x00002318                UART_LOG_Init
 .text.UART_LOG_Enable
                0x00002344       0x38 .\CortexM3\ARM_GCC_541\Debug\w06_criticalRegion.a(UART_LOG.o)
                0x00002344                UART_LOG_Enable
 .text.UART_LOG_Start
                0x0000237c       0x1c .\CortexM3\ARM_GCC_541\Debug\w06_criticalRegion.a(UART_LOG.o)
                0x0000237c                UART_LOG_Start
 .text.UART_LOG_GetChar
                0x00002398       0x2c .\CortexM3\ARM_GCC_541\Debug\w06_criticalRegion.a(UART_LOG.o)
                0x00002398                UART_LOG_GetChar
 .text.UART_LOG_WriteTxData
                0x000023c4       0x14 .\CortexM3\ARM_GCC_541\Debug\w06_criticalRegion.a(UART_LOG.o)
                0x000023c4                UART_LOG_WriteTxData
 .text.RGB_PWM_red_Enable
                0x000023d8       0x10 .\CortexM3\ARM_GCC_541\Debug\w06_criticalRegion.a(RGB_PWM_red.o)
                0x000023d8                RGB_PWM_red_Enable
 .text.RGB_PWM_red_WriteCounter
                0x000023e8        0xc .\CortexM3\ARM_GCC_541\Debug\w06_criticalRegion.a(RGB_PWM_red.o)
                0x000023e8                RGB_PWM_red_WriteCounter
 .text.RGB_PWM_red_WritePeriod
                0x000023f4        0xc .\CortexM3\ARM_GCC_541\Debug\w06_criticalRegion.a(RGB_PWM_red.o)
                0x000023f4                RGB_PWM_red_WritePeriod
 .text.RGB_PWM_red_WriteCompare
                0x00002400        0xc .\CortexM3\ARM_GCC_541\Debug\w06_criticalRegion.a(RGB_PWM_red.o)
                0x00002400                RGB_PWM_red_WriteCompare
 .text.RGB_PWM_red_Init
                0x0000240c       0x40 .\CortexM3\ARM_GCC_541\Debug\w06_criticalRegion.a(RGB_PWM_red.o)
                0x0000240c                RGB_PWM_red_Init
 .text.RGB_PWM_red_Start
                0x0000244c       0x1c .\CortexM3\ARM_GCC_541\Debug\w06_criticalRegion.a(RGB_PWM_red.o)
                0x0000244c                RGB_PWM_red_Start
 .text.RGB_PWM_green_Enable
                0x00002468       0x10 .\CortexM3\ARM_GCC_541\Debug\w06_criticalRegion.a(RGB_PWM_green.o)
                0x00002468                RGB_PWM_green_Enable
 .text.RGB_PWM_green_WriteCounter
                0x00002478        0xc .\CortexM3\ARM_GCC_541\Debug\w06_criticalRegion.a(RGB_PWM_green.o)
                0x00002478                RGB_PWM_green_WriteCounter
 .text.RGB_PWM_green_WritePeriod
                0x00002484        0xc .\CortexM3\ARM_GCC_541\Debug\w06_criticalRegion.a(RGB_PWM_green.o)
                0x00002484                RGB_PWM_green_WritePeriod
 .text.RGB_PWM_green_WriteCompare
                0x00002490        0xc .\CortexM3\ARM_GCC_541\Debug\w06_criticalRegion.a(RGB_PWM_green.o)
                0x00002490                RGB_PWM_green_WriteCompare
 .text.RGB_PWM_green_Init
                0x0000249c       0x40 .\CortexM3\ARM_GCC_541\Debug\w06_criticalRegion.a(RGB_PWM_green.o)
                0x0000249c                RGB_PWM_green_Init
 .text.RGB_PWM_green_Start
                0x000024dc       0x1c .\CortexM3\ARM_GCC_541\Debug\w06_criticalRegion.a(RGB_PWM_green.o)
                0x000024dc                RGB_PWM_green_Start
 .text.RGB_PWM_blue_Enable
                0x000024f8       0x10 .\CortexM3\ARM_GCC_541\Debug\w06_criticalRegion.a(RGB_PWM_blue.o)
                0x000024f8                RGB_PWM_blue_Enable
 .text.RGB_PWM_blue_WriteCounter
                0x00002508        0xc .\CortexM3\ARM_GCC_541\Debug\w06_criticalRegion.a(RGB_PWM_blue.o)
                0x00002508                RGB_PWM_blue_WriteCounter
 .text.RGB_PWM_blue_WritePeriod
                0x00002514        0xc .\CortexM3\ARM_GCC_541\Debug\w06_criticalRegion.a(RGB_PWM_blue.o)
                0x00002514                RGB_PWM_blue_WritePeriod
 .text.RGB_PWM_blue_WriteCompare
                0x00002520        0xc .\CortexM3\ARM_GCC_541\Debug\w06_criticalRegion.a(RGB_PWM_blue.o)
                0x00002520                RGB_PWM_blue_WriteCompare
 .text.RGB_PWM_blue_Init
                0x0000252c       0x40 .\CortexM3\ARM_GCC_541\Debug\w06_criticalRegion.a(RGB_PWM_blue.o)
                0x0000252c                RGB_PWM_blue_Init
 .text.RGB_PWM_blue_Start
                0x0000256c       0x1c .\CortexM3\ARM_GCC_541\Debug\w06_criticalRegion.a(RGB_PWM_blue.o)
                0x0000256c                RGB_PWM_blue_Start
 .text.UART_LOG_IntClock_Start
                0x00002588       0x1c .\CortexM3\ARM_GCC_541\Debug\w06_criticalRegion.a(UART_LOG_IntClock.o)
                0x00002588                UART_LOG_IntClock_Start
 .text.CyHalt   0x000025a4        0x4 .\CortexM3\ARM_GCC_541\Debug\w06_criticalRegion.a(CyLib.o)
                0x000025a4                CyHalt
 .text.CyDelayUs
                0x000025a8       0x14 .\CortexM3\ARM_GCC_541\Debug\w06_criticalRegion.a(CyLib.o)
                0x000025a8                CyDelayUs
 .text.CyIntSetVector
                0x000025bc       0x28 .\CortexM3\ARM_GCC_541\Debug\w06_criticalRegion.a(CyLib.o)
                0x000025bc                CyIntSetVector
 .text.CyIntSetPriority
                0x000025e4       0x30 .\CortexM3\ARM_GCC_541\Debug\w06_criticalRegion.a(CyLib.o)
                0x000025e4                CyIntSetPriority
 .text.CyGetUniqueId
                0x00002614       0x70 .\CortexM3\ARM_GCC_541\Debug\w06_criticalRegion.a(CyLib.o)
                0x00002614                CyGetUniqueId
 .text.USBUART_Init
                0x00002684      0x140 .\CortexM3\ARM_GCC_541\Debug\w06_criticalRegion.a(USBUART.o)
                0x00002684                USBUART_Init
 .text.USBUART_InitComponent
                0x000027c4       0xb8 .\CortexM3\ARM_GCC_541\Debug\w06_criticalRegion.a(USBUART.o)
                0x000027c4                USBUART_InitComponent
 .text.USBUART_Start
                0x0000287c       0x24 .\CortexM3\ARM_GCC_541\Debug\w06_criticalRegion.a(USBUART.o)
                0x0000287c                USBUART_Start
 .text.USBUART_ReInitComponent
                0x000028a0       0x4c .\CortexM3\ARM_GCC_541\Debug\w06_criticalRegion.a(USBUART.o)
                0x000028a0                USBUART_ReInitComponent
 .text.USBUART_GetConfiguration
                0x000028ec        0xc .\CortexM3\ARM_GCC_541\Debug\w06_criticalRegion.a(USBUART.o)
                0x000028ec                USBUART_GetConfiguration
 .text.USBUART_IsConfigurationChanged
                0x000028f8       0x20 .\CortexM3\ARM_GCC_541\Debug\w06_criticalRegion.a(USBUART.o)
                0x000028f8                USBUART_IsConfigurationChanged
 .text.USBUART_GetEPState
                0x00002918       0x14 .\CortexM3\ARM_GCC_541\Debug\w06_criticalRegion.a(USBUART.o)
                0x00002918                USBUART_GetEPState
 .text.USBUART_GetEPCount
                0x0000292c       0x28 .\CortexM3\ARM_GCC_541\Debug\w06_criticalRegion.a(USBUART.o)
                0x0000292c                USBUART_GetEPCount
 .text.USBUART_LoadInEP
                0x00002954       0x94 .\CortexM3\ARM_GCC_541\Debug\w06_criticalRegion.a(USBUART.o)
                0x00002954                USBUART_LoadInEP
 .text.USBUART_EnableOutEP
                0x000029e8       0x2c .\CortexM3\ARM_GCC_541\Debug\w06_criticalRegion.a(USBUART.o)
                0x000029e8                USBUART_EnableOutEP
 .text.USBUART_ReadOutEP
                0x00002a14       0x50 .\CortexM3\ARM_GCC_541\Debug\w06_criticalRegion.a(USBUART.o)
                0x00002a14                USBUART_ReadOutEP
 .text.USBUART_GetInterfaceComPort
                0x00002a64       0x38 .\CortexM3\ARM_GCC_541\Debug\w06_criticalRegion.a(USBUART_cdc.o)
                0x00002a64                USBUART_GetInterfaceComPort
 .text.USBUART_DispatchCDCClassRqst
                0x00002a9c       0x98 .\CortexM3\ARM_GCC_541\Debug\w06_criticalRegion.a(USBUART_cdc.o)
                0x00002a9c                USBUART_DispatchCDCClassRqst
 .text.USBUART_CDC_Init
                0x00002b34       0x98 .\CortexM3\ARM_GCC_541\Debug\w06_criticalRegion.a(USBUART_cdc.o)
                0x00002b34                USBUART_CDC_Init
 .text.USBUART_PutData
                0x00002bcc       0x50 .\CortexM3\ARM_GCC_541\Debug\w06_criticalRegion.a(USBUART_cdc.o)
                0x00002bcc                USBUART_PutData
 .text.USBUART_DataIsReady
                0x00002c1c       0x18 .\CortexM3\ARM_GCC_541\Debug\w06_criticalRegion.a(USBUART_cdc.o)
                0x00002c1c                USBUART_DataIsReady
 .text.USBUART_CDCIsReady
                0x00002c34       0x18 .\CortexM3\ARM_GCC_541\Debug\w06_criticalRegion.a(USBUART_cdc.o)
                0x00002c34                USBUART_CDCIsReady
 .text.USBUART_GetAll
                0x00002c4c       0x30 .\CortexM3\ARM_GCC_541\Debug\w06_criticalRegion.a(USBUART_cdc.o)
                0x00002c4c                USBUART_GetAll
 .text.USBUART_Cdc_EpInit
                0x00002c7c       0x50 .\CortexM3\ARM_GCC_541\Debug\w06_criticalRegion.a(USBUART_cdc.o)
                0x00002c7c                USBUART_Cdc_EpInit
 .text.USBUART_LoadEP0
                0x00002ccc       0x98 .\CortexM3\ARM_GCC_541\Debug\w06_criticalRegion.a(USBUART_drv.o)
                0x00002ccc                USBUART_LoadEP0
 .text.USBUART_InitZeroLengthControlTransfer
                0x00002d64       0x34 .\CortexM3\ARM_GCC_541\Debug\w06_criticalRegion.a(USBUART_drv.o)
                0x00002d64                USBUART_InitZeroLengthControlTransfer
 .text.USBUART_ControlReadDataStage
                0x00002d98        0x8 .\CortexM3\ARM_GCC_541\Debug\w06_criticalRegion.a(USBUART_drv.o)
                0x00002d98                USBUART_ControlReadDataStage
 .text.USBUART_ControlWriteDataStage
                0x00002da0       0x84 .\CortexM3\ARM_GCC_541\Debug\w06_criticalRegion.a(USBUART_drv.o)
                0x00002da0                USBUART_ControlWriteDataStage
 .text.USBUART_InitNoDataControlTransfer
                0x00002e24       0x2c .\CortexM3\ARM_GCC_541\Debug\w06_criticalRegion.a(USBUART_drv.o)
                0x00002e24                USBUART_InitNoDataControlTransfer
 .text.USBUART_UpdateStatusBlock
                0x00002e50       0x24 .\CortexM3\ARM_GCC_541\Debug\w06_criticalRegion.a(USBUART_drv.o)
                0x00002e50                USBUART_UpdateStatusBlock
 .text.USBUART_HandleSetup
                0x00002e74       0x5c .\CortexM3\ARM_GCC_541\Debug\w06_criticalRegion.a(USBUART_drv.o)
                0x00002e74                USBUART_HandleSetup
 .text.USBUART_ControlReadStatusStage
                0x00002ed0       0x38 .\CortexM3\ARM_GCC_541\Debug\w06_criticalRegion.a(USBUART_drv.o)
                0x00002ed0                USBUART_ControlReadStatusStage
 .text.USBUART_HandleOUT
                0x00002f08       0x38 .\CortexM3\ARM_GCC_541\Debug\w06_criticalRegion.a(USBUART_drv.o)
                0x00002f08                USBUART_HandleOUT
 .text.USBUART_ControlWriteStatusStage
                0x00002f40       0x20 .\CortexM3\ARM_GCC_541\Debug\w06_criticalRegion.a(USBUART_drv.o)
                0x00002f40                USBUART_ControlWriteStatusStage
 .text.USBUART_NoDataControlStatusStage
                0x00002f60       0x40 .\CortexM3\ARM_GCC_541\Debug\w06_criticalRegion.a(USBUART_drv.o)
                0x00002f60                USBUART_NoDataControlStatusStage
 .text.USBUART_HandleIN
                0x00002fa0       0x2c .\CortexM3\ARM_GCC_541\Debug\w06_criticalRegion.a(USBUART_drv.o)
                0x00002fa0                USBUART_HandleIN
 .text.USBUART_EP_0_ISR
                0x00002fcc       0xb8 .\CortexM3\ARM_GCC_541\Debug\w06_criticalRegion.a(USBUART_drv.o)
                0x00002fcc                USBUART_EP_0_ISR
 .text.USBUART_InitializeStatusBlock
                0x00003084       0x24 .\CortexM3\ARM_GCC_541\Debug\w06_criticalRegion.a(USBUART_drv.o)
                0x00003084                USBUART_InitializeStatusBlock
 .text.USBUART_InitControlRead
                0x000030a8       0x50 .\CortexM3\ARM_GCC_541\Debug\w06_criticalRegion.a(USBUART_drv.o)
                0x000030a8                USBUART_InitControlRead
 .text.USBUART_InitControlWrite
                0x000030f8       0x48 .\CortexM3\ARM_GCC_541\Debug\w06_criticalRegion.a(USBUART_drv.o)
                0x000030f8                USBUART_InitControlWrite
 .text.USBUART_EP_1_ISR
                0x00003140       0x30 .\CortexM3\ARM_GCC_541\Debug\w06_criticalRegion.a(USBUART_episr.o)
                0x00003140                USBUART_EP_1_ISR
 .text.USBUART_EP_2_ISR
                0x00003170       0x34 .\CortexM3\ARM_GCC_541\Debug\w06_criticalRegion.a(USBUART_episr.o)
                0x00003170                USBUART_EP_2_ISR
 .text.USBUART_EP_3_ISR
                0x000031a4       0x3c .\CortexM3\ARM_GCC_541\Debug\w06_criticalRegion.a(USBUART_episr.o)
                0x000031a4                USBUART_EP_3_ISR
 .text.USBUART_SOF_ISR
                0x000031e0        0x4 .\CortexM3\ARM_GCC_541\Debug\w06_criticalRegion.a(USBUART_episr.o)
                0x000031e0                USBUART_SOF_ISR
 .text.USBUART_BUS_RESET_ISR
                0x000031e4        0x8 .\CortexM3\ARM_GCC_541\Debug\w06_criticalRegion.a(USBUART_episr.o)
                0x000031e4                USBUART_BUS_RESET_ISR
 .text.USBUART_DP_ISR
                0x000031ec        0x8 .\CortexM3\ARM_GCC_541\Debug\w06_criticalRegion.a(USBUART_pm.o)
                0x000031ec                USBUART_DP_ISR
 .text.USBUART_ReadDieID
                0x000031f4       0x6c .\CortexM3\ARM_GCC_541\Debug\w06_criticalRegion.a(USBUART_std.o)
                0x000031f4                USBUART_ReadDieID
 .text.USBUART_ConfigReg
                0x00003260       0xa4 .\CortexM3\ARM_GCC_541\Debug\w06_criticalRegion.a(USBUART_std.o)
                0x00003260                USBUART_ConfigReg
 .text.USBUART_GetConfigTablePtr
                0x00003304       0x28 .\CortexM3\ARM_GCC_541\Debug\w06_criticalRegion.a(USBUART_std.o)
                0x00003304                USBUART_GetConfigTablePtr
 .text.USBUART_ConfigAltChanged
                0x0000332c      0x11c .\CortexM3\ARM_GCC_541\Debug\w06_criticalRegion.a(USBUART_std.o)
                0x0000332c                USBUART_ConfigAltChanged
 .text.USBUART_GetDeviceTablePtr
                0x00003448       0x18 .\CortexM3\ARM_GCC_541\Debug\w06_criticalRegion.a(USBUART_std.o)
                0x00003448                USBUART_GetDeviceTablePtr
 .text.USBUART_GetInterfaceClassTablePtr
                0x00003460       0x28 .\CortexM3\ARM_GCC_541\Debug\w06_criticalRegion.a(USBUART_std.o)
                0x00003460                USBUART_GetInterfaceClassTablePtr
 .text.USBUART_Config
                0x00003488      0x1ec .\CortexM3\ARM_GCC_541\Debug\w06_criticalRegion.a(USBUART_std.o)
                0x00003488                USBUART_Config
 .text.USBUART_SetEndpointHalt
                0x00003674       0x64 .\CortexM3\ARM_GCC_541\Debug\w06_criticalRegion.a(USBUART_std.o)
                0x00003674                USBUART_SetEndpointHalt
 .text.USBUART_ClearEndpointHalt
                0x000036d8       0xac .\CortexM3\ARM_GCC_541\Debug\w06_criticalRegion.a(USBUART_std.o)
                0x000036d8                USBUART_ClearEndpointHalt
 .text.USBUART_ValidateAlternateSetting
                0x00003784       0x4c .\CortexM3\ARM_GCC_541\Debug\w06_criticalRegion.a(USBUART_std.o)
                0x00003784                USBUART_ValidateAlternateSetting
 .text.USBUART_HandleStandardRqst
                0x000037d0      0x354 .\CortexM3\ARM_GCC_541\Debug\w06_criticalRegion.a(USBUART_std.o)
                0x000037d0                USBUART_HandleStandardRqst
 .text.USBUART_HandleVendorRqst
                0x00003b24       0x18 .\CortexM3\ARM_GCC_541\Debug\w06_criticalRegion.a(USBUART_vnd.o)
                0x00003b24                USBUART_HandleVendorRqst
 .text.USBUART_Dp_ClearInterrupt
                0x00003b3c       0x10 .\CortexM3\ARM_GCC_541\Debug\w06_criticalRegion.a(USBUART_Dp.o)
                0x00003b3c                USBUART_Dp_ClearInterrupt
 .text          0x00003b4c       0x7c .\CortexM3\ARM_GCC_541\Debug\w06_criticalRegion.a(ErikaOS_1_ee_gnu_change_context_isr.o)
                0x00003b4c                EE_set_switch_context_pri
                0x00003b66                EE_switch_context
                0x00003b70                EE_cortex_mx_pendsv_ISR
                0x00003bac                EE_cortex_mx_svc_ISR
 .text          0x00003bc8       0x24 .\CortexM3\ARM_GCC_541\Debug\w06_criticalRegion.a(ErikaOS_1_ee_gnu_irq_stack.o)
                0x00003bc8                EE_cortex_mx_change_IRQ_stack
                0x00003bda                EE_cortex_mx_change_IRQ_stack_back
 .text          0x00003bec       0x68 .\CortexM3\ARM_GCC_541\Debug\w06_criticalRegion.a(ErikaOS_1_ee_gnu_multi_context.o)
                0x00003bec                EE_cortex_mx_change_context
 .text          0x00003c54       0x80 .\CortexM3\ARM_GCC_541\Debug\w06_criticalRegion.a(ErikaOS_1_ee_gnu_oo.o)
                0x00003c54                EE_hal_terminate_savestk
                0x00003c9e                EE_hal_terminate_task
 *fill*         0x00003cd4        0x4 
 .text          0x00003cd8       0x20 .\CortexM3\ARM_GCC_541\Debug\w06_criticalRegion.a(CyBootAsmGnu.o)
                0x00003cd8                CyDelayCycles
                0x00003ce8                CyEnterCriticalSection
                0x00003cf0                CyExitCriticalSection
 .text.EE_thread_not_terminated
                0x00003cf8       0x18 .\CortexM3\ARM_GCC_541\Debug\w06_criticalRegion.a(ErikaOS_1_ee_tnterm.o)
                0x00003cf8                EE_thread_not_terminated
 .text.EE_oo_thread_stub
                0x00003d10       0x30 .\CortexM3\ARM_GCC_541\Debug\w06_criticalRegion.a(ErikaOS_1_ee_tstub.o)
                0x00003d10                EE_oo_thread_stub
 .text.EE_oo_release_all_resources
                0x00003d40       0x58 .\CortexM3\ARM_GCC_541\Debug\w06_criticalRegion.a(ErikaOS_1_ee_ulockallres.o)
                0x00003d40                EE_oo_release_all_resources
 .text.EE_std_run_task_code
                0x00003d98       0x18 .\CortexM3\ARM_GCC_541\Debug\w06_criticalRegion.a(ErikaOS_1_cortex_mx_ee_context.o)
                0x00003d98                EE_std_run_task_code
 .text.EE_std_need_context_change
                0x00003db0       0x28 .\CortexM3\ARM_GCC_541\Debug\w06_criticalRegion.a(ErikaOS_1_cortex_mx_ee_context.o)
                0x00003db0                EE_std_need_context_change
 .text.USBUART_DispatchClassRqst
                0x00003dd8       0x60 .\CortexM3\ARM_GCC_541\Debug\w06_criticalRegion.a(USBUART_cls.o)
                0x00003dd8                USBUART_DispatchClassRqst
 .text.EE_thread_rnact_max
                0x00003e38       0x20 .\CortexM3\ARM_GCC_541\Debug\w06_criticalRegion.a(ErikaOS_1_ee_thendin.o)
 .text.EE_thread_endcycle_next
                0x00003e58       0x54 .\CortexM3\ARM_GCC_541\Debug\w06_criticalRegion.a(ErikaOS_1_ee_thendin.o)
 .text.EE_thread_end_instance
                0x00003eac      0x140 .\CortexM3\ARM_GCC_541\Debug\w06_criticalRegion.a(ErikaOS_1_ee_thendin.o)
                0x00003eac                EE_thread_end_instance
 .text.__errno  0x00003fec        0xc c:/program files (x86)/cypress/psoc creator/4.4/psoc creator/import/gnu/arm/5.4.1/bin/../lib/gcc/arm-none-eabi/5.4.1/../../../../arm-none-eabi/lib/armv7-m\libg_nano.a(lib_a-errno.o)
                0x00003fec                __errno
 .text.__libc_init_array
                0x00003ff8       0x4c c:/program files (x86)/cypress/psoc creator/4.4/psoc creator/import/gnu/arm/5.4.1/bin/../lib/gcc/arm-none-eabi/5.4.1/../../../../arm-none-eabi/lib/armv7-m\libg_nano.a(lib_a-init.o)
                0x00003ff8                __libc_init_array
 .text.memcpy   0x00004044       0x16 c:/program files (x86)/cypress/psoc creator/4.4/psoc creator/import/gnu/arm/5.4.1/bin/../lib/gcc/arm-none-eabi/5.4.1/../../../../arm-none-eabi/lib/armv7-m\libg_nano.a(lib_a-memcpy-stub.o)
                0x00004044                memcpy
 .text.memset   0x0000405a       0x10 c:/program files (x86)/cypress/psoc creator/4.4/psoc creator/import/gnu/arm/5.4.1/bin/../lib/gcc/arm-none-eabi/5.4.1/../../../../arm-none-eabi/lib/armv7-m\libg_nano.a(lib_a-memset.o)
                0x0000405a                memset
 .text          0x0000406a       0x10 c:/program files (x86)/cypress/psoc creator/4.4/psoc creator/import/gnu/arm/5.4.1/bin/../lib/gcc/arm-none-eabi/5.4.1/../../../../arm-none-eabi/lib/armv7-m\libg_nano.a(lib_a-strlen.o)
                0x0000406a                strlen
 *(.plt)
 *(.gnu.warning)
 *(.glue_7t)
 .glue_7t       0x0000407a        0x0 linker stubs
 *(.glue_7)
 .glue_7        0x0000407a        0x0 linker stubs
 *(.vfp11_veneer)
 .vfp11_veneer  0x0000407a        0x0 linker stubs
 *(.bootloader)
 *(.ARM.extab* .gnu.linkonce.armextab.*)
 *(.gcc_except_table)

.v4_bx          0x0000407c        0x0
 .v4_bx         0x0000407c        0x0 linker stubs

.iplt           0x0000407c        0x0
 .iplt          0x0000407c        0x0 c:/program files (x86)/cypress/psoc creator/4.4/psoc creator/import/gnu/arm/5.4.1/bin/../lib/gcc/arm-none-eabi/5.4.1/armv7-m/crtbegin.o

.eh_frame_hdr
 *(.eh_frame_hdr)

.eh_frame       0x0000407c        0x4
 *(.eh_frame)
 .eh_frame      0x0000407c        0x0 c:/program files (x86)/cypress/psoc creator/4.4/psoc creator/import/gnu/arm/5.4.1/bin/../lib/gcc/arm-none-eabi/5.4.1/armv7-m/crtbegin.o
 .eh_frame      0x0000407c        0x4 c:/program files (x86)/cypress/psoc creator/4.4/psoc creator/import/gnu/arm/5.4.1/bin/../lib/gcc/arm-none-eabi/5.4.1/armv7-m/crtend.o
                [!provide]                PROVIDE (__exidx_start, .)

.ARM.exidx
 *(.ARM.exidx* .gnu.linkonce.armexidx.*)
                0x00004080                __exidx_end = .

.rodata         0x00004080      0x780
 *(.rodata .rodata.* .gnu.linkonce.r.*)
 .rodata.str1.4
                0x00004080       0x56 .\CortexM3\ARM_GCC_541\Debug\main.o
 *fill*         0x000040d6        0x2 
 .rodata.str1.4
                0x000040d8       0x17 .\CortexM3\ARM_GCC_541\Debug\trcKernelPort.o
 *fill*         0x000040ef        0x1 
 .rodata.str1.4
                0x000040f0      0x248 .\CortexM3\ARM_GCC_541\Debug\trcStreamingRecorder.o
 .rodata        0x00004338       0x36 .\CortexM3\ARM_GCC_541\Debug\cyfitter_cfg.o
 *fill*         0x0000436e        0x2 
 .rodata        0x00004370      0x100 .\CortexM3\ARM_GCC_541\Debug\w06_criticalRegion.a(ErikaOS_1_ee_lookup.o)
                0x00004370                EE_rq_lookup
 .rodata        0x00004470      0x148 .\CortexM3\ARM_GCC_541\Debug\w06_criticalRegion.a(ErikaOS_1_eecfg.o)
                0x00004470                EE_oo_autostart_task_data
                0x0000447c                EE_oo_action_ROM
                0x000044b8                EE_oo_counter_object_ROM
                0x000044dc                EE_ALARM_ID
                0x000044e8                EE_alarm_ROM
                0x000044f4                EE_counter_ROM
                0x00004500                EE_resource_ceiling
                0x00004504                EE_th_is_extended
                0x0000451c                EE_th_rnact_max
                0x00004534                EE_th_dispatch_prio
                0x0000454c                EE_EVENT_ID
                0x00004550                EE_RESOURCE_ID
                0x00004554                EE_th_ready_prio
                0x0000456c                EE_terminate_real_th_body
                0x00004584                EE_hal_thread_body
                0x0000459c                EE_std_thread_tos
 .rodata.str1.4
                0x000045b8       0x8d .\CortexM3\ARM_GCC_541\Debug\w06_criticalRegion.a(ErikaOS_1_eecfg.o)
 *fill*         0x00004645        0x3 
 .rodata.str1.4
                0x00004648       0x14 .\CortexM3\ARM_GCC_541\Debug\w06_criticalRegion.a(USBUART_std.o)
                                 0x11 (size before relaxing)
 .rodata        0x0000465c      0x16a .\CortexM3\ARM_GCC_541\Debug\w06_criticalRegion.a(USBUART_descr.o)
                0x0000465c                USBUART_TABLE
                0x00004664                USBUART_DEVICE0_TABLE
                0x0000467c                USBUART_DEVICE0_CONFIGURATION0_TABLE
                0x000046a4                USBUART_DEVICE0_CONFIGURATION0_INTERFACE_CLASS
                0x000046a8                USBUART_DEVICE0_CONFIGURATION0_EP_SETTINGS_TABLE
                0x000046c0                USBUART_SN_STRING_DESCRIPTOR
                0x000046c4                USBUART_STRING_DESCRIPTORS
                0x00004770                USBUART_DEVICE0_CONFIGURATION0_DESCR
                0x000047b4                USBUART_DEVICE0_DESCR
 .rodata.str1.1
                0x000047c6        0x2 c:/program files (x86)/cypress/psoc creator/4.4/psoc creator/import/gnu/arm/5.4.1/bin/../lib/gcc/arm-none-eabi/5.4.1/../../../../arm-none-eabi/lib/armv7-m\libg_nano.a(lib_a-impure.o)
                0x000047c8                . = ALIGN (0x4)
 *(.init)
 .init          0x000047c8        0x4 c:/program files (x86)/cypress/psoc creator/4.4/psoc creator/import/gnu/arm/5.4.1/bin/../lib/gcc/arm-none-eabi/5.4.1/armv7-m/crti.o
                0x000047c8                _init
 .init          0x000047cc        0x8 c:/program files (x86)/cypress/psoc creator/4.4/psoc creator/import/gnu/arm/5.4.1/bin/../lib/gcc/arm-none-eabi/5.4.1/armv7-m/crtn.o
                0x000047d4                . = ALIGN (0x4)
                0x000047d4                __preinit_array_start = .
 *(.preinit_array)
                0x000047d4                __preinit_array_end = .
                0x000047d4                . = ALIGN (0x4)
                0x000047d4                __init_array_start = .
 *(SORT(.init_array.*))
 *(.init_array)
 .init_array    0x000047d4        0x4 c:/program files (x86)/cypress/psoc creator/4.4/psoc creator/import/gnu/arm/5.4.1/bin/../lib/gcc/arm-none-eabi/5.4.1/armv7-m/crtbegin.o
 .init_array    0x000047d8        0x4 .\CortexM3\ARM_GCC_541\Debug\Cm3Start.o
                0x000047dc                __init_array_end = .
                0x000047dc                . = ALIGN (0x4)
 *(.fini)
 .fini          0x000047dc        0x4 c:/program files (x86)/cypress/psoc creator/4.4/psoc creator/import/gnu/arm/5.4.1/bin/../lib/gcc/arm-none-eabi/5.4.1/armv7-m/crti.o
                0x000047dc                _fini
 .fini          0x000047e0        0x8 c:/program files (x86)/cypress/psoc creator/4.4/psoc creator/import/gnu/arm/5.4.1/bin/../lib/gcc/arm-none-eabi/5.4.1/armv7-m/crtn.o
                0x000047e8                . = ALIGN (0x4)
                0x000047e8                __fini_array_start = .
 *(.fini_array)
 .fini_array    0x000047e8        0x4 c:/program files (x86)/cypress/psoc creator/4.4/psoc creator/import/gnu/arm/5.4.1/bin/../lib/gcc/arm-none-eabi/5.4.1/armv7-m/crtbegin.o
 *(SORT(.fini_array.*))
                0x000047ec                __fini_array_end = .
                0x000047ec                . = ALIGN (0x4)
 *crtbegin.o(.ctors)
 *(EXCLUDE_FILE(*crtend.o) .ctors)
 *(SORT(.ctors.*))
 *crtend.o(.ctors)
                0x000047ec                . = ALIGN (0x4)
 *crtbegin.o(.dtors)
 *(EXCLUDE_FILE(*crtend.o) .dtors)
 *(SORT(.dtors.*))
 *crtend.o(.dtors)
                0x000047ec                . = ALIGN (0x4)
                0x000047ec                __cy_regions = .
                0x000047ec        0x4 LONG 0x4800 __cy_region_init_ram
                0x000047f0        0x4 LONG 0x1fff80c8 __cy_region_start_data
                0x000047f4        0x4 LONG 0x220 __cy_region_init_size_ram
                0x000047f8        0x4 LONG 0x2ea0 __cy_region_zero_size_ram
                0x000047fc                __cy_regions_end = .
                0x00004800                . = ALIGN (0x8)
 *fill*         0x000047fc        0x4 
                0x00004800                _etext = .

.cy_checksum_exclude
                0x00004800        0x0
 *(.cy_checksum_exclude)

.ramvectors     0x1fff8000       0xc0
                0x1fff8000                __cy_region_start_ram = .
 *(.ramvectors)
 .ramvectors    0x1fff8000       0xc0 .\CortexM3\ARM_GCC_541\Debug\Cm3Start.o
                0x1fff8000                CyRamVectors

.noinit         0x1fff80c0        0x1
 *(.noinit)
 .noinit        0x1fff80c0        0x1 .\CortexM3\ARM_GCC_541\Debug\w06_criticalRegion.a(CyLib.o)
                0x1fff80c0                CyResetStatus

.data           0x1fff80c8      0x220 load address 0x00004800
                0x1fff80c8                __cy_region_start_data = .
 *(.jcr)
 .jcr           0x1fff80c8        0x0 c:/program files (x86)/cypress/psoc creator/4.4/psoc creator/import/gnu/arm/5.4.1/bin/../lib/gcc/arm-none-eabi/5.4.1/armv7-m/crtbegin.o
 .jcr           0x1fff80c8        0x4 c:/program files (x86)/cypress/psoc creator/4.4/psoc creator/import/gnu/arm/5.4.1/bin/../lib/gcc/arm-none-eabi/5.4.1/armv7-m/crtend.o
 *(.got.plt)
 *(.got)
 *(.shdata)
 *(.data .data.* .gnu.linkonce.d.*)
 .data          0x1fff80cc       0x15 .\CortexM3\ARM_GCC_541\Debug\trcStreamingRecorder.o
                0x1fff80cc                TotalBytesRemaining
                0x1fff80d2                CurrentFilterMask
                0x1fff80d4                CurrentFilterGroup
                0x1fff80dc                TotalBytesRemaining_LowWaterMark
 *fill*         0x1fff80e1        0x3 
 .data          0x1fff80e4      0x170 .\CortexM3\ARM_GCC_541\Debug\w06_criticalRegion.a(ErikaOS_1_eecfg.o)
                0x1fff80e4                EE_ALARM_NAME
                0x1fff80f0                EE_counter_RAM
                0x1fff80f8                EE_resource_stack
                0x1fff80fc                EE_th_resource_last
                0x1fff8114                EE_th_terminate_nextask
                0x1fff812c                EE_rq_pairs_next
                0x1fff8144                EE_rq_link
                0x1fff815c                EE_th_rnact
                0x1fff8174                EE_rq_queues_tail
                0x1fff81b4                EE_rq_queues_head
                0x1fff81f4                EE_stkfirst
                0x1fff81f8                EE_th_next
                0x1fff8210                EE_th_status
                0x1fff8228                EE_EVENT_NAME
                0x1fff822c                EE_RESOURCE_NAME
                0x1fff8230                EE_TASK_NAME
                0x1fff8248                EE_cortex_mx_IRQ_tos
                0x1fff824c                EE_cortex_mx_system_tos
 .data          0x1fff8254       0x10 .\CortexM3\ARM_GCC_541\Debug\w06_criticalRegion.a(CyLib.o)
                0x1fff8254                cydelay_32k_ms
                0x1fff8258                cydelay_freq_khz
                0x1fff825c                cydelay_freq_mhz
                0x1fff8260                cydelay_freq_hz
 .data          0x1fff8264       0x1a .\CortexM3\ARM_GCC_541\Debug\w06_criticalRegion.a(USBUART_cdc.o)
                0x1fff8264                USBUART_linesCoding
 .data          0x1fff827e        0x4 .\CortexM3\ARM_GCC_541\Debug\w06_criticalRegion.a(ErikaOS_1_ee_gnu_irq_stack.o)
 *fill*         0x1fff8282        0x2 
 .data.impure_data
                0x1fff8284       0x60 c:/program files (x86)/cypress/psoc creator/4.4/psoc creator/import/gnu/arm/5.4.1/bin/../lib/gcc/arm-none-eabi/5.4.1/../../../../arm-none-eabi/lib/armv7-m\libg_nano.a(lib_a-impure.o)
 .data._impure_ptr
                0x1fff82e4        0x4 c:/program files (x86)/cypress/psoc creator/4.4/psoc creator/import/gnu/arm/5.4.1/bin/../lib/gcc/arm-none-eabi/5.4.1/../../../../arm-none-eabi/lib/armv7-m\libg_nano.a(lib_a-impure.o)
                0x1fff82e4                _impure_ptr
                0x1fff82e8                . = ALIGN (0x8)
 *(.ram)
                0x1fff82e8                _edata = .

.igot.plt       0x1fff82e8        0x0 load address 0x00004a20
 .igot.plt      0x1fff82e8        0x0 c:/program files (x86)/cypress/psoc creator/4.4/psoc creator/import/gnu/arm/5.4.1/bin/../lib/gcc/arm-none-eabi/5.4.1/armv7-m/crtbegin.o

.bss            0x1fff82e8     0x2ea0 load address 0x00004a20
                0x1fff82e8                PROVIDE (__bss_start__, .)
 *(.shbss)
 *(.bss .bss.* .gnu.linkonce.b.*)
 .bss           0x1fff82e8       0x1c c:/program files (x86)/cypress/psoc creator/4.4/psoc creator/import/gnu/arm/5.4.1/bin/../lib/gcc/arm-none-eabi/5.4.1/armv7-m/crtbegin.o
 .bss           0x1fff8304       0x10 .\CortexM3\ARM_GCC_541\Debug\trcKernelPort.o
 .bss           0x1fff8314      0x69c .\CortexM3\ARM_GCC_541\Debug\trcStreamingRecorder.o
                0x1fff8314                EventBuffer
                0x1fff8318                timestampFrequency
                0x1fff8320                NoRoomForSymbol
                0x1fff8324                LongestSymbolName
                0x1fff8328                NoRoomForObjectData
                0x1fff832c                MaxBytesTruncated
                0x1fff8330                RecorderEnabled
                0x1fff897c                DroppedEventCounter
                0x1fff8984                uiTraceTickCount
                0x1fff898c                isPendingContextSwitch
 .bss           0x1fff89b0        0x3 .\CortexM3\ARM_GCC_541\Debug\led.o
 *fill*         0x1fff89b3        0x1 
 .bss           0x1fff89b4       0x5c .\CortexM3\ARM_GCC_541\Debug\w06_criticalRegion.a(ErikaOS_1_eecfg.o)
                0x1fff89b4                EE_resource_locked
                0x1fff89b8                EE_th_waswaiting
                0x1fff89d0                EE_th_event_waitmask
                0x1fff89e8                EE_th_event_active
                0x1fff8a00                EE_rq_free
                0x1fff8a04                EE_rq_bitmask
                0x1fff8a08                EE_sys_ceiling
                0x1fff8a0c                EE_cortex_mx_active_tos
 .bss           0x1fff8a10        0x2 .\CortexM3\ARM_GCC_541\Debug\w06_criticalRegion.a(UART_LOG.o)
                0x1fff8a10                UART_LOG_initVar
 .bss           0x1fff8a12        0x1 .\CortexM3\ARM_GCC_541\Debug\w06_criticalRegion.a(RGB_PWM_red.o)
                0x1fff8a12                RGB_PWM_red_initVar
 .bss           0x1fff8a13        0x1 .\CortexM3\ARM_GCC_541\Debug\w06_criticalRegion.a(RGB_PWM_green.o)
                0x1fff8a13                RGB_PWM_green_initVar
 .bss           0x1fff8a14        0x1 .\CortexM3\ARM_GCC_541\Debug\w06_criticalRegion.a(RGB_PWM_blue.o)
                0x1fff8a14                RGB_PWM_blue_initVar
 .bss           0x1fff8a15        0x1 .\CortexM3\ARM_GCC_541\Debug\w06_criticalRegion.a(USBUART.o)
                0x1fff8a15                USBUART_initVar
 .bss           0x1fff8a16        0x1 .\CortexM3\ARM_GCC_541\Debug\w06_criticalRegion.a(USBUART_cdc.o)
 *fill*         0x1fff8a17        0x1 
 .bss           0x1fff8a18        0x2 .\CortexM3\ARM_GCC_541\Debug\w06_criticalRegion.a(USBUART_std.o)
 *(COMMON)
 *fill*         0x1fff8a1a        0x2 
 COMMON         0x1fff8a1c       0xd8 .\CortexM3\ARM_GCC_541\Debug\main.o
                0x1fff8a1c                UART_port
                0x1fff8af0                TRC_ISRUartTxHandle
 COMMON         0x1fff8af4     0x138c .\CortexM3\ARM_GCC_541\Debug\trcKernelPort.o
                0x1fff8af4                _TzTraceData
                0x1fff9e7c                trcWarningChannel
 COMMON         0x1fff9e80       0x10 .\CortexM3\ARM_GCC_541\Debug\trcStreamingRecorder.o
                0x1fff9e80                PageInfo
 COMMON         0x1fff9e90        0x8 .\CortexM3\ARM_GCC_541\Debug\w06_criticalRegion.a(ErikaOS_1_ee_lookup.o)
                0x1fff9e90                EE_oo_IRQ_disable_count
                0x1fff9e94                EE_oo_IRQ_suspend_status
 COMMON         0x1fff9e98        0x4 .\CortexM3\ARM_GCC_541\Debug\w06_criticalRegion.a(ErikaOS_1_ee_startos.o)
                0x1fff9e98                EE_oo_started
 COMMON         0x1fff9e9c        0x8 .\CortexM3\ARM_GCC_541\Debug\w06_criticalRegion.a(ErikaOS_1_common_ee_hal_structs.o)
                0x1fff9e9c                EE_IRQ_nesting_level
                0x1fff9ea0                EE_std_endcycle_next_tid
 COMMON         0x1fff9ea4     0x1208 .\CortexM3\ARM_GCC_541\Debug\w06_criticalRegion.a(ErikaOS_1_eecfg.o)
                0x1fff9ea4                EE_rq_pairs_tid
                0x1fff9ebc                EE_terminate_data
                0x1fff9ed4                EE_oo_counter_object_RAM
                0x1fff9f04                EE_resource_oldceiling
                0x1fff9f08                EE_ApplicationMode
                0x1fff9f0c                EE_cortex_mx_stack_9
                0x1fffa10c                EE_cortex_mx_stack_6
 COMMON         0x1fffb0ac       0x18 .\CortexM3\ARM_GCC_541\Debug\w06_criticalRegion.a(USBUART_cdc.o)
                0x1fffb0ac                USBUART_linesChanged
                0x1fffb0b0                USBUART_cdcDataInEp
                0x1fffb0b4                USBUART_cdcCommInInterruptEp
                0x1fffb0b8                USBUART_cdcDataOutEp
                0x1fffb0bc                USBUART_serialStateBitmap
                0x1fffb0c0                USBUART_linesControlBitmap
 COMMON         0x1fffb0c4       0x9a .\CortexM3\ARM_GCC_541\Debug\w06_criticalRegion.a(USBUART_drv.o)
                0x1fffb0c4                USBUART_lastPacketSize
                0x1fffb0c5                USBUART_device
                0x1fffb0c6                USBUART_transferByteCount
                0x1fffb0c8                USBUART_transferState
                0x1fffb0cc                USBUART_interfaceSettingLast
                0x1fffb0d0                USBUART_currentTD
                0x1fffb0dc                USBUART_interfaceNumber
                0x1fffb0e0                USBUART_interfaceClass
                0x1fffb0e4                USBUART_configurationChanged
                0x1fffb0e5                USBUART_ep0Mode
                0x1fffb0e6                USBUART_deviceAddress
                0x1fffb0e7                USBUART_configuration
                0x1fffb0e8                USBUART_ep0Count
                0x1fffb0e9                USBUART_deviceStatus
                0x1fffb0ec                USBUART_EP
                0x1fffb158                USBUART_interfaceSetting
                0x1fffb15a                USBUART_ep0Toggle
                0x1fffb15c                USBUART_interfaceStatus
 *fill*         0x1fffb15e        0x2 
 COMMON         0x1fffb160       0x22 .\CortexM3\ARM_GCC_541\Debug\w06_criticalRegion.a(USBUART_descr.o)
                0x1fffb160                USBUART_idSerialNumberStringDescriptor
                0x1fffb188                . = ALIGN (0x8)
 *fill*         0x1fffb182        0x6 
 *(.ram.b)
                0x1fffb188                _end = .
                0x1fffb188                __end = .
                0x1fffb188                PROVIDE (end, .)
                0x1fffb188                PROVIDE (__bss_end__, .)
                0x00004800                __cy_region_init_ram = LOADADDR (.data)
                0x00000220                __cy_region_init_size_ram = (_edata - ADDR (.data))
                0x00002ea0                __cy_region_zero_size_ram = (_end - _edata)

.heap           0x1fffb188       0x80 load address 0x00004a20
                0x1fffb188                . = _end
                0x1fffb208                . = (. + 0x80)
 *fill*         0x1fffb188       0x80 
                0x1fffb208                __cy_heap_limit = .

.stack          0x20007800      0x800
                0x20007800                __cy_stack_limit = .
                0x20008000                . = (. + 0x800)
 *fill*         0x20007800      0x800 
                0x00000001                ASSERT ((__cy_stack_limit >= __cy_heap_limit), region RAM overflowed with stack)
                0x00000000                cy_checksum_exclude_size = (CY_APPL_LOADABLE == 0x1)?SIZEOF (.cy_checksum_exclude):0x0
                0x00000001                ASSERT ((cy_checksum_exclude_size <= CY_CHECKSUM_EXCLUDE_SIZE), CY_BOOT: Section .cy_checksum_exclude size exceedes specified limit.)

.cyloadermeta
 *(.cyloadermeta)

.cyloadablemeta
 *(.cyloadablemeta)

.cyconfigecc    0x80000000      0x6f0
 *(.cyconfigecc)
 .cyconfigecc   0x80000000      0x6f0 .\CortexM3\ARM_GCC_541\Debug\cymetadata.o
                0x80000000                cy_meta_configecc

.cycustnvl      0x90000000        0x4
 *(.cycustnvl)
 .cycustnvl     0x90000000        0x4 .\CortexM3\ARM_GCC_541\Debug\cymetadata.o
                0x90000000                cy_meta_custnvl

.cywolatch      0x90100000        0x4
 *(.cywolatch)
 .cywolatch     0x90100000        0x4 .\CortexM3\ARM_GCC_541\Debug\cymetadata.o
                0x90100000                cy_meta_wonvl

.cyeeprom       0x90200000        0x0
 *(.cyeeprom)
                0x00000001                ASSERT ((. <= ((0x90200000 + ee_offset) + ee_size)), .cyeeprom data will not fit in EEPROM)

.cyflashprotect
                0x90400000      0x100
 *(.cyflashprotect)
 .cyflashprotect
                0x90400000      0x100 .\CortexM3\ARM_GCC_541\Debug\cymetadata.o
                0x90400000                cy_meta_flashprotect

.cymeta         0x90500000        0xc
 *(.cymeta)
 .cymeta        0x90500000        0xc .\CortexM3\ARM_GCC_541\Debug\cymetadata.o
                0x90500000                cy_metadata

.rel.dyn        0x00004a20        0x0 load address 0x9050000c
 .rel.iplt      0x00004a20        0x0 c:/program files (x86)/cypress/psoc creator/4.4/psoc creator/import/gnu/arm/5.4.1/bin/../lib/gcc/arm-none-eabi/5.4.1/armv7-m/crtbegin.o

.stab
 *(.stab)

.stabstr
 *(.stabstr)

.debug
 *(.debug)

.line
 *(.line)

.debug_srcinfo
 *(.debug_srcinfo)

.debug_sfnames
 *(.debug_sfnames)

.debug_aranges  0x00000000     0x16b8
 *(.debug_aranges)
 .debug_aranges
                0x00000000       0x80 .\CortexM3\ARM_GCC_541\Debug\main.o
 .debug_aranges
                0x00000080       0x30 .\CortexM3\ARM_GCC_541\Debug\trcStreamingPort.o
 .debug_aranges
                0x000000b0       0x78 .\CortexM3\ARM_GCC_541\Debug\trcKernelPort.o
 .debug_aranges
                0x00000128       0x18 .\CortexM3\ARM_GCC_541\Debug\trcSnapshotRecorder.o
 .debug_aranges
                0x00000140      0x188 .\CortexM3\ARM_GCC_541\Debug\trcStreamingRecorder.o
 .debug_aranges
                0x000002c8       0x38 .\CortexM3\ARM_GCC_541\Debug\led.o
 .debug_aranges
                0x00000300       0x28 .\CortexM3\ARM_GCC_541\Debug\button.o
 .debug_aranges
                0x00000328       0x48 .\CortexM3\ARM_GCC_541\Debug\seven.o
 .debug_aranges
                0x00000370       0x48 .\CortexM3\ARM_GCC_541\Debug\ringbuffer.o
 .debug_aranges
                0x000003b8       0x40 .\CortexM3\ARM_GCC_541\Debug\uart.o
 .debug_aranges
                0x000003f8       0x90 .\CortexM3\ARM_GCC_541\Debug\parser.o
 .debug_aranges
                0x00000488       0x58 .\CortexM3\ARM_GCC_541\Debug\cyfitter_cfg.o
 .debug_aranges
                0x000004e0       0x18 .\CortexM3\ARM_GCC_541\Debug\cymetadata.o
 .debug_aranges
                0x000004f8       0x48 .\CortexM3\ARM_GCC_541\Debug\Cm3Start.o
 .debug_aranges
                0x00000540       0x20 .\CortexM3\ARM_GCC_541\Debug\w06_criticalRegion.a(ErikaOS_1_ee_activate.o)
 .debug_aranges
                0x00000560       0x58 .\CortexM3\ARM_GCC_541\Debug\w06_criticalRegion.a(ErikaOS_1_ee_altick.o)
 .debug_aranges
                0x000005b8       0x20 .\CortexM3\ARM_GCC_541\Debug\w06_criticalRegion.a(ErikaOS_1_ee_evclear.o)
 .debug_aranges
                0x000005d8       0x20 .\CortexM3\ARM_GCC_541\Debug\w06_criticalRegion.a(ErikaOS_1_ee_evget.o)
 .debug_aranges
                0x000005f8       0x20 .\CortexM3\ARM_GCC_541\Debug\w06_criticalRegion.a(ErikaOS_1_ee_evset.o)
 .debug_aranges
                0x00000618       0x20 .\CortexM3\ARM_GCC_541\Debug\w06_criticalRegion.a(ErikaOS_1_ee_evwait.o)
 .debug_aranges
                0x00000638       0x20 .\CortexM3\ARM_GCC_541\Debug\w06_criticalRegion.a(ErikaOS_1_ee_gettaskid.o)
 .debug_aranges
                0x00000658       0x30 .\CortexM3\ARM_GCC_541\Debug\w06_criticalRegion.a(ErikaOS_1_ee_irqendin.o)
 .debug_aranges
                0x00000688       0x18 .\CortexM3\ARM_GCC_541\Debug\w06_criticalRegion.a(ErikaOS_1_ee_lookup.o)
 .debug_aranges
                0x000006a0       0x20 .\CortexM3\ARM_GCC_541\Debug\w06_criticalRegion.a(ErikaOS_1_ee_rq_exchg.o)
 .debug_aranges
                0x000006c0       0x20 .\CortexM3\ARM_GCC_541\Debug\w06_criticalRegion.a(ErikaOS_1_ee_rq_first.o)
 .debug_aranges
                0x000006e0       0x20 .\CortexM3\ARM_GCC_541\Debug\w06_criticalRegion.a(ErikaOS_1_ee_rq_inser.o)
 .debug_aranges
                0x00000700       0x48 .\CortexM3\ARM_GCC_541\Debug\w06_criticalRegion.a(ErikaOS_1_ee_startos.o)
 .debug_aranges
                0x00000748       0x20 .\CortexM3\ARM_GCC_541\Debug\w06_criticalRegion.a(ErikaOS_1_ee_terminat.o)
 .debug_aranges
                0x00000768       0x20 .\CortexM3\ARM_GCC_541\Debug\w06_criticalRegion.a(ErikaOS_1_cortex_mx_ee_utils.o)
 .debug_aranges
                0x00000788       0x18 .\CortexM3\ARM_GCC_541\Debug\w06_criticalRegion.a(ErikaOS_1_common_ee_hal_structs.o)
 .debug_aranges
                0x000007a0       0x18 .\CortexM3\ARM_GCC_541\Debug\w06_criticalRegion.a(ErikaOS_1_eecfg.o)
 .debug_aranges
                0x000007b8       0x38 .\CortexM3\ARM_GCC_541\Debug\w06_criticalRegion.a(SEVEN_DP.o)
 .debug_aranges
                0x000007f0       0x38 .\CortexM3\ARM_GCC_541\Debug\w06_criticalRegion.a(SEVEN_SELECT.o)
 .debug_aranges
                0x00000828       0x28 .\CortexM3\ARM_GCC_541\Debug\w06_criticalRegion.a(SEVEN_reg.o)
 .debug_aranges
                0x00000850       0x38 .\CortexM3\ARM_GCC_541\Debug\w06_criticalRegion.a(BUTTON_1.o)
 .debug_aranges
                0x00000888       0x80 .\CortexM3\ARM_GCC_541\Debug\w06_criticalRegion.a(isr_Button.o)
 .debug_aranges
                0x00000908       0x38 .\CortexM3\ARM_GCC_541\Debug\w06_criticalRegion.a(BUTTON_2.o)
 .debug_aranges
                0x00000940       0x38 .\CortexM3\ARM_GCC_541\Debug\w06_criticalRegion.a(BUTTON_3.o)
 .debug_aranges
                0x00000978       0x38 .\CortexM3\ARM_GCC_541\Debug\w06_criticalRegion.a(BUTTON_4.o)
 .debug_aranges
                0x000009b0       0x38 .\CortexM3\ARM_GCC_541\Debug\w06_criticalRegion.a(LED_red.o)
 .debug_aranges
                0x000009e8       0x38 .\CortexM3\ARM_GCC_541\Debug\w06_criticalRegion.a(LED_yellow.o)
 .debug_aranges
                0x00000a20       0x38 .\CortexM3\ARM_GCC_541\Debug\w06_criticalRegion.a(LED_green.o)
 .debug_aranges
                0x00000a58       0xf0 .\CortexM3\ARM_GCC_541\Debug\w06_criticalRegion.a(UART_LOG.o)
 .debug_aranges
                0x00000b48       0x80 .\CortexM3\ARM_GCC_541\Debug\w06_criticalRegion.a(RGB_PWM_red.o)
 .debug_aranges
                0x00000bc8       0x80 .\CortexM3\ARM_GCC_541\Debug\w06_criticalRegion.a(RGB_PWM_green.o)
 .debug_aranges
                0x00000c48       0x80 .\CortexM3\ARM_GCC_541\Debug\w06_criticalRegion.a(RGB_PWM_blue.o)
 .debug_aranges
                0x00000cc8       0x70 .\CortexM3\ARM_GCC_541\Debug\w06_criticalRegion.a(UART_LOG_IntClock.o)
 .debug_aranges
                0x00000d38      0x2a0 .\CortexM3\ARM_GCC_541\Debug\w06_criticalRegion.a(CyLib.o)
 .debug_aranges
                0x00000fd8       0x98 .\CortexM3\ARM_GCC_541\Debug\w06_criticalRegion.a(cyPm.o)
 .debug_aranges
                0x00001070       0xc8 .\CortexM3\ARM_GCC_541\Debug\w06_criticalRegion.a(USBUART.o)
 .debug_aranges
                0x00001138       0xe8 .\CortexM3\ARM_GCC_541\Debug\w06_criticalRegion.a(USBUART_cdc.o)
 .debug_aranges
                0x00001220       0x98 .\CortexM3\ARM_GCC_541\Debug\w06_criticalRegion.a(USBUART_drv.o)
 .debug_aranges
                0x000012b8       0x40 .\CortexM3\ARM_GCC_541\Debug\w06_criticalRegion.a(USBUART_episr.o)
 .debug_aranges
                0x000012f8       0x40 .\CortexM3\ARM_GCC_541\Debug\w06_criticalRegion.a(USBUART_pm.o)
 .debug_aranges
                0x00001338       0x80 .\CortexM3\ARM_GCC_541\Debug\w06_criticalRegion.a(USBUART_std.o)
 .debug_aranges
                0x000013b8       0x20 .\CortexM3\ARM_GCC_541\Debug\w06_criticalRegion.a(USBUART_vnd.o)
 .debug_aranges
                0x000013d8       0x48 .\CortexM3\ARM_GCC_541\Debug\w06_criticalRegion.a(USBUART_Dp.o)
 .debug_aranges
                0x00001420       0x20 .\CortexM3\ARM_GCC_541\Debug\w06_criticalRegion.a(ErikaOS_1_ee_gnu_change_context_isr.o)
 .debug_aranges
                0x00001440       0x20 .\CortexM3\ARM_GCC_541\Debug\w06_criticalRegion.a(ErikaOS_1_ee_gnu_irq_stack.o)
 .debug_aranges
                0x00001460       0x20 .\CortexM3\ARM_GCC_541\Debug\w06_criticalRegion.a(ErikaOS_1_ee_gnu_multi_context.o)
 .debug_aranges
                0x00001480       0x20 .\CortexM3\ARM_GCC_541\Debug\w06_criticalRegion.a(ErikaOS_1_ee_gnu_oo.o)
 .debug_aranges
                0x000014a0       0x20 .\CortexM3\ARM_GCC_541\Debug\w06_criticalRegion.a(CyBootAsmGnu.o)
 .debug_aranges
                0x000014c0       0x20 .\CortexM3\ARM_GCC_541\Debug\w06_criticalRegion.a(ErikaOS_1_ee_tnterm.o)
 .debug_aranges
                0x000014e0       0x20 .\CortexM3\ARM_GCC_541\Debug\w06_criticalRegion.a(ErikaOS_1_ee_tstub.o)
 .debug_aranges
                0x00001500       0x20 .\CortexM3\ARM_GCC_541\Debug\w06_criticalRegion.a(ErikaOS_1_ee_ulockallres.o)
 .debug_aranges
                0x00001520       0x28 .\CortexM3\ARM_GCC_541\Debug\w06_criticalRegion.a(ErikaOS_1_cortex_mx_ee_context.o)
 .debug_aranges
                0x00001548       0x88 .\CortexM3\ARM_GCC_541\Debug\w06_criticalRegion.a(CyFlash.o)
 .debug_aranges
                0x000015d0       0x80 .\CortexM3\ARM_GCC_541\Debug\w06_criticalRegion.a(CySpc.o)
 .debug_aranges
                0x00001650       0x20 .\CortexM3\ARM_GCC_541\Debug\w06_criticalRegion.a(USBUART_cls.o)
 .debug_aranges
                0x00001670       0x18 .\CortexM3\ARM_GCC_541\Debug\w06_criticalRegion.a(USBUART_descr.o)
 .debug_aranges
                0x00001688       0x30 .\CortexM3\ARM_GCC_541\Debug\w06_criticalRegion.a(ErikaOS_1_ee_thendin.o)

.debug_pubnames
 *(.debug_pubnames)

.debug_info     0x00000000    0x16e57
 *(.debug_info .gnu.linkonce.wi.*)
 .debug_info    0x00000000      0xafc .\CortexM3\ARM_GCC_541\Debug\main.o
 .debug_info    0x00000afc      0x30e .\CortexM3\ARM_GCC_541\Debug\trcStreamingPort.o
 .debug_info    0x00000e0a      0x72c .\CortexM3\ARM_GCC_541\Debug\trcKernelPort.o
 .debug_info    0x00001536      0x11c .\CortexM3\ARM_GCC_541\Debug\trcSnapshotRecorder.o
 .debug_info    0x00001652     0x213c .\CortexM3\ARM_GCC_541\Debug\trcStreamingRecorder.o
 .debug_info    0x0000378e      0x589 .\CortexM3\ARM_GCC_541\Debug\led.o
 .debug_info    0x00003d17      0x2f5 .\CortexM3\ARM_GCC_541\Debug\button.o
 .debug_info    0x0000400c      0x4a4 .\CortexM3\ARM_GCC_541\Debug\seven.o
 .debug_info    0x000044b0      0x3bd .\CortexM3\ARM_GCC_541\Debug\ringbuffer.o
 .debug_info    0x0000486d      0x571 .\CortexM3\ARM_GCC_541\Debug\uart.o
 .debug_info    0x00004dde      0x8de .\CortexM3\ARM_GCC_541\Debug\parser.o
 .debug_info    0x000056bc      0x604 .\CortexM3\ARM_GCC_541\Debug\cyfitter_cfg.o
 .debug_info    0x00005cc0      0x139 .\CortexM3\ARM_GCC_541\Debug\cymetadata.o
 .debug_info    0x00005df9      0x3bb .\CortexM3\ARM_GCC_541\Debug\Cm3Start.o
 .debug_info    0x000061b4      0x80d .\CortexM3\ARM_GCC_541\Debug\w06_criticalRegion.a(ErikaOS_1_ee_activate.o)
 .debug_info    0x000069c1      0xd21 .\CortexM3\ARM_GCC_541\Debug\w06_criticalRegion.a(ErikaOS_1_ee_altick.o)
 .debug_info    0x000076e2      0x637 .\CortexM3\ARM_GCC_541\Debug\w06_criticalRegion.a(ErikaOS_1_ee_evclear.o)
 .debug_info    0x00007d19      0x555 .\CortexM3\ARM_GCC_541\Debug\w06_criticalRegion.a(ErikaOS_1_ee_evget.o)
 .debug_info    0x0000826e      0x8dd .\CortexM3\ARM_GCC_541\Debug\w06_criticalRegion.a(ErikaOS_1_ee_evset.o)
 .debug_info    0x00008b4b      0x93c .\CortexM3\ARM_GCC_541\Debug\w06_criticalRegion.a(ErikaOS_1_ee_evwait.o)
 .debug_info    0x00009487      0x4a6 .\CortexM3\ARM_GCC_541\Debug\w06_criticalRegion.a(ErikaOS_1_ee_gettaskid.o)
 .debug_info    0x0000992d      0x6a7 .\CortexM3\ARM_GCC_541\Debug\w06_criticalRegion.a(ErikaOS_1_ee_irqendin.o)
 .debug_info    0x00009fd4      0x3d0 .\CortexM3\ARM_GCC_541\Debug\w06_criticalRegion.a(ErikaOS_1_ee_lookup.o)
 .debug_info    0x0000a3a4      0x46f .\CortexM3\ARM_GCC_541\Debug\w06_criticalRegion.a(ErikaOS_1_ee_rq_exchg.o)
 .debug_info    0x0000a813      0x421 .\CortexM3\ARM_GCC_541\Debug\w06_criticalRegion.a(ErikaOS_1_ee_rq_first.o)
 .debug_info    0x0000ac34      0x475 .\CortexM3\ARM_GCC_541\Debug\w06_criticalRegion.a(ErikaOS_1_ee_rq_inser.o)
 .debug_info    0x0000b0a9      0xccc .\CortexM3\ARM_GCC_541\Debug\w06_criticalRegion.a(ErikaOS_1_ee_startos.o)
 .debug_info    0x0000bd75      0x595 .\CortexM3\ARM_GCC_541\Debug\w06_criticalRegion.a(ErikaOS_1_ee_terminat.o)
 .debug_info    0x0000c30a      0x4f3 .\CortexM3\ARM_GCC_541\Debug\w06_criticalRegion.a(ErikaOS_1_cortex_mx_ee_utils.o)
 .debug_info    0x0000c7fd      0x3cb .\CortexM3\ARM_GCC_541\Debug\w06_criticalRegion.a(ErikaOS_1_common_ee_hal_structs.o)
 .debug_info    0x0000cbc8      0x96f .\CortexM3\ARM_GCC_541\Debug\w06_criticalRegion.a(ErikaOS_1_eecfg.o)
 .debug_info    0x0000d537      0x11f .\CortexM3\ARM_GCC_541\Debug\w06_criticalRegion.a(SEVEN_DP.o)
 .debug_info    0x0000d656      0x11f .\CortexM3\ARM_GCC_541\Debug\w06_criticalRegion.a(SEVEN_SELECT.o)
 .debug_info    0x0000d775       0xd6 .\CortexM3\ARM_GCC_541\Debug\w06_criticalRegion.a(SEVEN_reg.o)
 .debug_info    0x0000d84b      0x11f .\CortexM3\ARM_GCC_541\Debug\w06_criticalRegion.a(BUTTON_1.o)
 .debug_info    0x0000d96a      0x2d2 .\CortexM3\ARM_GCC_541\Debug\w06_criticalRegion.a(isr_Button.o)
 .debug_info    0x0000dc3c      0x11f .\CortexM3\ARM_GCC_541\Debug\w06_criticalRegion.a(BUTTON_2.o)
 .debug_info    0x0000dd5b      0x11f .\CortexM3\ARM_GCC_541\Debug\w06_criticalRegion.a(BUTTON_3.o)
 .debug_info    0x0000de7a      0x11f .\CortexM3\ARM_GCC_541\Debug\w06_criticalRegion.a(BUTTON_4.o)
 .debug_info    0x0000df99      0x11f .\CortexM3\ARM_GCC_541\Debug\w06_criticalRegion.a(LED_red.o)
 .debug_info    0x0000e0b8      0x11f .\CortexM3\ARM_GCC_541\Debug\w06_criticalRegion.a(LED_yellow.o)
 .debug_info    0x0000e1d7      0x11f .\CortexM3\ARM_GCC_541\Debug\w06_criticalRegion.a(LED_green.o)
 .debug_info    0x0000e2f6      0x60c .\CortexM3\ARM_GCC_541\Debug\w06_criticalRegion.a(UART_LOG.o)
 .debug_info    0x0000e902      0x295 .\CortexM3\ARM_GCC_541\Debug\w06_criticalRegion.a(RGB_PWM_red.o)
 .debug_info    0x0000eb97      0x295 .\CortexM3\ARM_GCC_541\Debug\w06_criticalRegion.a(RGB_PWM_green.o)
 .debug_info    0x0000ee2c      0x295 .\CortexM3\ARM_GCC_541\Debug\w06_criticalRegion.a(RGB_PWM_blue.o)
 .debug_info    0x0000f0c1      0x283 .\CortexM3\ARM_GCC_541\Debug\w06_criticalRegion.a(UART_LOG_IntClock.o)
 .debug_info    0x0000f344     0x1374 .\CortexM3\ARM_GCC_541\Debug\w06_criticalRegion.a(CyLib.o)
 .debug_info    0x000106b8      0xa2a .\CortexM3\ARM_GCC_541\Debug\w06_criticalRegion.a(cyPm.o)
 .debug_info    0x000110e2      0x995 .\CortexM3\ARM_GCC_541\Debug\w06_criticalRegion.a(USBUART.o)
 .debug_info    0x00011a77      0xaf7 .\CortexM3\ARM_GCC_541\Debug\w06_criticalRegion.a(USBUART_cdc.o)
 .debug_info    0x0001256e      0x655 .\CortexM3\ARM_GCC_541\Debug\w06_criticalRegion.a(USBUART_drv.o)
 .debug_info    0x00012bc3      0x254 .\CortexM3\ARM_GCC_541\Debug\w06_criticalRegion.a(USBUART_episr.o)
 .debug_info    0x00012e17      0x2e4 .\CortexM3\ARM_GCC_541\Debug\w06_criticalRegion.a(USBUART_pm.o)
 .debug_info    0x000130fb      0xb26 .\CortexM3\ARM_GCC_541\Debug\w06_criticalRegion.a(USBUART_std.o)
 .debug_info    0x00013c21       0xed .\CortexM3\ARM_GCC_541\Debug\w06_criticalRegion.a(USBUART_vnd.o)
 .debug_info    0x00013d0e      0x174 .\CortexM3\ARM_GCC_541\Debug\w06_criticalRegion.a(USBUART_Dp.o)
 .debug_info    0x00013e82       0xce .\CortexM3\ARM_GCC_541\Debug\w06_criticalRegion.a(ErikaOS_1_ee_gnu_change_context_isr.o)
 .debug_info    0x00013f50       0xc5 .\CortexM3\ARM_GCC_541\Debug\w06_criticalRegion.a(ErikaOS_1_ee_gnu_irq_stack.o)
 .debug_info    0x00014015       0xc9 .\CortexM3\ARM_GCC_541\Debug\w06_criticalRegion.a(ErikaOS_1_ee_gnu_multi_context.o)
 .debug_info    0x000140de       0xbe .\CortexM3\ARM_GCC_541\Debug\w06_criticalRegion.a(ErikaOS_1_ee_gnu_oo.o)
 .debug_info    0x0001419c       0xb7 .\CortexM3\ARM_GCC_541\Debug\w06_criticalRegion.a(CyBootAsmGnu.o)
 .debug_info    0x00014253      0x473 .\CortexM3\ARM_GCC_541\Debug\w06_criticalRegion.a(ErikaOS_1_ee_tnterm.o)
 .debug_info    0x000146c6      0x559 .\CortexM3\ARM_GCC_541\Debug\w06_criticalRegion.a(ErikaOS_1_ee_tstub.o)
 .debug_info    0x00014c1f      0x45e .\CortexM3\ARM_GCC_541\Debug\w06_criticalRegion.a(ErikaOS_1_ee_ulockallres.o)
 .debug_info    0x0001507d      0x501 .\CortexM3\ARM_GCC_541\Debug\w06_criticalRegion.a(ErikaOS_1_cortex_mx_ee_context.o)
 .debug_info    0x0001557e      0x64d .\CortexM3\ARM_GCC_541\Debug\w06_criticalRegion.a(CyFlash.o)
 .debug_info    0x00015bcb      0x550 .\CortexM3\ARM_GCC_541\Debug\w06_criticalRegion.a(CySpc.o)
 .debug_info    0x0001611b      0x1de .\CortexM3\ARM_GCC_541\Debug\w06_criticalRegion.a(USBUART_cls.o)
 .debug_info    0x000162f9      0x2a3 .\CortexM3\ARM_GCC_541\Debug\w06_criticalRegion.a(USBUART_descr.o)
 .debug_info    0x0001659c      0x8bb .\CortexM3\ARM_GCC_541\Debug\w06_criticalRegion.a(ErikaOS_1_ee_thendin.o)

.debug_abbrev   0x00000000     0x6183
 *(.debug_abbrev)
 .debug_abbrev  0x00000000      0x2f6 .\CortexM3\ARM_GCC_541\Debug\main.o
 .debug_abbrev  0x000002f6       0xff .\CortexM3\ARM_GCC_541\Debug\trcStreamingPort.o
 .debug_abbrev  0x000003f5      0x205 .\CortexM3\ARM_GCC_541\Debug\trcKernelPort.o
 .debug_abbrev  0x000005fa       0x5c .\CortexM3\ARM_GCC_541\Debug\trcSnapshotRecorder.o
 .debug_abbrev  0x00000656      0x388 .\CortexM3\ARM_GCC_541\Debug\trcStreamingRecorder.o
 .debug_abbrev  0x000009de      0x1c7 .\CortexM3\ARM_GCC_541\Debug\led.o
 .debug_abbrev  0x00000ba5      0x11e .\CortexM3\ARM_GCC_541\Debug\button.o
 .debug_abbrev  0x00000cc3      0x166 .\CortexM3\ARM_GCC_541\Debug\seven.o
 .debug_abbrev  0x00000e29      0x12a .\CortexM3\ARM_GCC_541\Debug\ringbuffer.o
 .debug_abbrev  0x00000f53      0x1ad .\CortexM3\ARM_GCC_541\Debug\uart.o
 .debug_abbrev  0x00001100      0x28b .\CortexM3\ARM_GCC_541\Debug\parser.o
 .debug_abbrev  0x0000138b      0x20d .\CortexM3\ARM_GCC_541\Debug\cyfitter_cfg.o
 .debug_abbrev  0x00001598       0x77 .\CortexM3\ARM_GCC_541\Debug\cymetadata.o
 .debug_abbrev  0x0000160f      0x1e8 .\CortexM3\ARM_GCC_541\Debug\Cm3Start.o
 .debug_abbrev  0x000017f7      0x284 .\CortexM3\ARM_GCC_541\Debug\w06_criticalRegion.a(ErikaOS_1_ee_activate.o)
 .debug_abbrev  0x00001a7b      0x3ab .\CortexM3\ARM_GCC_541\Debug\w06_criticalRegion.a(ErikaOS_1_ee_altick.o)
 .debug_abbrev  0x00001e26      0x218 .\CortexM3\ARM_GCC_541\Debug\w06_criticalRegion.a(ErikaOS_1_ee_evclear.o)
 .debug_abbrev  0x0000203e      0x188 .\CortexM3\ARM_GCC_541\Debug\w06_criticalRegion.a(ErikaOS_1_ee_evget.o)
 .debug_abbrev  0x000021c6      0x2db .\CortexM3\ARM_GCC_541\Debug\w06_criticalRegion.a(ErikaOS_1_ee_evset.o)
 .debug_abbrev  0x000024a1      0x2b4 .\CortexM3\ARM_GCC_541\Debug\w06_criticalRegion.a(ErikaOS_1_ee_evwait.o)
 .debug_abbrev  0x00002755      0x161 .\CortexM3\ARM_GCC_541\Debug\w06_criticalRegion.a(ErikaOS_1_ee_gettaskid.o)
 .debug_abbrev  0x000028b6      0x24c .\CortexM3\ARM_GCC_541\Debug\w06_criticalRegion.a(ErikaOS_1_ee_irqendin.o)
 .debug_abbrev  0x00002b02       0xcf .\CortexM3\ARM_GCC_541\Debug\w06_criticalRegion.a(ErikaOS_1_ee_lookup.o)
 .debug_abbrev  0x00002bd1       0xfc .\CortexM3\ARM_GCC_541\Debug\w06_criticalRegion.a(ErikaOS_1_ee_rq_exchg.o)
 .debug_abbrev  0x00002ccd       0xed .\CortexM3\ARM_GCC_541\Debug\w06_criticalRegion.a(ErikaOS_1_ee_rq_first.o)
 .debug_abbrev  0x00002dba      0x109 .\CortexM3\ARM_GCC_541\Debug\w06_criticalRegion.a(ErikaOS_1_ee_rq_inser.o)
 .debug_abbrev  0x00002ec3      0x36f .\CortexM3\ARM_GCC_541\Debug\w06_criticalRegion.a(ErikaOS_1_ee_startos.o)
 .debug_abbrev  0x00003232      0x1de .\CortexM3\ARM_GCC_541\Debug\w06_criticalRegion.a(ErikaOS_1_ee_terminat.o)
 .debug_abbrev  0x00003410      0x1bb .\CortexM3\ARM_GCC_541\Debug\w06_criticalRegion.a(ErikaOS_1_cortex_mx_ee_utils.o)
 .debug_abbrev  0x000035cb       0xcf .\CortexM3\ARM_GCC_541\Debug\w06_criticalRegion.a(ErikaOS_1_common_ee_hal_structs.o)
 .debug_abbrev  0x0000369a      0x130 .\CortexM3\ARM_GCC_541\Debug\w06_criticalRegion.a(ErikaOS_1_eecfg.o)
 .debug_abbrev  0x000037ca       0x90 .\CortexM3\ARM_GCC_541\Debug\w06_criticalRegion.a(SEVEN_DP.o)
 .debug_abbrev  0x0000385a       0x90 .\CortexM3\ARM_GCC_541\Debug\w06_criticalRegion.a(SEVEN_SELECT.o)
 .debug_abbrev  0x000038ea       0x81 .\CortexM3\ARM_GCC_541\Debug\w06_criticalRegion.a(SEVEN_reg.o)
 .debug_abbrev  0x0000396b       0x90 .\CortexM3\ARM_GCC_541\Debug\w06_criticalRegion.a(BUTTON_1.o)
 .debug_abbrev  0x000039fb      0x173 .\CortexM3\ARM_GCC_541\Debug\w06_criticalRegion.a(isr_Button.o)
 .debug_abbrev  0x00003b6e       0x90 .\CortexM3\ARM_GCC_541\Debug\w06_criticalRegion.a(BUTTON_2.o)
 .debug_abbrev  0x00003bfe       0x90 .\CortexM3\ARM_GCC_541\Debug\w06_criticalRegion.a(BUTTON_3.o)
 .debug_abbrev  0x00003c8e       0x90 .\CortexM3\ARM_GCC_541\Debug\w06_criticalRegion.a(BUTTON_4.o)
 .debug_abbrev  0x00003d1e       0x90 .\CortexM3\ARM_GCC_541\Debug\w06_criticalRegion.a(LED_red.o)
 .debug_abbrev  0x00003dae       0x90 .\CortexM3\ARM_GCC_541\Debug\w06_criticalRegion.a(LED_yellow.o)
 .debug_abbrev  0x00003e3e       0x90 .\CortexM3\ARM_GCC_541\Debug\w06_criticalRegion.a(LED_green.o)
 .debug_abbrev  0x00003ece      0x175 .\CortexM3\ARM_GCC_541\Debug\w06_criticalRegion.a(UART_LOG.o)
 .debug_abbrev  0x00004043      0x12d .\CortexM3\ARM_GCC_541\Debug\w06_criticalRegion.a(RGB_PWM_red.o)
 .debug_abbrev  0x00004170      0x12d .\CortexM3\ARM_GCC_541\Debug\w06_criticalRegion.a(RGB_PWM_green.o)
 .debug_abbrev  0x0000429d      0x12d .\CortexM3\ARM_GCC_541\Debug\w06_criticalRegion.a(RGB_PWM_blue.o)
 .debug_abbrev  0x000043ca      0x139 .\CortexM3\ARM_GCC_541\Debug\w06_criticalRegion.a(UART_LOG_IntClock.o)
 .debug_abbrev  0x00004503      0x254 .\CortexM3\ARM_GCC_541\Debug\w06_criticalRegion.a(CyLib.o)
 .debug_abbrev  0x00004757      0x1ab .\CortexM3\ARM_GCC_541\Debug\w06_criticalRegion.a(cyPm.o)
 .debug_abbrev  0x00004902      0x215 .\CortexM3\ARM_GCC_541\Debug\w06_criticalRegion.a(USBUART.o)
 .debug_abbrev  0x00004b17      0x245 .\CortexM3\ARM_GCC_541\Debug\w06_criticalRegion.a(USBUART_cdc.o)
 .debug_abbrev  0x00004d5c      0x189 .\CortexM3\ARM_GCC_541\Debug\w06_criticalRegion.a(USBUART_drv.o)
 .debug_abbrev  0x00004ee5      0x11b .\CortexM3\ARM_GCC_541\Debug\w06_criticalRegion.a(USBUART_episr.o)
 .debug_abbrev  0x00005000      0x108 .\CortexM3\ARM_GCC_541\Debug\w06_criticalRegion.a(USBUART_pm.o)
 .debug_abbrev  0x00005108      0x20a .\CortexM3\ARM_GCC_541\Debug\w06_criticalRegion.a(USBUART_std.o)
 .debug_abbrev  0x00005312       0x9b .\CortexM3\ARM_GCC_541\Debug\w06_criticalRegion.a(USBUART_vnd.o)
 .debug_abbrev  0x000053ad       0x90 .\CortexM3\ARM_GCC_541\Debug\w06_criticalRegion.a(USBUART_Dp.o)
 .debug_abbrev  0x0000543d       0x14 .\CortexM3\ARM_GCC_541\Debug\w06_criticalRegion.a(ErikaOS_1_ee_gnu_change_context_isr.o)
 .debug_abbrev  0x00005451       0x14 .\CortexM3\ARM_GCC_541\Debug\w06_criticalRegion.a(ErikaOS_1_ee_gnu_irq_stack.o)
 .debug_abbrev  0x00005465       0x14 .\CortexM3\ARM_GCC_541\Debug\w06_criticalRegion.a(ErikaOS_1_ee_gnu_multi_context.o)
 .debug_abbrev  0x00005479       0x14 .\CortexM3\ARM_GCC_541\Debug\w06_criticalRegion.a(ErikaOS_1_ee_gnu_oo.o)
 .debug_abbrev  0x0000548d       0x14 .\CortexM3\ARM_GCC_541\Debug\w06_criticalRegion.a(CyBootAsmGnu.o)
 .debug_abbrev  0x000054a1      0x190 .\CortexM3\ARM_GCC_541\Debug\w06_criticalRegion.a(ErikaOS_1_ee_tnterm.o)
 .debug_abbrev  0x00005631      0x1ae .\CortexM3\ARM_GCC_541\Debug\w06_criticalRegion.a(ErikaOS_1_ee_tstub.o)
 .debug_abbrev  0x000057df       0xfc .\CortexM3\ARM_GCC_541\Debug\w06_criticalRegion.a(ErikaOS_1_ee_ulockallres.o)
 .debug_abbrev  0x000058db      0x156 .\CortexM3\ARM_GCC_541\Debug\w06_criticalRegion.a(ErikaOS_1_cortex_mx_ee_context.o)
 .debug_abbrev  0x00005a31      0x1a7 .\CortexM3\ARM_GCC_541\Debug\w06_criticalRegion.a(CyFlash.o)
 .debug_abbrev  0x00005bd8      0x194 .\CortexM3\ARM_GCC_541\Debug\w06_criticalRegion.a(CySpc.o)
 .debug_abbrev  0x00005d6c       0xe1 .\CortexM3\ARM_GCC_541\Debug\w06_criticalRegion.a(USBUART_cls.o)
 .debug_abbrev  0x00005e4d       0xb4 .\CortexM3\ARM_GCC_541\Debug\w06_criticalRegion.a(USBUART_descr.o)
 .debug_abbrev  0x00005f01      0x282 .\CortexM3\ARM_GCC_541\Debug\w06_criticalRegion.a(ErikaOS_1_ee_thendin.o)

.debug_line     0x00000000     0x9316
 *(.debug_line)
 .debug_line    0x00000000      0x636 .\CortexM3\ARM_GCC_541\Debug\main.o
 .debug_line    0x00000636      0x290 .\CortexM3\ARM_GCC_541\Debug\trcStreamingPort.o
 .debug_line    0x000008c6      0x3fd .\CortexM3\ARM_GCC_541\Debug\trcKernelPort.o
 .debug_line    0x00000cc3      0x1ed .\CortexM3\ARM_GCC_541\Debug\trcSnapshotRecorder.o
 .debug_line    0x00000eb0      0xae7 .\CortexM3\ARM_GCC_541\Debug\trcStreamingRecorder.o
 .debug_line    0x00001997      0x36d .\CortexM3\ARM_GCC_541\Debug\led.o
 .debug_line    0x00001d04      0x2b7 .\CortexM3\ARM_GCC_541\Debug\button.o
 .debug_line    0x00001fbb      0x2df .\CortexM3\ARM_GCC_541\Debug\seven.o
 .debug_line    0x0000229a      0x2d8 .\CortexM3\ARM_GCC_541\Debug\ringbuffer.o
 .debug_line    0x00002572      0x36f .\CortexM3\ARM_GCC_541\Debug\uart.o
 .debug_line    0x000028e1      0x544 .\CortexM3\ARM_GCC_541\Debug\parser.o
 .debug_line    0x00002e25      0x1f5 .\CortexM3\ARM_GCC_541\Debug\cyfitter_cfg.o
 .debug_line    0x0000301a      0x141 .\CortexM3\ARM_GCC_541\Debug\cymetadata.o
 .debug_line    0x0000315b      0x234 .\CortexM3\ARM_GCC_541\Debug\Cm3Start.o
 .debug_line    0x0000338f      0x1fa .\CortexM3\ARM_GCC_541\Debug\w06_criticalRegion.a(ErikaOS_1_ee_activate.o)
 .debug_line    0x00003589      0x414 .\CortexM3\ARM_GCC_541\Debug\w06_criticalRegion.a(ErikaOS_1_ee_altick.o)
 .debug_line    0x0000399d      0x2d2 .\CortexM3\ARM_GCC_541\Debug\w06_criticalRegion.a(ErikaOS_1_ee_evclear.o)
 .debug_line    0x00003c6f      0x267 .\CortexM3\ARM_GCC_541\Debug\w06_criticalRegion.a(ErikaOS_1_ee_evget.o)
 .debug_line    0x00003ed6      0x30c .\CortexM3\ARM_GCC_541\Debug\w06_criticalRegion.a(ErikaOS_1_ee_evset.o)
 .debug_line    0x000041e2      0x31a .\CortexM3\ARM_GCC_541\Debug\w06_criticalRegion.a(ErikaOS_1_ee_evwait.o)
 .debug_line    0x000044fc      0x161 .\CortexM3\ARM_GCC_541\Debug\w06_criticalRegion.a(ErikaOS_1_ee_gettaskid.o)
 .debug_line    0x0000465d      0x2c3 .\CortexM3\ARM_GCC_541\Debug\w06_criticalRegion.a(ErikaOS_1_ee_irqendin.o)
 .debug_line    0x00004920      0x119 .\CortexM3\ARM_GCC_541\Debug\w06_criticalRegion.a(ErikaOS_1_ee_lookup.o)
 .debug_line    0x00004a39      0x15b .\CortexM3\ARM_GCC_541\Debug\w06_criticalRegion.a(ErikaOS_1_ee_rq_exchg.o)
 .debug_line    0x00004b94      0x152 .\CortexM3\ARM_GCC_541\Debug\w06_criticalRegion.a(ErikaOS_1_ee_rq_first.o)
 .debug_line    0x00004ce6      0x156 .\CortexM3\ARM_GCC_541\Debug\w06_criticalRegion.a(ErikaOS_1_ee_rq_inser.o)
 .debug_line    0x00004e3c      0x390 .\CortexM3\ARM_GCC_541\Debug\w06_criticalRegion.a(ErikaOS_1_ee_startos.o)
 .debug_line    0x000051cc      0x1c4 .\CortexM3\ARM_GCC_541\Debug\w06_criticalRegion.a(ErikaOS_1_ee_terminat.o)
 .debug_line    0x00005390      0x17c .\CortexM3\ARM_GCC_541\Debug\w06_criticalRegion.a(ErikaOS_1_cortex_mx_ee_utils.o)
 .debug_line    0x0000550c       0xf9 .\CortexM3\ARM_GCC_541\Debug\w06_criticalRegion.a(ErikaOS_1_common_ee_hal_structs.o)
 .debug_line    0x00005605      0x13c .\CortexM3\ARM_GCC_541\Debug\w06_criticalRegion.a(ErikaOS_1_eecfg.o)
 .debug_line    0x00005741       0x95 .\CortexM3\ARM_GCC_541\Debug\w06_criticalRegion.a(SEVEN_DP.o)
 .debug_line    0x000057d6       0x99 .\CortexM3\ARM_GCC_541\Debug\w06_criticalRegion.a(SEVEN_SELECT.o)
 .debug_line    0x0000586f       0x71 .\CortexM3\ARM_GCC_541\Debug\w06_criticalRegion.a(SEVEN_reg.o)
 .debug_line    0x000058e0       0x95 .\CortexM3\ARM_GCC_541\Debug\w06_criticalRegion.a(BUTTON_1.o)
 .debug_line    0x00005975      0x137 .\CortexM3\ARM_GCC_541\Debug\w06_criticalRegion.a(isr_Button.o)
 .debug_line    0x00005aac       0x95 .\CortexM3\ARM_GCC_541\Debug\w06_criticalRegion.a(BUTTON_2.o)
 .debug_line    0x00005b41       0x95 .\CortexM3\ARM_GCC_541\Debug\w06_criticalRegion.a(BUTTON_3.o)
 .debug_line    0x00005bd6       0x95 .\CortexM3\ARM_GCC_541\Debug\w06_criticalRegion.a(BUTTON_4.o)
 .debug_line    0x00005c6b       0x94 .\CortexM3\ARM_GCC_541\Debug\w06_criticalRegion.a(LED_red.o)
 .debug_line    0x00005cff       0x97 .\CortexM3\ARM_GCC_541\Debug\w06_criticalRegion.a(LED_yellow.o)
 .debug_line    0x00005d96       0x96 .\CortexM3\ARM_GCC_541\Debug\w06_criticalRegion.a(LED_green.o)
 .debug_line    0x00005e2c      0x2c4 .\CortexM3\ARM_GCC_541\Debug\w06_criticalRegion.a(UART_LOG.o)
 .debug_line    0x000060f0      0x143 .\CortexM3\ARM_GCC_541\Debug\w06_criticalRegion.a(RGB_PWM_red.o)
 .debug_line    0x00006233      0x145 .\CortexM3\ARM_GCC_541\Debug\w06_criticalRegion.a(RGB_PWM_green.o)
 .debug_line    0x00006378      0x144 .\CortexM3\ARM_GCC_541\Debug\w06_criticalRegion.a(RGB_PWM_blue.o)
 .debug_line    0x000064bc      0x180 .\CortexM3\ARM_GCC_541\Debug\w06_criticalRegion.a(UART_LOG_IntClock.o)
 .debug_line    0x0000663c      0x816 .\CortexM3\ARM_GCC_541\Debug\w06_criticalRegion.a(CyLib.o)
 .debug_line    0x00006e52      0x367 .\CortexM3\ARM_GCC_541\Debug\w06_criticalRegion.a(cyPm.o)
 .debug_line    0x000071b9      0x2dc .\CortexM3\ARM_GCC_541\Debug\w06_criticalRegion.a(USBUART.o)
 .debug_line    0x00007495      0x2f2 .\CortexM3\ARM_GCC_541\Debug\w06_criticalRegion.a(USBUART_cdc.o)
 .debug_line    0x00007787      0x221 .\CortexM3\ARM_GCC_541\Debug\w06_criticalRegion.a(USBUART_drv.o)
 .debug_line    0x000079a8       0xe6 .\CortexM3\ARM_GCC_541\Debug\w06_criticalRegion.a(USBUART_episr.o)
 .debug_line    0x00007a8e      0x10e .\CortexM3\ARM_GCC_541\Debug\w06_criticalRegion.a(USBUART_pm.o)
 .debug_line    0x00007b9c      0x3e2 .\CortexM3\ARM_GCC_541\Debug\w06_criticalRegion.a(USBUART_std.o)
 .debug_line    0x00007f7e       0x73 .\CortexM3\ARM_GCC_541\Debug\w06_criticalRegion.a(USBUART_vnd.o)
 .debug_line    0x00007ff1       0xbb .\CortexM3\ARM_GCC_541\Debug\w06_criticalRegion.a(USBUART_Dp.o)
 .debug_line    0x000080ac       0xae .\CortexM3\ARM_GCC_541\Debug\w06_criticalRegion.a(ErikaOS_1_ee_gnu_change_context_isr.o)
 .debug_line    0x0000815a       0x74 .\CortexM3\ARM_GCC_541\Debug\w06_criticalRegion.a(ErikaOS_1_ee_gnu_irq_stack.o)
 .debug_line    0x000081ce       0x9d .\CortexM3\ARM_GCC_541\Debug\w06_criticalRegion.a(ErikaOS_1_ee_gnu_multi_context.o)
 .debug_line    0x0000826b       0x99 .\CortexM3\ARM_GCC_541\Debug\w06_criticalRegion.a(ErikaOS_1_ee_gnu_oo.o)
 .debug_line    0x00008304       0x66 .\CortexM3\ARM_GCC_541\Debug\w06_criticalRegion.a(CyBootAsmGnu.o)
 .debug_line    0x0000836a      0x183 .\CortexM3\ARM_GCC_541\Debug\w06_criticalRegion.a(ErikaOS_1_ee_tnterm.o)
 .debug_line    0x000084ed      0x293 .\CortexM3\ARM_GCC_541\Debug\w06_criticalRegion.a(ErikaOS_1_ee_tstub.o)
 .debug_line    0x00008780      0x164 .\CortexM3\ARM_GCC_541\Debug\w06_criticalRegion.a(ErikaOS_1_ee_ulockallres.o)
 .debug_line    0x000088e4      0x1ac .\CortexM3\ARM_GCC_541\Debug\w06_criticalRegion.a(ErikaOS_1_cortex_mx_ee_context.o)
 .debug_line    0x00008a90      0x21a .\CortexM3\ARM_GCC_541\Debug\w06_criticalRegion.a(CyFlash.o)