ARM GAS  C:\Users\DABBIR~1\AppData\Local\Temp\ccSsIOhe.s 			page 1


   1              		.syntax unified
   2              		.cpu cortex-m3
   3              		.fpu softvfp
   4              		.eabi_attribute 20, 1
   5              		.eabi_attribute 21, 1
   6              		.eabi_attribute 23, 3
   7              		.eabi_attribute 24, 1
   8              		.eabi_attribute 25, 1
   9              		.eabi_attribute 26, 1
  10              		.eabi_attribute 30, 1
  11              		.eabi_attribute 34, 1
  12              		.eabi_attribute 18, 4
  13              		.thumb
  14              		.syntax unified
  15              		.file	"ErikaOS_1_cortex_mx_ee_context.c"
  16              		.text
  17              	.Ltext0:
  18              		.cfi_sections	.debug_frame
  19              		.section	.text.EE_std_run_task_code,"ax",%progbits
  20              		.align	2
  21              		.global	EE_std_run_task_code
  22              		.thumb
  23              		.thumb_func
  24              		.type	EE_std_run_task_code, %function
  25              	EE_std_run_task_code:
  26              	.LFB60:
  27              		.file 1 "Generated_Source\\PSoC5\\ErikaOS_1_cortex_mx_ee_context.c"
   1:Generated_Source\PSoC5/ErikaOS_1_cortex_mx_ee_context.c **** /* ###*B*###
   2:Generated_Source\PSoC5/ErikaOS_1_cortex_mx_ee_context.c ****  * ERIKA Enterprise - a tiny RTOS for small microcontrollers
   3:Generated_Source\PSoC5/ErikaOS_1_cortex_mx_ee_context.c ****  *
   4:Generated_Source\PSoC5/ErikaOS_1_cortex_mx_ee_context.c ****  * Copyright (C) 2002-2011  Evidence Srl
   5:Generated_Source\PSoC5/ErikaOS_1_cortex_mx_ee_context.c ****  *
   6:Generated_Source\PSoC5/ErikaOS_1_cortex_mx_ee_context.c ****  * This file is part of ERIKA Enterprise.
   7:Generated_Source\PSoC5/ErikaOS_1_cortex_mx_ee_context.c ****  *
   8:Generated_Source\PSoC5/ErikaOS_1_cortex_mx_ee_context.c ****  * ERIKA Enterprise is free software; you can redistribute it
   9:Generated_Source\PSoC5/ErikaOS_1_cortex_mx_ee_context.c ****  * and/or modify it under the terms of the GNU General Public License
  10:Generated_Source\PSoC5/ErikaOS_1_cortex_mx_ee_context.c ****  * version 2 as published by the Free Software Foundation, 
  11:Generated_Source\PSoC5/ErikaOS_1_cortex_mx_ee_context.c ****  * (with a special exception described below).
  12:Generated_Source\PSoC5/ErikaOS_1_cortex_mx_ee_context.c ****  *
  13:Generated_Source\PSoC5/ErikaOS_1_cortex_mx_ee_context.c ****  * Linking this code statically or dynamically with other modules is
  14:Generated_Source\PSoC5/ErikaOS_1_cortex_mx_ee_context.c ****  * making a combined work based on this code.  Thus, the terms and
  15:Generated_Source\PSoC5/ErikaOS_1_cortex_mx_ee_context.c ****  * conditions of the GNU General Public License cover the whole
  16:Generated_Source\PSoC5/ErikaOS_1_cortex_mx_ee_context.c ****  * combination.
  17:Generated_Source\PSoC5/ErikaOS_1_cortex_mx_ee_context.c ****  *
  18:Generated_Source\PSoC5/ErikaOS_1_cortex_mx_ee_context.c ****  * As a special exception, the copyright holders of this library give you
  19:Generated_Source\PSoC5/ErikaOS_1_cortex_mx_ee_context.c ****  * permission to link this code with independent modules to produce an
  20:Generated_Source\PSoC5/ErikaOS_1_cortex_mx_ee_context.c ****  * executable, regardless of the license terms of these independent
  21:Generated_Source\PSoC5/ErikaOS_1_cortex_mx_ee_context.c ****  * modules, and to copy and distribute the resulting executable under
  22:Generated_Source\PSoC5/ErikaOS_1_cortex_mx_ee_context.c ****  * terms of your choice, provided that you also meet, for each linked
  23:Generated_Source\PSoC5/ErikaOS_1_cortex_mx_ee_context.c ****  * independent module, the terms and conditions of the license of that
  24:Generated_Source\PSoC5/ErikaOS_1_cortex_mx_ee_context.c ****  * module.  An independent module is a module which is not derived from
  25:Generated_Source\PSoC5/ErikaOS_1_cortex_mx_ee_context.c ****  * or based on this library.  If you modify this code, you may extend
  26:Generated_Source\PSoC5/ErikaOS_1_cortex_mx_ee_context.c ****  * this exception to your version of the code, but you are not
  27:Generated_Source\PSoC5/ErikaOS_1_cortex_mx_ee_context.c ****  * obligated to do so.  If you do not wish to do so, delete this
  28:Generated_Source\PSoC5/ErikaOS_1_cortex_mx_ee_context.c ****  * exception statement from your version.
  29:Generated_Source\PSoC5/ErikaOS_1_cortex_mx_ee_context.c ****  *
  30:Generated_Source\PSoC5/ErikaOS_1_cortex_mx_ee_context.c ****  * ERIKA Enterprise is distributed in the hope that it will be
ARM GAS  C:\Users\DABBIR~1\AppData\Local\Temp\ccSsIOhe.s 			page 2


  31:Generated_Source\PSoC5/ErikaOS_1_cortex_mx_ee_context.c ****  * useful, but WITHOUT ANY WARRANTY; without even the implied warranty
  32:Generated_Source\PSoC5/ErikaOS_1_cortex_mx_ee_context.c ****  * of MERCHANTABILITY or FITNESS FOR A PARTICULAR PURPOSE.  See the
  33:Generated_Source\PSoC5/ErikaOS_1_cortex_mx_ee_context.c ****  * GNU General Public License version 2 for more details.
  34:Generated_Source\PSoC5/ErikaOS_1_cortex_mx_ee_context.c ****  *
  35:Generated_Source\PSoC5/ErikaOS_1_cortex_mx_ee_context.c ****  * You should have received a copy of the GNU General Public License
  36:Generated_Source\PSoC5/ErikaOS_1_cortex_mx_ee_context.c ****  * version 2 along with ERIKA Enterprise; if not, write to the
  37:Generated_Source\PSoC5/ErikaOS_1_cortex_mx_ee_context.c ****  * Free Software Foundation, Inc., 51 Franklin Street, Fifth Floor,
  38:Generated_Source\PSoC5/ErikaOS_1_cortex_mx_ee_context.c ****  * Boston, MA 02110-1301 USA.
  39:Generated_Source\PSoC5/ErikaOS_1_cortex_mx_ee_context.c ****  * ###*E*### */
  40:Generated_Source\PSoC5/ErikaOS_1_cortex_mx_ee_context.c **** 
  41:Generated_Source\PSoC5/ErikaOS_1_cortex_mx_ee_context.c **** /*
  42:Generated_Source\PSoC5/ErikaOS_1_cortex_mx_ee_context.c ****  * Context switch functions used in HAL implementations
  43:Generated_Source\PSoC5/ErikaOS_1_cortex_mx_ee_context.c ****  * Author: 2011 Gianluca Franchino
  44:Generated_Source\PSoC5/ErikaOS_1_cortex_mx_ee_context.c ****  *         2011 Giuseppe Serano
  45:Generated_Source\PSoC5/ErikaOS_1_cortex_mx_ee_context.c ****  */
  46:Generated_Source\PSoC5/ErikaOS_1_cortex_mx_ee_context.c **** 
  47:Generated_Source\PSoC5/ErikaOS_1_cortex_mx_ee_context.c **** /*
  48:Generated_Source\PSoC5/ErikaOS_1_cortex_mx_ee_context.c ****  * PSoC Port and API Generation
  49:Generated_Source\PSoC5/ErikaOS_1_cortex_mx_ee_context.c ****  * Carlos Fernando Meier Martinez
  50:Generated_Source\PSoC5/ErikaOS_1_cortex_mx_ee_context.c ****  * Hochschule Darmstadt, Germany. 2017.
  51:Generated_Source\PSoC5/ErikaOS_1_cortex_mx_ee_context.c ****  */
  52:Generated_Source\PSoC5/ErikaOS_1_cortex_mx_ee_context.c **** 
  53:Generated_Source\PSoC5/ErikaOS_1_cortex_mx_ee_context.c **** #include "ErikaOS_1_ee_internal.inc"
  54:Generated_Source\PSoC5/ErikaOS_1_cortex_mx_ee_context.c **** 
  55:Generated_Source\PSoC5/ErikaOS_1_cortex_mx_ee_context.c **** /* This version should work for both the monostack and multistack versions of
  56:Generated_Source\PSoC5/ErikaOS_1_cortex_mx_ee_context.c ****  * the kernel, thanks to the macros defined in cpu/common/inc/ee_context.inc.
  57:Generated_Source\PSoC5/ErikaOS_1_cortex_mx_ee_context.c ****  * In the mono version, all the stack-related stuff is ignored. */
  58:Generated_Source\PSoC5/ErikaOS_1_cortex_mx_ee_context.c **** EE_TID EE_std_run_task_code(EE_TID tid)
  59:Generated_Source\PSoC5/ErikaOS_1_cortex_mx_ee_context.c **** {
  28              		.loc 1 59 0
  29              		.cfi_startproc
  30              		@ args = 0, pretend = 0, frame = 0
  31              		@ frame_needed = 0, uses_anonymous_args = 0
  32              	.LVL0:
  33 0000 08B5     		push	{r3, lr}
  34              		.cfi_def_cfa_offset 8
  35              		.cfi_offset 3, -8
  36              		.cfi_offset 14, -4
  37              	.LBB14:
  38              	.LBB15:
  39              	.LBB16:
  40              		.file 2 "Generated_Source\\PSoC5\\ErikaOS_1_cortex_mx_ee_cpu.inc"
   1:Generated_Source\PSoC5/ErikaOS_1_cortex_mx_ee_cpu.inc **** /* ###*B*###
   2:Generated_Source\PSoC5/ErikaOS_1_cortex_mx_ee_cpu.inc ****  * ERIKA Enterprise - a tiny RTOS for small microcontrollers
   3:Generated_Source\PSoC5/ErikaOS_1_cortex_mx_ee_cpu.inc ****  *
   4:Generated_Source\PSoC5/ErikaOS_1_cortex_mx_ee_cpu.inc ****  * Copyright (C) 2002-2011  Evidence Srl
   5:Generated_Source\PSoC5/ErikaOS_1_cortex_mx_ee_cpu.inc ****  *
   6:Generated_Source\PSoC5/ErikaOS_1_cortex_mx_ee_cpu.inc ****  * This file is part of ERIKA Enterprise.
   7:Generated_Source\PSoC5/ErikaOS_1_cortex_mx_ee_cpu.inc ****  *
   8:Generated_Source\PSoC5/ErikaOS_1_cortex_mx_ee_cpu.inc ****  * ERIKA Enterprise is free software; you can redistribute it
   9:Generated_Source\PSoC5/ErikaOS_1_cortex_mx_ee_cpu.inc ****  * and/or modify it under the terms of the GNU General Public License
  10:Generated_Source\PSoC5/ErikaOS_1_cortex_mx_ee_cpu.inc ****  * version 2 as published by the Free Software Foundation, 
  11:Generated_Source\PSoC5/ErikaOS_1_cortex_mx_ee_cpu.inc ****  * (with a special exception described below).
  12:Generated_Source\PSoC5/ErikaOS_1_cortex_mx_ee_cpu.inc ****  *
  13:Generated_Source\PSoC5/ErikaOS_1_cortex_mx_ee_cpu.inc ****  * Linking this code statically or dynamically with other modules is
  14:Generated_Source\PSoC5/ErikaOS_1_cortex_mx_ee_cpu.inc ****  * making a combined work based on this code.  Thus, the terms and
  15:Generated_Source\PSoC5/ErikaOS_1_cortex_mx_ee_cpu.inc ****  * conditions of the GNU General Public License cover the whole
ARM GAS  C:\Users\DABBIR~1\AppData\Local\Temp\ccSsIOhe.s 			page 3


  16:Generated_Source\PSoC5/ErikaOS_1_cortex_mx_ee_cpu.inc ****  * combination.
  17:Generated_Source\PSoC5/ErikaOS_1_cortex_mx_ee_cpu.inc ****  *
  18:Generated_Source\PSoC5/ErikaOS_1_cortex_mx_ee_cpu.inc ****  * As a special exception, the copyright holders of this library give you
  19:Generated_Source\PSoC5/ErikaOS_1_cortex_mx_ee_cpu.inc ****  * permission to link this code with independent modules to produce an
  20:Generated_Source\PSoC5/ErikaOS_1_cortex_mx_ee_cpu.inc ****  * executable, regardless of the license terms of these independent
  21:Generated_Source\PSoC5/ErikaOS_1_cortex_mx_ee_cpu.inc ****  * modules, and to copy and distribute the resulting executable under
  22:Generated_Source\PSoC5/ErikaOS_1_cortex_mx_ee_cpu.inc ****  * terms of your choice, provided that you also meet, for each linked
  23:Generated_Source\PSoC5/ErikaOS_1_cortex_mx_ee_cpu.inc ****  * independent module, the terms and conditions of the license of that
  24:Generated_Source\PSoC5/ErikaOS_1_cortex_mx_ee_cpu.inc ****  * module.  An independent module is a module which is not derived from
  25:Generated_Source\PSoC5/ErikaOS_1_cortex_mx_ee_cpu.inc ****  * or based on this library.  If you modify this code, you may extend
  26:Generated_Source\PSoC5/ErikaOS_1_cortex_mx_ee_cpu.inc ****  * this exception to your version of the code, but you are not
  27:Generated_Source\PSoC5/ErikaOS_1_cortex_mx_ee_cpu.inc ****  * obligated to do so.  If you do not wish to do so, delete this
  28:Generated_Source\PSoC5/ErikaOS_1_cortex_mx_ee_cpu.inc ****  * exception statement from your version.
  29:Generated_Source\PSoC5/ErikaOS_1_cortex_mx_ee_cpu.inc ****  *
  30:Generated_Source\PSoC5/ErikaOS_1_cortex_mx_ee_cpu.inc ****  * ERIKA Enterprise is distributed in the hope that it will be
  31:Generated_Source\PSoC5/ErikaOS_1_cortex_mx_ee_cpu.inc ****  * useful, but WITHOUT ANY WARRANTY; without even the implied warranty
  32:Generated_Source\PSoC5/ErikaOS_1_cortex_mx_ee_cpu.inc ****  * of MERCHANTABILITY or FITNESS FOR A PARTICULAR PURPOSE.  See the
  33:Generated_Source\PSoC5/ErikaOS_1_cortex_mx_ee_cpu.inc ****  * GNU General Public License version 2 for more details.
  34:Generated_Source\PSoC5/ErikaOS_1_cortex_mx_ee_cpu.inc ****  *
  35:Generated_Source\PSoC5/ErikaOS_1_cortex_mx_ee_cpu.inc ****  * You should have received a copy of the GNU General Public License
  36:Generated_Source\PSoC5/ErikaOS_1_cortex_mx_ee_cpu.inc ****  * version 2 along with ERIKA Enterprise; if not, write to the
  37:Generated_Source\PSoC5/ErikaOS_1_cortex_mx_ee_cpu.inc ****  * Free Software Foundation, Inc., 51 Franklin Street, Fifth Floor,
  38:Generated_Source\PSoC5/ErikaOS_1_cortex_mx_ee_cpu.inc ****  * Boston, MA 02110-1301 USA.
  39:Generated_Source\PSoC5/ErikaOS_1_cortex_mx_ee_cpu.inc ****  * ###*E*### */
  40:Generated_Source\PSoC5/ErikaOS_1_cortex_mx_ee_cpu.inc **** 
  41:Generated_Source\PSoC5/ErikaOS_1_cortex_mx_ee_cpu.inc **** /** 
  42:Generated_Source\PSoC5/ErikaOS_1_cortex_mx_ee_cpu.inc **** 	@file ee_cpu.h
  43:Generated_Source\PSoC5/ErikaOS_1_cortex_mx_ee_cpu.inc **** 	@brief CPU-dependent part of HAL. Derived from pkg/cpu/pic30/inc/ee_cpu.h
  44:Generated_Source\PSoC5/ErikaOS_1_cortex_mx_ee_cpu.inc **** 	@author Gianluca Franchino
  45:Generated_Source\PSoC5/ErikaOS_1_cortex_mx_ee_cpu.inc **** 	@author Giuseppe Serano
  46:Generated_Source\PSoC5/ErikaOS_1_cortex_mx_ee_cpu.inc **** 	@date 2011
  47:Generated_Source\PSoC5/ErikaOS_1_cortex_mx_ee_cpu.inc **** */ 
  48:Generated_Source\PSoC5/ErikaOS_1_cortex_mx_ee_cpu.inc ****     
  49:Generated_Source\PSoC5/ErikaOS_1_cortex_mx_ee_cpu.inc **** /*
  50:Generated_Source\PSoC5/ErikaOS_1_cortex_mx_ee_cpu.inc ****  * PSoC Port and API Generation
  51:Generated_Source\PSoC5/ErikaOS_1_cortex_mx_ee_cpu.inc ****  * Carlos Fernando Meier Martinez
  52:Generated_Source\PSoC5/ErikaOS_1_cortex_mx_ee_cpu.inc ****  * Hochschule Darmstadt, Germany. 2017.
  53:Generated_Source\PSoC5/ErikaOS_1_cortex_mx_ee_cpu.inc ****  */
  54:Generated_Source\PSoC5/ErikaOS_1_cortex_mx_ee_cpu.inc **** 
  55:Generated_Source\PSoC5/ErikaOS_1_cortex_mx_ee_cpu.inc **** #ifndef __INCLUDE_CORTEX_MX_EE_CPU_H__
  56:Generated_Source\PSoC5/ErikaOS_1_cortex_mx_ee_cpu.inc **** #define __INCLUDE_CORTEX_MX_EE_CPU_H__
  57:Generated_Source\PSoC5/ErikaOS_1_cortex_mx_ee_cpu.inc **** 
  58:Generated_Source\PSoC5/ErikaOS_1_cortex_mx_ee_cpu.inc **** #include "ErikaOS_1_eecfg.inc"
  59:Generated_Source\PSoC5/ErikaOS_1_cortex_mx_ee_cpu.inc **** 
  60:Generated_Source\PSoC5/ErikaOS_1_cortex_mx_ee_cpu.inc **** 
  61:Generated_Source\PSoC5/ErikaOS_1_cortex_mx_ee_cpu.inc **** #ifdef __GNU__
  62:Generated_Source\PSoC5/ErikaOS_1_cortex_mx_ee_cpu.inc **** #include "ErikaOS_1_common_ee_compiler_gcc.inc"
  63:Generated_Source\PSoC5/ErikaOS_1_cortex_mx_ee_cpu.inc **** #endif
  64:Generated_Source\PSoC5/ErikaOS_1_cortex_mx_ee_cpu.inc **** 
  65:Generated_Source\PSoC5/ErikaOS_1_cortex_mx_ee_cpu.inc **** /* Initial stack offset (in words): Used in multistack. */
  66:Generated_Source\PSoC5/ErikaOS_1_cortex_mx_ee_cpu.inc **** #ifndef CORTEX_MX_INIT_TOS_OFFSET
  67:Generated_Source\PSoC5/ErikaOS_1_cortex_mx_ee_cpu.inc **** #define CORTEX_MX_INIT_TOS_OFFSET 10
  68:Generated_Source\PSoC5/ErikaOS_1_cortex_mx_ee_cpu.inc **** #endif
  69:Generated_Source\PSoC5/ErikaOS_1_cortex_mx_ee_cpu.inc **** 
  70:Generated_Source\PSoC5/ErikaOS_1_cortex_mx_ee_cpu.inc **** /*************************************************************************
  71:Generated_Source\PSoC5/ErikaOS_1_cortex_mx_ee_cpu.inc ****  HAL Types and structures
  72:Generated_Source\PSoC5/ErikaOS_1_cortex_mx_ee_cpu.inc ****  *************************************************************************/
ARM GAS  C:\Users\DABBIR~1\AppData\Local\Temp\ccSsIOhe.s 			page 4


  73:Generated_Source\PSoC5/ErikaOS_1_cortex_mx_ee_cpu.inc **** 
  74:Generated_Source\PSoC5/ErikaOS_1_cortex_mx_ee_cpu.inc **** /* Primitive data types */
  75:Generated_Source\PSoC5/ErikaOS_1_cortex_mx_ee_cpu.inc **** #include "ErikaOS_1_common_ee_types.inc"
  76:Generated_Source\PSoC5/ErikaOS_1_cortex_mx_ee_cpu.inc **** 
  77:Generated_Source\PSoC5/ErikaOS_1_cortex_mx_ee_cpu.inc **** typedef EE_UINT32 EE_UREG;
  78:Generated_Source\PSoC5/ErikaOS_1_cortex_mx_ee_cpu.inc **** typedef EE_INT32  EE_SREG;
  79:Generated_Source\PSoC5/ErikaOS_1_cortex_mx_ee_cpu.inc **** typedef EE_UINT32 EE_FREG;
  80:Generated_Source\PSoC5/ErikaOS_1_cortex_mx_ee_cpu.inc **** #define EE_UREG_SIZE 4
  81:Generated_Source\PSoC5/ErikaOS_1_cortex_mx_ee_cpu.inc **** 
  82:Generated_Source\PSoC5/ErikaOS_1_cortex_mx_ee_cpu.inc **** /* boolean type */
  83:Generated_Source\PSoC5/ErikaOS_1_cortex_mx_ee_cpu.inc **** #ifndef EE_TYPEBOOL
  84:Generated_Source\PSoC5/ErikaOS_1_cortex_mx_ee_cpu.inc **** typedef EE_UREG EE_TYPEBOOL;
  85:Generated_Source\PSoC5/ErikaOS_1_cortex_mx_ee_cpu.inc **** #endif
  86:Generated_Source\PSoC5/ErikaOS_1_cortex_mx_ee_cpu.inc **** 
  87:Generated_Source\PSoC5/ErikaOS_1_cortex_mx_ee_cpu.inc **** /* boolean true define */
  88:Generated_Source\PSoC5/ErikaOS_1_cortex_mx_ee_cpu.inc **** #ifndef EE_TRUE
  89:Generated_Source\PSoC5/ErikaOS_1_cortex_mx_ee_cpu.inc **** #define EE_TRUE ((EE_TYPEBOOL)1U)
  90:Generated_Source\PSoC5/ErikaOS_1_cortex_mx_ee_cpu.inc **** #endif
  91:Generated_Source\PSoC5/ErikaOS_1_cortex_mx_ee_cpu.inc **** 
  92:Generated_Source\PSoC5/ErikaOS_1_cortex_mx_ee_cpu.inc **** /* boolean false define */
  93:Generated_Source\PSoC5/ErikaOS_1_cortex_mx_ee_cpu.inc **** #ifndef EE_FALSE
  94:Generated_Source\PSoC5/ErikaOS_1_cortex_mx_ee_cpu.inc **** #define EE_FALSE ((EE_TYPEBOOL)0U)
  95:Generated_Source\PSoC5/ErikaOS_1_cortex_mx_ee_cpu.inc **** #endif
  96:Generated_Source\PSoC5/ErikaOS_1_cortex_mx_ee_cpu.inc **** 
  97:Generated_Source\PSoC5/ErikaOS_1_cortex_mx_ee_cpu.inc **** #define	EE_HWREG_PTR		volatile EE_UREG *
  98:Generated_Source\PSoC5/ErikaOS_1_cortex_mx_ee_cpu.inc **** #define	EE_HWREG_ADDR(x)	((EE_HWREG_PTR)(x))
  99:Generated_Source\PSoC5/ErikaOS_1_cortex_mx_ee_cpu.inc **** #define	EE_HWREG(x)		(*EE_HWREG_ADDR(x))
 100:Generated_Source\PSoC5/ErikaOS_1_cortex_mx_ee_cpu.inc **** 
 101:Generated_Source\PSoC5/ErikaOS_1_cortex_mx_ee_cpu.inc **** #ifdef __GNU__
 102:Generated_Source\PSoC5/ErikaOS_1_cortex_mx_ee_cpu.inc **** 
 103:Generated_Source\PSoC5/ErikaOS_1_cortex_mx_ee_cpu.inc **** /* Get current SP */
 104:Generated_Source\PSoC5/ErikaOS_1_cortex_mx_ee_cpu.inc **** __INLINE__ EE_UINT32  __current_sp(void)
 105:Generated_Source\PSoC5/ErikaOS_1_cortex_mx_ee_cpu.inc **** {
 106:Generated_Source\PSoC5/ErikaOS_1_cortex_mx_ee_cpu.inc **** EE_UINT32 temp;
 107:Generated_Source\PSoC5/ErikaOS_1_cortex_mx_ee_cpu.inc **** __ASM ("mov %0, sp" : "=r" (temp) : );
 108:Generated_Source\PSoC5/ErikaOS_1_cortex_mx_ee_cpu.inc **** return temp;
 109:Generated_Source\PSoC5/ErikaOS_1_cortex_mx_ee_cpu.inc **** }
 110:Generated_Source\PSoC5/ErikaOS_1_cortex_mx_ee_cpu.inc **** 
 111:Generated_Source\PSoC5/ErikaOS_1_cortex_mx_ee_cpu.inc **** /* Set a breakpoint */
 112:Generated_Source\PSoC5/ErikaOS_1_cortex_mx_ee_cpu.inc **** #define __breakpoint(value)	__ASM ("bkpt "#value)
 113:Generated_Source\PSoC5/ErikaOS_1_cortex_mx_ee_cpu.inc **** 
 114:Generated_Source\PSoC5/ErikaOS_1_cortex_mx_ee_cpu.inc **** #endif
 115:Generated_Source\PSoC5/ErikaOS_1_cortex_mx_ee_cpu.inc **** 
 116:Generated_Source\PSoC5/ErikaOS_1_cortex_mx_ee_cpu.inc **** /* ISR Priority representation type */
 117:Generated_Source\PSoC5/ErikaOS_1_cortex_mx_ee_cpu.inc **** typedef EE_UREG EE_TYPEISR2PRIO;
 118:Generated_Source\PSoC5/ErikaOS_1_cortex_mx_ee_cpu.inc **** 
 119:Generated_Source\PSoC5/ErikaOS_1_cortex_mx_ee_cpu.inc **** /* Thread IDs */
 120:Generated_Source\PSoC5/ErikaOS_1_cortex_mx_ee_cpu.inc **** typedef EE_INT32 EE_TID;
 121:Generated_Source\PSoC5/ErikaOS_1_cortex_mx_ee_cpu.inc **** 
 122:Generated_Source\PSoC5/ErikaOS_1_cortex_mx_ee_cpu.inc **** /* Thread IDs - unsigned version*/
 123:Generated_Source\PSoC5/ErikaOS_1_cortex_mx_ee_cpu.inc **** typedef EE_UINT32 EE_UTID;
 124:Generated_Source\PSoC5/ErikaOS_1_cortex_mx_ee_cpu.inc **** 
 125:Generated_Source\PSoC5/ErikaOS_1_cortex_mx_ee_cpu.inc **** /* Used by the common layer to decide whether to start a new thread */
 126:Generated_Source\PSoC5/ErikaOS_1_cortex_mx_ee_cpu.inc **** #define TID_IS_STACKED_MARK 0x80000000
 127:Generated_Source\PSoC5/ErikaOS_1_cortex_mx_ee_cpu.inc **** 
 128:Generated_Source\PSoC5/ErikaOS_1_cortex_mx_ee_cpu.inc **** /* EE_TYPEIRQ is currently unused */
 129:Generated_Source\PSoC5/ErikaOS_1_cortex_mx_ee_cpu.inc **** 
ARM GAS  C:\Users\DABBIR~1\AppData\Local\Temp\ccSsIOhe.s 			page 5


 130:Generated_Source\PSoC5/ErikaOS_1_cortex_mx_ee_cpu.inc **** /* XXX: define EE_TIME? */
 131:Generated_Source\PSoC5/ErikaOS_1_cortex_mx_ee_cpu.inc **** 
 132:Generated_Source\PSoC5/ErikaOS_1_cortex_mx_ee_cpu.inc **** /* Use the "standard" implementation */
 133:Generated_Source\PSoC5/ErikaOS_1_cortex_mx_ee_cpu.inc **** #include "ErikaOS_1_common_ee_hal_structs.inc"
 134:Generated_Source\PSoC5/ErikaOS_1_cortex_mx_ee_cpu.inc **** 
 135:Generated_Source\PSoC5/ErikaOS_1_cortex_mx_ee_cpu.inc **** /******************************************************************************
 136:Generated_Source\PSoC5/ErikaOS_1_cortex_mx_ee_cpu.inc ****  Application dependent data types
 137:Generated_Source\PSoC5/ErikaOS_1_cortex_mx_ee_cpu.inc ****  ******************************************************************************/
 138:Generated_Source\PSoC5/ErikaOS_1_cortex_mx_ee_cpu.inc **** 
 139:Generated_Source\PSoC5/ErikaOS_1_cortex_mx_ee_cpu.inc **** #ifdef	__HAS_TYPES_H__
 140:Generated_Source\PSoC5/ErikaOS_1_cortex_mx_ee_cpu.inc **** #include	"types.h"
 141:Generated_Source\PSoC5/ErikaOS_1_cortex_mx_ee_cpu.inc **** #endif
 142:Generated_Source\PSoC5/ErikaOS_1_cortex_mx_ee_cpu.inc **** 
 143:Generated_Source\PSoC5/ErikaOS_1_cortex_mx_ee_cpu.inc **** /******************************************************************************
 144:Generated_Source\PSoC5/ErikaOS_1_cortex_mx_ee_cpu.inc ****  CPU Peripherals
 145:Generated_Source\PSoC5/ErikaOS_1_cortex_mx_ee_cpu.inc ****  ******************************************************************************/
 146:Generated_Source\PSoC5/ErikaOS_1_cortex_mx_ee_cpu.inc **** 
 147:Generated_Source\PSoC5/ErikaOS_1_cortex_mx_ee_cpu.inc **** #ifdef __CORTEX_MX__
 148:Generated_Source\PSoC5/ErikaOS_1_cortex_mx_ee_cpu.inc **** #include "ErikaOS_1_cortex_mx_ee_nvic.inc"
 149:Generated_Source\PSoC5/ErikaOS_1_cortex_mx_ee_cpu.inc **** #include "ErikaOS_1_cortex_mx_ee_systick.inc"
 150:Generated_Source\PSoC5/ErikaOS_1_cortex_mx_ee_cpu.inc **** #endif
 151:Generated_Source\PSoC5/ErikaOS_1_cortex_mx_ee_cpu.inc **** 
 152:Generated_Source\PSoC5/ErikaOS_1_cortex_mx_ee_cpu.inc **** /******************************************************************************
 153:Generated_Source\PSoC5/ErikaOS_1_cortex_mx_ee_cpu.inc ****  HAL Variables
 154:Generated_Source\PSoC5/ErikaOS_1_cortex_mx_ee_cpu.inc ****  ******************************************************************************/
 155:Generated_Source\PSoC5/ErikaOS_1_cortex_mx_ee_cpu.inc **** 
 156:Generated_Source\PSoC5/ErikaOS_1_cortex_mx_ee_cpu.inc **** #ifdef __MULTI__
 157:Generated_Source\PSoC5/ErikaOS_1_cortex_mx_ee_cpu.inc **** 
 158:Generated_Source\PSoC5/ErikaOS_1_cortex_mx_ee_cpu.inc **** /* Top-of-stack of each private stack */
 159:Generated_Source\PSoC5/ErikaOS_1_cortex_mx_ee_cpu.inc **** extern struct EE_TOS EE_cortex_mx_system_tos[];
 160:Generated_Source\PSoC5/ErikaOS_1_cortex_mx_ee_cpu.inc **** //#define	EE_std_system_tos EE_cortex_mx_system_tos
 161:Generated_Source\PSoC5/ErikaOS_1_cortex_mx_ee_cpu.inc **** 
 162:Generated_Source\PSoC5/ErikaOS_1_cortex_mx_ee_cpu.inc **** /* Index of the current stack */
 163:Generated_Source\PSoC5/ErikaOS_1_cortex_mx_ee_cpu.inc **** extern EE_UREG EE_cortex_mx_active_tos;
 164:Generated_Source\PSoC5/ErikaOS_1_cortex_mx_ee_cpu.inc **** #define	EE_hal_active_tos EE_cortex_mx_active_tos
 165:Generated_Source\PSoC5/ErikaOS_1_cortex_mx_ee_cpu.inc **** 
 166:Generated_Source\PSoC5/ErikaOS_1_cortex_mx_ee_cpu.inc **** /*extern	EE_UREG EE_pic30_thread_tos[];
 167:Generated_Source\PSoC5/ErikaOS_1_cortex_mx_ee_cpu.inc **** #define	EE_std_thread_tos EE_pic30_thread_tos */
 168:Generated_Source\PSoC5/ErikaOS_1_cortex_mx_ee_cpu.inc **** #endif /* __MULTI__ */
 169:Generated_Source\PSoC5/ErikaOS_1_cortex_mx_ee_cpu.inc **** 
 170:Generated_Source\PSoC5/ErikaOS_1_cortex_mx_ee_cpu.inc **** /*********************************************************************
 171:Generated_Source\PSoC5/ErikaOS_1_cortex_mx_ee_cpu.inc ****  Cortex M0 interrupt disabling/enabling
 172:Generated_Source\PSoC5/ErikaOS_1_cortex_mx_ee_cpu.inc ****  *********************************************************************/
 173:Generated_Source\PSoC5/ErikaOS_1_cortex_mx_ee_cpu.inc **** 
 174:Generated_Source\PSoC5/ErikaOS_1_cortex_mx_ee_cpu.inc **** /* Used to check the value returned by EE_cortex_mx_disableIRQ */
 175:Generated_Source\PSoC5/ErikaOS_1_cortex_mx_ee_cpu.inc **** #define EE_cortex_mx_are_IRQs_enabled(ie) ((ie) ^ 1)
 176:Generated_Source\PSoC5/ErikaOS_1_cortex_mx_ee_cpu.inc **** 
 177:Generated_Source\PSoC5/ErikaOS_1_cortex_mx_ee_cpu.inc **** /**
 178:Generated_Source\PSoC5/ErikaOS_1_cortex_mx_ee_cpu.inc ****  * Enable interrupts
 179:Generated_Source\PSoC5/ErikaOS_1_cortex_mx_ee_cpu.inc ****  */
 180:Generated_Source\PSoC5/ErikaOS_1_cortex_mx_ee_cpu.inc **** __INLINE__ void  EE_cortex_mx_enableIRQ(void)
 181:Generated_Source\PSoC5/ErikaOS_1_cortex_mx_ee_cpu.inc **** {
 182:Generated_Source\PSoC5/ErikaOS_1_cortex_mx_ee_cpu.inc **** #ifdef __IAR__
 183:Generated_Source\PSoC5/ErikaOS_1_cortex_mx_ee_cpu.inc **** 	__ASM ("cpsie i");
 184:Generated_Source\PSoC5/ErikaOS_1_cortex_mx_ee_cpu.inc **** #else	/* __IAR__ */
 185:Generated_Source\PSoC5/ErikaOS_1_cortex_mx_ee_cpu.inc **** #ifdef __CCS__
 186:Generated_Source\PSoC5/ErikaOS_1_cortex_mx_ee_cpu.inc **** 	__ASM ("    cpsie    i\n");
ARM GAS  C:\Users\DABBIR~1\AppData\Local\Temp\ccSsIOhe.s 			page 6


 187:Generated_Source\PSoC5/ErikaOS_1_cortex_mx_ee_cpu.inc **** #else	/* __CCS__ */
 188:Generated_Source\PSoC5/ErikaOS_1_cortex_mx_ee_cpu.inc **** #ifdef __KEIL__
 189:Generated_Source\PSoC5/ErikaOS_1_cortex_mx_ee_cpu.inc **** 	__enable_irq();
 190:Generated_Source\PSoC5/ErikaOS_1_cortex_mx_ee_cpu.inc **** #else	/* __KEIL__ */
 191:Generated_Source\PSoC5/ErikaOS_1_cortex_mx_ee_cpu.inc **** 	__ASM volatile("cpsie i");
  41              		.loc 2 191 0
  42              		.syntax unified
  43              	@ 191 "Generated_Source\PSoC5\ErikaOS_1_cortex_mx_ee_cpu.inc" 1
  44 0002 62B6     		cpsie i
  45              	@ 0 "" 2
  46              		.thumb
  47              		.syntax unified
  48              	.LBE16:
  49              	.LBE15:
  50              	.LBE14:
  60:Generated_Source\PSoC5/ErikaOS_1_cortex_mx_ee_context.c ****     EE_hal_enableIRQ();
  61:Generated_Source\PSoC5/ErikaOS_1_cortex_mx_ee_context.c **** /* Call a the body of a task */
  62:Generated_Source\PSoC5/ErikaOS_1_cortex_mx_ee_context.c **** #if defined(__OO_BCC1__) || defined(__OO_BCC2__) || \
  63:Generated_Source\PSoC5/ErikaOS_1_cortex_mx_ee_context.c ****  defined(__OO_ECC1__) || defined(__OO_ECC2__)
  64:Generated_Source\PSoC5/ErikaOS_1_cortex_mx_ee_context.c ****     EE_oo_thread_stub();
  51              		.loc 1 64 0
  52 0004 FFF7FEFF 		bl	EE_oo_thread_stub
  53              	.LVL1:
  54              	.LBB17:
  55              	.LBB18:
  56              	.LBB19:
 192:Generated_Source\PSoC5/ErikaOS_1_cortex_mx_ee_cpu.inc **** #endif	/* !__KEIL__ */
 193:Generated_Source\PSoC5/ErikaOS_1_cortex_mx_ee_cpu.inc **** #endif	/* !__CCS__ */
 194:Generated_Source\PSoC5/ErikaOS_1_cortex_mx_ee_cpu.inc **** #endif	/* !__IAR__ */
 195:Generated_Source\PSoC5/ErikaOS_1_cortex_mx_ee_cpu.inc **** }
 196:Generated_Source\PSoC5/ErikaOS_1_cortex_mx_ee_cpu.inc **** 
 197:Generated_Source\PSoC5/ErikaOS_1_cortex_mx_ee_cpu.inc **** /**
 198:Generated_Source\PSoC5/ErikaOS_1_cortex_mx_ee_cpu.inc ****  * Disable interrupts
 199:Generated_Source\PSoC5/ErikaOS_1_cortex_mx_ee_cpu.inc ****  */
 200:Generated_Source\PSoC5/ErikaOS_1_cortex_mx_ee_cpu.inc **** __INLINE__ void  EE_cortex_mx_disableIRQ(void)
 201:Generated_Source\PSoC5/ErikaOS_1_cortex_mx_ee_cpu.inc **** {
 202:Generated_Source\PSoC5/ErikaOS_1_cortex_mx_ee_cpu.inc **** #ifdef __IAR__
 203:Generated_Source\PSoC5/ErikaOS_1_cortex_mx_ee_cpu.inc **** 	__ASM ("cpsid i");
 204:Generated_Source\PSoC5/ErikaOS_1_cortex_mx_ee_cpu.inc **** #else	/* __IAR__ */
 205:Generated_Source\PSoC5/ErikaOS_1_cortex_mx_ee_cpu.inc **** #ifdef __CCS__
 206:Generated_Source\PSoC5/ErikaOS_1_cortex_mx_ee_cpu.inc **** 	__ASM ("    cpsid    i\n");
 207:Generated_Source\PSoC5/ErikaOS_1_cortex_mx_ee_cpu.inc **** #else	/* __CCS__ */
 208:Generated_Source\PSoC5/ErikaOS_1_cortex_mx_ee_cpu.inc **** #ifdef __KEIL__
 209:Generated_Source\PSoC5/ErikaOS_1_cortex_mx_ee_cpu.inc **** 	__disable_irq();
 210:Generated_Source\PSoC5/ErikaOS_1_cortex_mx_ee_cpu.inc **** #else	/* __KEIL__ */
 211:Generated_Source\PSoC5/ErikaOS_1_cortex_mx_ee_cpu.inc **** 	__ASM volatile("cpsid i");
  57              		.loc 2 211 0
  58              		.syntax unified
  59              	@ 211 "Generated_Source\PSoC5\ErikaOS_1_cortex_mx_ee_cpu.inc" 1
  60 0008 72B6     		cpsid i
  61              	@ 0 "" 2
  62              		.thumb
  63              		.syntax unified
  64              	.LBE19:
  65              	.LBE18:
  66              	.LBE17:
  65:Generated_Source\PSoC5/ErikaOS_1_cortex_mx_ee_context.c ****     (void)tid;
ARM GAS  C:\Users\DABBIR~1\AppData\Local\Temp\ccSsIOhe.s 			page 7


  66:Generated_Source\PSoC5/ErikaOS_1_cortex_mx_ee_context.c **** #else
  67:Generated_Source\PSoC5/ErikaOS_1_cortex_mx_ee_context.c ****     /* Useless check to make MISRA-C happy. */
  68:Generated_Source\PSoC5/ErikaOS_1_cortex_mx_ee_context.c ****     if ( EE_hal_thread_body[tid] != 0 ) {
  69:Generated_Source\PSoC5/ErikaOS_1_cortex_mx_ee_context.c ****         EE_hal_thread_body[tid]();
  70:Generated_Source\PSoC5/ErikaOS_1_cortex_mx_ee_context.c ****     }
  71:Generated_Source\PSoC5/ErikaOS_1_cortex_mx_ee_context.c **** #endif
  72:Generated_Source\PSoC5/ErikaOS_1_cortex_mx_ee_context.c ****     EE_hal_disableIRQ();
  73:Generated_Source\PSoC5/ErikaOS_1_cortex_mx_ee_context.c ****     EE_thread_end_instance(); /* Call the scheduler */
  67              		.loc 1 73 0
  68 000a FFF7FEFF 		bl	EE_thread_end_instance
  69              	.LVL2:
  74:Generated_Source\PSoC5/ErikaOS_1_cortex_mx_ee_context.c ****     return EE_std_endcycle_next_tid;
  75:Generated_Source\PSoC5/ErikaOS_1_cortex_mx_ee_context.c **** }
  70              		.loc 1 75 0
  71 000e 014B     		ldr	r3, .L3
  72 0010 1868     		ldr	r0, [r3]
  73 0012 08BD     		pop	{r3, pc}
  74              	.L4:
  75              		.align	2
  76              	.L3:
  77 0014 00000000 		.word	EE_std_endcycle_next_tid
  78              		.cfi_endproc
  79              	.LFE60:
  80              		.size	EE_std_run_task_code, .-EE_std_run_task_code
  81              		.section	.text.EE_std_need_context_change,"ax",%progbits
  82              		.align	2
  83              		.global	EE_std_need_context_change
  84              		.thumb
  85              		.thumb_func
  86              		.type	EE_std_need_context_change, %function
  87              	EE_std_need_context_change:
  88              	.LFB61:
  76:Generated_Source\PSoC5/ErikaOS_1_cortex_mx_ee_context.c **** 
  77:Generated_Source\PSoC5/ErikaOS_1_cortex_mx_ee_context.c **** #ifdef __MULTI__
  78:Generated_Source\PSoC5/ErikaOS_1_cortex_mx_ee_context.c **** 
  79:Generated_Source\PSoC5/ErikaOS_1_cortex_mx_ee_context.c **** int EE_std_need_context_change(EE_TID tid)
  80:Generated_Source\PSoC5/ErikaOS_1_cortex_mx_ee_context.c **** {
  89              		.loc 1 80 0
  90              		.cfi_startproc
  91              		@ args = 0, pretend = 0, frame = 0
  92              		@ frame_needed = 0, uses_anonymous_args = 0
  93              		@ link register save eliminated.
  94              	.LVL3:
  81:Generated_Source\PSoC5/ErikaOS_1_cortex_mx_ee_context.c ****   /* FIXME: "tid+1" can be used as an index for arrays even when marked if
  82:Generated_Source\PSoC5/ErikaOS_1_cortex_mx_ee_context.c ****    * EE_TID is defined as an int.  Otherwise, the mark will cause a memory
  83:Generated_Source\PSoC5/ErikaOS_1_cortex_mx_ee_context.c ****    * access violation!  */
  84:Generated_Source\PSoC5/ErikaOS_1_cortex_mx_ee_context.c ****   EE_UTID utid;
  85:Generated_Source\PSoC5/ErikaOS_1_cortex_mx_ee_context.c ****   int need_context_change = 1;
  86:Generated_Source\PSoC5/ErikaOS_1_cortex_mx_ee_context.c ****   if (tid < 0) {
  95              		.loc 1 86 0
  96 0000 0028     		cmp	r0, #0
  97 0002 0BDA     		bge	.L7
  87:Generated_Source\PSoC5/ErikaOS_1_cortex_mx_ee_context.c ****     /* Unmark the tid to access the EE_std_thread_tos, otherwise undefined
  88:Generated_Source\PSoC5/ErikaOS_1_cortex_mx_ee_context.c ****        behaviour. (Index out of arrays boundaries)
  89:Generated_Source\PSoC5/ErikaOS_1_cortex_mx_ee_context.c ****        FIXME: #1
  90:Generated_Source\PSoC5/ErikaOS_1_cortex_mx_ee_context.c ****     */
  91:Generated_Source\PSoC5/ErikaOS_1_cortex_mx_ee_context.c ****     utid = (EE_UTID)tid & (~(EE_UTID)TID_IS_STACKED_MARK);
ARM GAS  C:\Users\DABBIR~1\AppData\Local\Temp\ccSsIOhe.s 			page 8


  98              		.loc 1 91 0
  99 0004 20F00040 		bic	r0, r0, #-2147483648
 100              	.LVL4:
  92:Generated_Source\PSoC5/ErikaOS_1_cortex_mx_ee_context.c ****     need_context_change = (EE_hal_active_tos != EE_std_thread_tos[utid + 1U]);
 101              		.loc 1 92 0
 102 0008 0130     		adds	r0, r0, #1
 103              	.LVL5:
 104 000a 054B     		ldr	r3, .L8
 105 000c 53F82000 		ldr	r0, [r3, r0, lsl #2]
 106              	.LVL6:
 107 0010 044B     		ldr	r3, .L8+4
 108 0012 1B68     		ldr	r3, [r3]
 109 0014 181A     		subs	r0, r3, r0
 110 0016 18BF     		it	ne
 111 0018 0120     		movne	r0, #1
 112              	.LVL7:
 113 001a 7047     		bx	lr
 114              	.LVL8:
 115              	.L7:
  85:Generated_Source\PSoC5/ErikaOS_1_cortex_mx_ee_context.c ****   if (tid < 0) {
 116              		.loc 1 85 0
 117 001c 0120     		movs	r0, #1
 118              	.LVL9:
  93:Generated_Source\PSoC5/ErikaOS_1_cortex_mx_ee_context.c ****   }
  94:Generated_Source\PSoC5/ErikaOS_1_cortex_mx_ee_context.c ****   return need_context_change;
  95:Generated_Source\PSoC5/ErikaOS_1_cortex_mx_ee_context.c **** }
 119              		.loc 1 95 0
 120 001e 7047     		bx	lr
 121              	.L9:
 122              		.align	2
 123              	.L8:
 124 0020 00000000 		.word	EE_std_thread_tos
 125 0024 00000000 		.word	EE_cortex_mx_active_tos
 126              		.cfi_endproc
 127              	.LFE61:
 128              		.size	EE_std_need_context_change, .-EE_std_need_context_change
 129              		.text
 130              	.Letext0:
 131              		.file 3 "Generated_Source\\PSoC5\\ErikaOS_1_common_ee_types.inc"
 132              		.file 4 "Generated_Source\\PSoC5\\ErikaOS_1_ee_oo_common.inc"
 133              		.file 5 "Generated_Source\\PSoC5\\ErikaOS_1_common_ee_hal_structs.inc"
 134              		.file 6 "Generated_Source\\PSoC5\\ErikaOS_1_common_ee_primitives.inc"
 135              		.file 7 "Generated_Source\\PSoC5\\ErikaOS_1_cortex_mx_ee_context.inc"
 136              		.file 8 "Generated_Source\\PSoC5\\ErikaOS_1_ee_oo_intfunc.inc"
 137              		.file 9 "Generated_Source\\PSoC5\\ErikaOS_1_ee_oo_internal.inc"
 138              		.section	.debug_info,"",%progbits
 139              	.Ldebug_info0:
 140 0000 3D030000 		.4byte	0x33d
 141 0004 0400     		.2byte	0x4
 142 0006 00000000 		.4byte	.Ldebug_abbrev0
 143 000a 04       		.byte	0x4
 144 000b 01       		.uleb128 0x1
 145 000c 96030000 		.4byte	.LASF50
 146 0010 0C       		.byte	0xc
 147 0011 99020000 		.4byte	.LASF51
 148 0015 F6000000 		.4byte	.LASF52
 149 0019 00000000 		.4byte	.Ldebug_ranges0+0
ARM GAS  C:\Users\DABBIR~1\AppData\Local\Temp\ccSsIOhe.s 			page 9


 150 001d 00000000 		.4byte	0
 151 0021 00000000 		.4byte	.Ldebug_line0
 152 0025 02       		.uleb128 0x2
 153 0026 01       		.byte	0x1
 154 0027 06       		.byte	0x6
 155 0028 04020000 		.4byte	.LASF0
 156 002c 02       		.uleb128 0x2
 157 002d 01       		.byte	0x1
 158 002e 08       		.byte	0x8
 159 002f C2010000 		.4byte	.LASF1
 160 0033 02       		.uleb128 0x2
 161 0034 02       		.byte	0x2
 162 0035 05       		.byte	0x5
 163 0036 63000000 		.4byte	.LASF2
 164 003a 02       		.uleb128 0x2
 165 003b 02       		.byte	0x2
 166 003c 07       		.byte	0x7
 167 003d 86020000 		.4byte	.LASF3
 168 0041 02       		.uleb128 0x2
 169 0042 04       		.byte	0x4
 170 0043 05       		.byte	0x5
 171 0044 77010000 		.4byte	.LASF4
 172 0048 02       		.uleb128 0x2
 173 0049 04       		.byte	0x4
 174 004a 07       		.byte	0x7
 175 004b 02030000 		.4byte	.LASF5
 176 004f 02       		.uleb128 0x2
 177 0050 08       		.byte	0x8
 178 0051 05       		.byte	0x5
 179 0052 D0000000 		.4byte	.LASF6
 180 0056 02       		.uleb128 0x2
 181 0057 08       		.byte	0x8
 182 0058 07       		.byte	0x7
 183 0059 10020000 		.4byte	.LASF7
 184 005d 03       		.uleb128 0x3
 185 005e 04       		.byte	0x4
 186 005f 05       		.byte	0x5
 187 0060 696E7400 		.ascii	"int\000"
 188 0064 02       		.uleb128 0x2
 189 0065 04       		.byte	0x4
 190 0066 07       		.byte	0x7
 191 0067 39020000 		.4byte	.LASF8
 192 006b 02       		.uleb128 0x2
 193 006c 08       		.byte	0x8
 194 006d 04       		.byte	0x4
 195 006e B6010000 		.4byte	.LASF9
 196 0072 04       		.uleb128 0x4
 197 0073 DE000000 		.4byte	.LASF10
 198 0077 03       		.byte	0x3
 199 0078 3F       		.byte	0x3f
 200 0079 25000000 		.4byte	0x25
 201 007d 04       		.uleb128 0x4
 202 007e D1020000 		.4byte	.LASF11
 203 0082 03       		.byte	0x3
 204 0083 52       		.byte	0x52
 205 0084 3A000000 		.4byte	0x3a
 206 0088 04       		.uleb128 0x4
ARM GAS  C:\Users\DABBIR~1\AppData\Local\Temp\ccSsIOhe.s 			page 10


 207 0089 7D020000 		.4byte	.LASF12
 208 008d 03       		.byte	0x3
 209 008e 53       		.byte	0x53
 210 008f 5D000000 		.4byte	0x5d
 211 0093 04       		.uleb128 0x4
 212 0094 7E000000 		.4byte	.LASF13
 213 0098 03       		.byte	0x3
 214 0099 54       		.byte	0x54
 215 009a 64000000 		.4byte	0x64
 216 009e 04       		.uleb128 0x4
 217 009f 26000000 		.4byte	.LASF14
 218 00a3 02       		.byte	0x2
 219 00a4 4D       		.byte	0x4d
 220 00a5 93000000 		.4byte	0x93
 221 00a9 04       		.uleb128 0x4
 222 00aa 76000000 		.4byte	.LASF15
 223 00ae 02       		.byte	0x2
 224 00af 4F       		.byte	0x4f
 225 00b0 93000000 		.4byte	0x93
 226 00b4 04       		.uleb128 0x4
 227 00b5 14030000 		.4byte	.LASF16
 228 00b9 02       		.byte	0x2
 229 00ba 54       		.byte	0x54
 230 00bb 9E000000 		.4byte	0x9e
 231 00bf 04       		.uleb128 0x4
 232 00c0 99000000 		.4byte	.LASF17
 233 00c4 02       		.byte	0x2
 234 00c5 78       		.byte	0x78
 235 00c6 88000000 		.4byte	0x88
 236 00ca 04       		.uleb128 0x4
 237 00cb 43030000 		.4byte	.LASF18
 238 00cf 02       		.byte	0x2
 239 00d0 7B       		.byte	0x7b
 240 00d1 93000000 		.4byte	0x93
 241 00d5 05       		.uleb128 0x5
 242 00d6 E6000000 		.4byte	.LASF19
 243 00da 04       		.byte	0x4
 244 00db 1101     		.2byte	0x111
 245 00dd 7D000000 		.4byte	0x7d
 246 00e1 06       		.uleb128 0x6
 247 00e2 2C030000 		.4byte	.LASF20
 248 00e6 02       		.byte	0x2
 249 00e7 B4       		.byte	0xb4
 250 00e8 03       		.byte	0x3
 251 00e9 06       		.uleb128 0x6
 252 00ea D0010000 		.4byte	.LASF21
 253 00ee 02       		.byte	0x2
 254 00ef C8       		.byte	0xc8
 255 00f0 03       		.byte	0x3
 256 00f1 07       		.uleb128 0x7
 257 00f2 46020000 		.4byte	.LASF22
 258 00f6 02       		.byte	0x2
 259 00f7 9C01     		.2byte	0x19c
 260 00f9 03       		.byte	0x3
 261 00fa 07       		.uleb128 0x7
 262 00fb 2E000000 		.4byte	.LASF23
 263 00ff 02       		.byte	0x2
ARM GAS  C:\Users\DABBIR~1\AppData\Local\Temp\ccSsIOhe.s 			page 11


 264 0100 9601     		.2byte	0x196
 265 0102 03       		.byte	0x3
 266 0103 08       		.uleb128 0x8
 267 0104 3C040000 		.4byte	.LASF24
 268 0108 01       		.byte	0x1
 269 0109 3A       		.byte	0x3a
 270 010a BF000000 		.4byte	0xbf
 271 010e 00000000 		.4byte	.LFB60
 272 0112 18000000 		.4byte	.LFE60-.LFB60
 273 0116 01       		.uleb128 0x1
 274 0117 9C       		.byte	0x9c
 275 0118 86010000 		.4byte	0x186
 276 011c 09       		.uleb128 0x9
 277 011d 74696400 		.ascii	"tid\000"
 278 0121 01       		.byte	0x1
 279 0122 3A       		.byte	0x3a
 280 0123 BF000000 		.4byte	0xbf
 281 0127 00000000 		.4byte	.LLST0
 282 012b 0A       		.uleb128 0xa
 283 012c FA000000 		.4byte	0xfa
 284 0130 02000000 		.4byte	.LBB14
 285 0134 02000000 		.4byte	.LBE14-.LBB14
 286 0138 01       		.byte	0x1
 287 0139 3C       		.byte	0x3c
 288 013a 4F010000 		.4byte	0x14f
 289 013e 0B       		.uleb128 0xb
 290 013f E1000000 		.4byte	0xe1
 291 0143 02000000 		.4byte	.LBB15
 292 0147 02000000 		.4byte	.LBE15-.LBB15
 293 014b 02       		.byte	0x2
 294 014c 9801     		.2byte	0x198
 295 014e 00       		.byte	0
 296 014f 0A       		.uleb128 0xa
 297 0150 F1000000 		.4byte	0xf1
 298 0154 08000000 		.4byte	.LBB17
 299 0158 02000000 		.4byte	.LBE17-.LBB17
 300 015c 01       		.byte	0x1
 301 015d 48       		.byte	0x48
 302 015e 73010000 		.4byte	0x173
 303 0162 0B       		.uleb128 0xb
 304 0163 E9000000 		.4byte	0xe9
 305 0167 08000000 		.4byte	.LBB18
 306 016b 02000000 		.4byte	.LBE18-.LBB18
 307 016f 02       		.byte	0x2
 308 0170 9E01     		.2byte	0x19e
 309 0172 00       		.byte	0
 310 0173 0C       		.uleb128 0xc
 311 0174 08000000 		.4byte	.LVL1
 312 0178 28030000 		.4byte	0x328
 313 017c 0C       		.uleb128 0xc
 314 017d 0E000000 		.4byte	.LVL2
 315 0181 34030000 		.4byte	0x334
 316 0185 00       		.byte	0
 317 0186 08       		.uleb128 0x8
 318 0187 A0000000 		.4byte	.LASF25
 319 018b 01       		.byte	0x1
 320 018c 4F       		.byte	0x4f
ARM GAS  C:\Users\DABBIR~1\AppData\Local\Temp\ccSsIOhe.s 			page 12


 321 018d 5D000000 		.4byte	0x5d
 322 0191 00000000 		.4byte	.LFB61
 323 0195 28000000 		.4byte	.LFE61-.LFB61
 324 0199 01       		.uleb128 0x1
 325 019a 9C       		.byte	0x9c
 326 019b CD010000 		.4byte	0x1cd
 327 019f 09       		.uleb128 0x9
 328 01a0 74696400 		.ascii	"tid\000"
 329 01a4 01       		.byte	0x1
 330 01a5 4F       		.byte	0x4f
 331 01a6 BF000000 		.4byte	0xbf
 332 01aa 21000000 		.4byte	.LLST1
 333 01ae 0D       		.uleb128 0xd
 334 01af FF010000 		.4byte	.LASF26
 335 01b3 01       		.byte	0x1
 336 01b4 54       		.byte	0x54
 337 01b5 CA000000 		.4byte	0xca
 338 01b9 5B000000 		.4byte	.LLST2
 339 01bd 0D       		.uleb128 0xd
 340 01be DB020000 		.4byte	.LASF27
 341 01c2 01       		.byte	0x1
 342 01c3 55       		.byte	0x55
 343 01c4 5D000000 		.4byte	0x5d
 344 01c8 8F000000 		.4byte	.LLST3
 345 01cc 00       		.byte	0
 346 01cd 0E       		.uleb128 0xe
 347 01ce E4010000 		.4byte	0x1e4
 348 01d2 DD010000 		.4byte	0x1dd
 349 01d6 0F       		.uleb128 0xf
 350 01d7 DD010000 		.4byte	0x1dd
 351 01db 04       		.byte	0x4
 352 01dc 00       		.byte	0
 353 01dd 02       		.uleb128 0x2
 354 01de 04       		.byte	0x4
 355 01df 07       		.byte	0x7
 356 01e0 6D000000 		.4byte	.LASF28
 357 01e4 10       		.uleb128 0x10
 358 01e5 9E000000 		.4byte	0x9e
 359 01e9 11       		.uleb128 0x11
 360 01ea 27020000 		.4byte	.LASF29
 361 01ee 05       		.byte	0x5
 362 01ef 67       		.byte	0x67
 363 01f0 F4010000 		.4byte	0x1f4
 364 01f4 10       		.uleb128 0x10
 365 01f5 CD010000 		.4byte	0x1cd
 366 01f9 11       		.uleb128 0x11
 367 01fa 00000000 		.4byte	.LASF30
 368 01fe 02       		.byte	0x2
 369 01ff A3       		.byte	0xa3
 370 0200 9E000000 		.4byte	0x9e
 371 0204 11       		.uleb128 0x11
 372 0205 BB000000 		.4byte	.LASF31
 373 0209 06       		.byte	0x6
 374 020a 44       		.byte	0x44
 375 020b 9E000000 		.4byte	0x9e
 376 020f 11       		.uleb128 0x11
 377 0210 64020000 		.4byte	.LASF32
ARM GAS  C:\Users\DABBIR~1\AppData\Local\Temp\ccSsIOhe.s 			page 13


 378 0214 07       		.byte	0x7
 379 0215 48       		.byte	0x48
 380 0216 BF000000 		.4byte	0xbf
 381 021a 0E       		.uleb128 0xe
 382 021b E4010000 		.4byte	0x1e4
 383 021f 2A020000 		.4byte	0x22a
 384 0223 0F       		.uleb128 0xf
 385 0224 DD010000 		.4byte	0x1dd
 386 0228 03       		.byte	0x3
 387 0229 00       		.byte	0
 388 022a 11       		.uleb128 0x11
 389 022b 88000000 		.4byte	.LASF33
 390 022f 04       		.byte	0x4
 391 0230 B2       		.byte	0xb2
 392 0231 35020000 		.4byte	0x235
 393 0235 10       		.uleb128 0x10
 394 0236 1A020000 		.4byte	0x21a
 395 023a 11       		.uleb128 0x11
 396 023b 65030000 		.4byte	.LASF34
 397 023f 04       		.byte	0x4
 398 0240 B3       		.byte	0xb3
 399 0241 45020000 		.4byte	0x245
 400 0245 10       		.uleb128 0x10
 401 0246 1A020000 		.4byte	0x21a
 402 024a 0E       		.uleb128 0xe
 403 024b 9E000000 		.4byte	0x9e
 404 024f 5A020000 		.4byte	0x25a
 405 0253 0F       		.uleb128 0xf
 406 0254 DD010000 		.4byte	0x1dd
 407 0258 03       		.byte	0x3
 408 0259 00       		.byte	0
 409 025a 11       		.uleb128 0x11
 410 025b 58030000 		.4byte	.LASF35
 411 025f 04       		.byte	0x4
 412 0260 CA       		.byte	0xca
 413 0261 4A020000 		.4byte	0x24a
 414 0265 0E       		.uleb128 0xe
 415 0266 BF000000 		.4byte	0xbf
 416 026a 75020000 		.4byte	0x275
 417 026e 0F       		.uleb128 0xf
 418 026f DD010000 		.4byte	0x1dd
 419 0273 03       		.byte	0x3
 420 0274 00       		.byte	0
 421 0275 11       		.uleb128 0x11
 422 0276 79030000 		.4byte	.LASF36
 423 027a 04       		.byte	0x4
 424 027b D2       		.byte	0xd2
 425 027c 65020000 		.4byte	0x265
 426 0280 11       		.uleb128 0x11
 427 0281 58020000 		.4byte	.LASF37
 428 0285 04       		.byte	0x4
 429 0286 DA       		.byte	0xda
 430 0287 4A020000 		.4byte	0x24a
 431 028b 11       		.uleb128 0x11
 432 028c 20030000 		.4byte	.LASF38
 433 0290 04       		.byte	0x4
 434 0291 E2       		.byte	0xe2
ARM GAS  C:\Users\DABBIR~1\AppData\Local\Temp\ccSsIOhe.s 			page 14


 435 0292 BF000000 		.4byte	0xbf
 436 0296 11       		.uleb128 0x11
 437 0297 A7010000 		.4byte	.LASF39
 438 029b 04       		.byte	0x4
 439 029c F7       		.byte	0xf7
 440 029d 9E000000 		.4byte	0x9e
 441 02a1 12       		.uleb128 0x12
 442 02a2 18000000 		.4byte	.LASF40
 443 02a6 04       		.byte	0x4
 444 02a7 3F01     		.2byte	0x13f
 445 02a9 D5000000 		.4byte	0xd5
 446 02ad 12       		.uleb128 0x12
 447 02ae 3F000000 		.4byte	.LASF41
 448 02b2 04       		.byte	0x4
 449 02b3 5C01     		.2byte	0x15c
 450 02b5 4A020000 		.4byte	0x24a
 451 02b9 0E       		.uleb128 0xe
 452 02ba B4000000 		.4byte	0xb4
 453 02be C9020000 		.4byte	0x2c9
 454 02c2 0F       		.uleb128 0xf
 455 02c3 DD010000 		.4byte	0x1dd
 456 02c7 03       		.byte	0x3
 457 02c8 00       		.byte	0
 458 02c9 12       		.uleb128 0x12
 459 02ca 52000000 		.4byte	.LASF42
 460 02ce 04       		.byte	0x4
 461 02cf 6701     		.2byte	0x167
 462 02d1 B9020000 		.4byte	0x2b9
 463 02d5 11       		.uleb128 0x11
 464 02d6 24040000 		.4byte	.LASF43
 465 02da 08       		.byte	0x8
 466 02db 40       		.byte	0x40
 467 02dc 9E000000 		.4byte	0x9e
 468 02e0 11       		.uleb128 0x11
 469 02e1 80010000 		.4byte	.LASF44
 470 02e5 08       		.byte	0x8
 471 02e6 47       		.byte	0x47
 472 02e7 A9000000 		.4byte	0xa9
 473 02eb 11       		.uleb128 0x11
 474 02ec EF020000 		.4byte	.LASF45
 475 02f0 08       		.byte	0x8
 476 02f1 4A       		.byte	0x4a
 477 02f2 9E000000 		.4byte	0x9e
 478 02f6 0E       		.uleb128 0xe
 479 02f7 06030000 		.4byte	0x306
 480 02fb 06030000 		.4byte	0x306
 481 02ff 0F       		.uleb128 0xf
 482 0300 DD010000 		.4byte	0x1dd
 483 0304 FF       		.byte	0xff
 484 0305 00       		.byte	0
 485 0306 10       		.uleb128 0x10
 486 0307 72000000 		.4byte	0x72
 487 030b 12       		.uleb128 0x12
 488 030c 4B030000 		.4byte	.LASF46
 489 0310 09       		.byte	0x9
 490 0311 AB01     		.2byte	0x1ab
 491 0313 17030000 		.4byte	0x317
ARM GAS  C:\Users\DABBIR~1\AppData\Local\Temp\ccSsIOhe.s 			page 15


 492 0317 10       		.uleb128 0x10
 493 0318 F6020000 		.4byte	0x2f6
 494 031c 12       		.uleb128 0x12
 495 031d 99010000 		.4byte	.LASF47
 496 0321 09       		.byte	0x9
 497 0322 1602     		.2byte	0x216
 498 0324 9E000000 		.4byte	0x9e
 499 0328 13       		.uleb128 0x13
 500 0329 84030000 		.4byte	.LASF48
 501 032d 84030000 		.4byte	.LASF48
 502 0331 04       		.byte	0x4
 503 0332 E701     		.2byte	0x1e7
 504 0334 13       		.uleb128 0x13
 505 0335 E8010000 		.4byte	.LASF49
 506 0339 E8010000 		.4byte	.LASF49
 507 033d 09       		.byte	0x9
 508 033e 1002     		.2byte	0x210
 509 0340 00       		.byte	0
 510              		.section	.debug_abbrev,"",%progbits
 511              	.Ldebug_abbrev0:
 512 0000 01       		.uleb128 0x1
 513 0001 11       		.uleb128 0x11
 514 0002 01       		.byte	0x1
 515 0003 25       		.uleb128 0x25
 516 0004 0E       		.uleb128 0xe
 517 0005 13       		.uleb128 0x13
 518 0006 0B       		.uleb128 0xb
 519 0007 03       		.uleb128 0x3
 520 0008 0E       		.uleb128 0xe
 521 0009 1B       		.uleb128 0x1b
 522 000a 0E       		.uleb128 0xe
 523 000b 55       		.uleb128 0x55
 524 000c 17       		.uleb128 0x17
 525 000d 11       		.uleb128 0x11
 526 000e 01       		.uleb128 0x1
 527 000f 10       		.uleb128 0x10
 528 0010 17       		.uleb128 0x17
 529 0011 00       		.byte	0
 530 0012 00       		.byte	0
 531 0013 02       		.uleb128 0x2
 532 0014 24       		.uleb128 0x24
 533 0015 00       		.byte	0
 534 0016 0B       		.uleb128 0xb
 535 0017 0B       		.uleb128 0xb
 536 0018 3E       		.uleb128 0x3e
 537 0019 0B       		.uleb128 0xb
 538 001a 03       		.uleb128 0x3
 539 001b 0E       		.uleb128 0xe
 540 001c 00       		.byte	0
 541 001d 00       		.byte	0
 542 001e 03       		.uleb128 0x3
 543 001f 24       		.uleb128 0x24
 544 0020 00       		.byte	0
 545 0021 0B       		.uleb128 0xb
 546 0022 0B       		.uleb128 0xb
 547 0023 3E       		.uleb128 0x3e
 548 0024 0B       		.uleb128 0xb
ARM GAS  C:\Users\DABBIR~1\AppData\Local\Temp\ccSsIOhe.s 			page 16


 549 0025 03       		.uleb128 0x3
 550 0026 08       		.uleb128 0x8
 551 0027 00       		.byte	0
 552 0028 00       		.byte	0
 553 0029 04       		.uleb128 0x4
 554 002a 16       		.uleb128 0x16
 555 002b 00       		.byte	0
 556 002c 03       		.uleb128 0x3
 557 002d 0E       		.uleb128 0xe
 558 002e 3A       		.uleb128 0x3a
 559 002f 0B       		.uleb128 0xb
 560 0030 3B       		.uleb128 0x3b
 561 0031 0B       		.uleb128 0xb
 562 0032 49       		.uleb128 0x49
 563 0033 13       		.uleb128 0x13
 564 0034 00       		.byte	0
 565 0035 00       		.byte	0
 566 0036 05       		.uleb128 0x5
 567 0037 16       		.uleb128 0x16
 568 0038 00       		.byte	0
 569 0039 03       		.uleb128 0x3
 570 003a 0E       		.uleb128 0xe
 571 003b 3A       		.uleb128 0x3a
 572 003c 0B       		.uleb128 0xb
 573 003d 3B       		.uleb128 0x3b
 574 003e 05       		.uleb128 0x5
 575 003f 49       		.uleb128 0x49
 576 0040 13       		.uleb128 0x13
 577 0041 00       		.byte	0
 578 0042 00       		.byte	0
 579 0043 06       		.uleb128 0x6
 580 0044 2E       		.uleb128 0x2e
 581 0045 00       		.byte	0
 582 0046 03       		.uleb128 0x3
 583 0047 0E       		.uleb128 0xe
 584 0048 3A       		.uleb128 0x3a
 585 0049 0B       		.uleb128 0xb
 586 004a 3B       		.uleb128 0x3b
 587 004b 0B       		.uleb128 0xb
 588 004c 27       		.uleb128 0x27
 589 004d 19       		.uleb128 0x19
 590 004e 20       		.uleb128 0x20
 591 004f 0B       		.uleb128 0xb
 592 0050 00       		.byte	0
 593 0051 00       		.byte	0
 594 0052 07       		.uleb128 0x7
 595 0053 2E       		.uleb128 0x2e
 596 0054 00       		.byte	0
 597 0055 03       		.uleb128 0x3
 598 0056 0E       		.uleb128 0xe
 599 0057 3A       		.uleb128 0x3a
 600 0058 0B       		.uleb128 0xb
 601 0059 3B       		.uleb128 0x3b
 602 005a 05       		.uleb128 0x5
 603 005b 27       		.uleb128 0x27
 604 005c 19       		.uleb128 0x19
 605 005d 20       		.uleb128 0x20
ARM GAS  C:\Users\DABBIR~1\AppData\Local\Temp\ccSsIOhe.s 			page 17


 606 005e 0B       		.uleb128 0xb
 607 005f 00       		.byte	0
 608 0060 00       		.byte	0
 609 0061 08       		.uleb128 0x8
 610 0062 2E       		.uleb128 0x2e
 611 0063 01       		.byte	0x1
 612 0064 3F       		.uleb128 0x3f
 613 0065 19       		.uleb128 0x19
 614 0066 03       		.uleb128 0x3
 615 0067 0E       		.uleb128 0xe
 616 0068 3A       		.uleb128 0x3a
 617 0069 0B       		.uleb128 0xb
 618 006a 3B       		.uleb128 0x3b
 619 006b 0B       		.uleb128 0xb
 620 006c 27       		.uleb128 0x27
 621 006d 19       		.uleb128 0x19
 622 006e 49       		.uleb128 0x49
 623 006f 13       		.uleb128 0x13
 624 0070 11       		.uleb128 0x11
 625 0071 01       		.uleb128 0x1
 626 0072 12       		.uleb128 0x12
 627 0073 06       		.uleb128 0x6
 628 0074 40       		.uleb128 0x40
 629 0075 18       		.uleb128 0x18
 630 0076 9742     		.uleb128 0x2117
 631 0078 19       		.uleb128 0x19
 632 0079 01       		.uleb128 0x1
 633 007a 13       		.uleb128 0x13
 634 007b 00       		.byte	0
 635 007c 00       		.byte	0
 636 007d 09       		.uleb128 0x9
 637 007e 05       		.uleb128 0x5
 638 007f 00       		.byte	0
 639 0080 03       		.uleb128 0x3
 640 0081 08       		.uleb128 0x8
 641 0082 3A       		.uleb128 0x3a
 642 0083 0B       		.uleb128 0xb
 643 0084 3B       		.uleb128 0x3b
 644 0085 0B       		.uleb128 0xb
 645 0086 49       		.uleb128 0x49
 646 0087 13       		.uleb128 0x13
 647 0088 02       		.uleb128 0x2
 648 0089 17       		.uleb128 0x17
 649 008a 00       		.byte	0
 650 008b 00       		.byte	0
 651 008c 0A       		.uleb128 0xa
 652 008d 1D       		.uleb128 0x1d
 653 008e 01       		.byte	0x1
 654 008f 31       		.uleb128 0x31
 655 0090 13       		.uleb128 0x13
 656 0091 11       		.uleb128 0x11
 657 0092 01       		.uleb128 0x1
 658 0093 12       		.uleb128 0x12
 659 0094 06       		.uleb128 0x6
 660 0095 58       		.uleb128 0x58
 661 0096 0B       		.uleb128 0xb
 662 0097 59       		.uleb128 0x59
ARM GAS  C:\Users\DABBIR~1\AppData\Local\Temp\ccSsIOhe.s 			page 18


 663 0098 0B       		.uleb128 0xb
 664 0099 01       		.uleb128 0x1
 665 009a 13       		.uleb128 0x13
 666 009b 00       		.byte	0
 667 009c 00       		.byte	0
 668 009d 0B       		.uleb128 0xb
 669 009e 1D       		.uleb128 0x1d
 670 009f 00       		.byte	0
 671 00a0 31       		.uleb128 0x31
 672 00a1 13       		.uleb128 0x13
 673 00a2 11       		.uleb128 0x11
 674 00a3 01       		.uleb128 0x1
 675 00a4 12       		.uleb128 0x12
 676 00a5 06       		.uleb128 0x6
 677 00a6 58       		.uleb128 0x58
 678 00a7 0B       		.uleb128 0xb
 679 00a8 59       		.uleb128 0x59
 680 00a9 05       		.uleb128 0x5
 681 00aa 00       		.byte	0
 682 00ab 00       		.byte	0
 683 00ac 0C       		.uleb128 0xc
 684 00ad 898201   		.uleb128 0x4109
 685 00b0 00       		.byte	0
 686 00b1 11       		.uleb128 0x11
 687 00b2 01       		.uleb128 0x1
 688 00b3 31       		.uleb128 0x31
 689 00b4 13       		.uleb128 0x13
 690 00b5 00       		.byte	0
 691 00b6 00       		.byte	0
 692 00b7 0D       		.uleb128 0xd
 693 00b8 34       		.uleb128 0x34
 694 00b9 00       		.byte	0
 695 00ba 03       		.uleb128 0x3
 696 00bb 0E       		.uleb128 0xe
 697 00bc 3A       		.uleb128 0x3a
 698 00bd 0B       		.uleb128 0xb
 699 00be 3B       		.uleb128 0x3b
 700 00bf 0B       		.uleb128 0xb
 701 00c0 49       		.uleb128 0x49
 702 00c1 13       		.uleb128 0x13
 703 00c2 02       		.uleb128 0x2
 704 00c3 17       		.uleb128 0x17
 705 00c4 00       		.byte	0
 706 00c5 00       		.byte	0
 707 00c6 0E       		.uleb128 0xe
 708 00c7 01       		.uleb128 0x1
 709 00c8 01       		.byte	0x1
 710 00c9 49       		.uleb128 0x49
 711 00ca 13       		.uleb128 0x13
 712 00cb 01       		.uleb128 0x1
 713 00cc 13       		.uleb128 0x13
 714 00cd 00       		.byte	0
 715 00ce 00       		.byte	0
 716 00cf 0F       		.uleb128 0xf
 717 00d0 21       		.uleb128 0x21
 718 00d1 00       		.byte	0
 719 00d2 49       		.uleb128 0x49
ARM GAS  C:\Users\DABBIR~1\AppData\Local\Temp\ccSsIOhe.s 			page 19


 720 00d3 13       		.uleb128 0x13
 721 00d4 2F       		.uleb128 0x2f
 722 00d5 0B       		.uleb128 0xb
 723 00d6 00       		.byte	0
 724 00d7 00       		.byte	0
 725 00d8 10       		.uleb128 0x10
 726 00d9 26       		.uleb128 0x26
 727 00da 00       		.byte	0
 728 00db 49       		.uleb128 0x49
 729 00dc 13       		.uleb128 0x13
 730 00dd 00       		.byte	0
 731 00de 00       		.byte	0
 732 00df 11       		.uleb128 0x11
 733 00e0 34       		.uleb128 0x34
 734 00e1 00       		.byte	0
 735 00e2 03       		.uleb128 0x3
 736 00e3 0E       		.uleb128 0xe
 737 00e4 3A       		.uleb128 0x3a
 738 00e5 0B       		.uleb128 0xb
 739 00e6 3B       		.uleb128 0x3b
 740 00e7 0B       		.uleb128 0xb
 741 00e8 49       		.uleb128 0x49
 742 00e9 13       		.uleb128 0x13
 743 00ea 3F       		.uleb128 0x3f
 744 00eb 19       		.uleb128 0x19
 745 00ec 3C       		.uleb128 0x3c
 746 00ed 19       		.uleb128 0x19
 747 00ee 00       		.byte	0
 748 00ef 00       		.byte	0
 749 00f0 12       		.uleb128 0x12
 750 00f1 34       		.uleb128 0x34
 751 00f2 00       		.byte	0
 752 00f3 03       		.uleb128 0x3
 753 00f4 0E       		.uleb128 0xe
 754 00f5 3A       		.uleb128 0x3a
 755 00f6 0B       		.uleb128 0xb
 756 00f7 3B       		.uleb128 0x3b
 757 00f8 05       		.uleb128 0x5
 758 00f9 49       		.uleb128 0x49
 759 00fa 13       		.uleb128 0x13
 760 00fb 3F       		.uleb128 0x3f
 761 00fc 19       		.uleb128 0x19
 762 00fd 3C       		.uleb128 0x3c
 763 00fe 19       		.uleb128 0x19
 764 00ff 00       		.byte	0
 765 0100 00       		.byte	0
 766 0101 13       		.uleb128 0x13
 767 0102 2E       		.uleb128 0x2e
 768 0103 00       		.byte	0
 769 0104 3F       		.uleb128 0x3f
 770 0105 19       		.uleb128 0x19
 771 0106 3C       		.uleb128 0x3c
 772 0107 19       		.uleb128 0x19
 773 0108 6E       		.uleb128 0x6e
 774 0109 0E       		.uleb128 0xe
 775 010a 03       		.uleb128 0x3
 776 010b 0E       		.uleb128 0xe
ARM GAS  C:\Users\DABBIR~1\AppData\Local\Temp\ccSsIOhe.s 			page 20


 777 010c 3A       		.uleb128 0x3a
 778 010d 0B       		.uleb128 0xb
 779 010e 3B       		.uleb128 0x3b
 780 010f 05       		.uleb128 0x5
 781 0110 00       		.byte	0
 782 0111 00       		.byte	0
 783 0112 00       		.byte	0
 784              		.section	.debug_loc,"",%progbits
 785              	.Ldebug_loc0:
 786              	.LLST0:
 787 0000 00000000 		.4byte	.LVL0
 788 0004 07000000 		.4byte	.LVL1-1
 789 0008 0100     		.2byte	0x1
 790 000a 50       		.byte	0x50
 791 000b 07000000 		.4byte	.LVL1-1
 792 000f 18000000 		.4byte	.LFE60
 793 0013 0400     		.2byte	0x4
 794 0015 F3       		.byte	0xf3
 795 0016 01       		.uleb128 0x1
 796 0017 50       		.byte	0x50
 797 0018 9F       		.byte	0x9f
 798 0019 00000000 		.4byte	0
 799 001d 00000000 		.4byte	0
 800              	.LLST1:
 801 0021 00000000 		.4byte	.LVL3
 802 0025 08000000 		.4byte	.LVL4
 803 0029 0100     		.2byte	0x1
 804 002b 50       		.byte	0x50
 805 002c 08000000 		.4byte	.LVL4
 806 0030 1C000000 		.4byte	.LVL8
 807 0034 0400     		.2byte	0x4
 808 0036 F3       		.byte	0xf3
 809 0037 01       		.uleb128 0x1
 810 0038 50       		.byte	0x50
 811 0039 9F       		.byte	0x9f
 812 003a 1C000000 		.4byte	.LVL8
 813 003e 1E000000 		.4byte	.LVL9
 814 0042 0100     		.2byte	0x1
 815 0044 50       		.byte	0x50
 816 0045 1E000000 		.4byte	.LVL9
 817 0049 28000000 		.4byte	.LFE61
 818 004d 0400     		.2byte	0x4
 819 004f F3       		.byte	0xf3
 820 0050 01       		.uleb128 0x1
 821 0051 50       		.byte	0x50
 822 0052 9F       		.byte	0x9f
 823 0053 00000000 		.4byte	0
 824 0057 00000000 		.4byte	0
 825              	.LLST2:
 826 005b 08000000 		.4byte	.LVL4
 827 005f 0A000000 		.4byte	.LVL5
 828 0063 0100     		.2byte	0x1
 829 0065 50       		.byte	0x50
 830 0066 0A000000 		.4byte	.LVL5
 831 006a 10000000 		.4byte	.LVL6
 832 006e 0300     		.2byte	0x3
 833 0070 70       		.byte	0x70
ARM GAS  C:\Users\DABBIR~1\AppData\Local\Temp\ccSsIOhe.s 			page 21


 834 0071 7F       		.sleb128 -1
 835 0072 9F       		.byte	0x9f
 836 0073 10000000 		.4byte	.LVL6
 837 0077 1C000000 		.4byte	.LVL8
 838 007b 0A00     		.2byte	0xa
 839 007d F3       		.byte	0xf3
 840 007e 01       		.uleb128 0x1
 841 007f 50       		.byte	0x50
 842 0080 0C       		.byte	0xc
 843 0081 FFFFFF7F 		.4byte	0x7fffffff
 844 0085 1A       		.byte	0x1a
 845 0086 9F       		.byte	0x9f
 846 0087 00000000 		.4byte	0
 847 008b 00000000 		.4byte	0
 848              	.LLST3:
 849 008f 00000000 		.4byte	.LVL3
 850 0093 1A000000 		.4byte	.LVL7
 851 0097 0200     		.2byte	0x2
 852 0099 31       		.byte	0x31
 853 009a 9F       		.byte	0x9f
 854 009b 1A000000 		.4byte	.LVL7
 855 009f 1C000000 		.4byte	.LVL8
 856 00a3 0100     		.2byte	0x1
 857 00a5 50       		.byte	0x50
 858 00a6 1C000000 		.4byte	.LVL8
 859 00aa 1E000000 		.4byte	.LVL9
 860 00ae 0200     		.2byte	0x2
 861 00b0 31       		.byte	0x31
 862 00b1 9F       		.byte	0x9f
 863 00b2 1E000000 		.4byte	.LVL9
 864 00b6 28000000 		.4byte	.LFE61
 865 00ba 0100     		.2byte	0x1
 866 00bc 50       		.byte	0x50
 867 00bd 00000000 		.4byte	0
 868 00c1 00000000 		.4byte	0
 869              		.section	.debug_aranges,"",%progbits
 870 0000 24000000 		.4byte	0x24
 871 0004 0200     		.2byte	0x2
 872 0006 00000000 		.4byte	.Ldebug_info0
 873 000a 04       		.byte	0x4
 874 000b 00       		.byte	0
 875 000c 0000     		.2byte	0
 876 000e 0000     		.2byte	0
 877 0010 00000000 		.4byte	.LFB60
 878 0014 18000000 		.4byte	.LFE60-.LFB60
 879 0018 00000000 		.4byte	.LFB61
 880 001c 28000000 		.4byte	.LFE61-.LFB61
 881 0020 00000000 		.4byte	0
 882 0024 00000000 		.4byte	0
 883              		.section	.debug_ranges,"",%progbits
 884              	.Ldebug_ranges0:
 885 0000 00000000 		.4byte	.LFB60
 886 0004 18000000 		.4byte	.LFE60
 887 0008 00000000 		.4byte	.LFB61
 888 000c 28000000 		.4byte	.LFE61
 889 0010 00000000 		.4byte	0
 890 0014 00000000 		.4byte	0
ARM GAS  C:\Users\DABBIR~1\AppData\Local\Temp\ccSsIOhe.s 			page 22


 891              		.section	.debug_line,"",%progbits
 892              	.Ldebug_line0:
 893 0000 A8010000 		.section	.debug_str,"MS",%progbits,1
 893      02006101 
 893      00000201 
 893      FB0E0D00 
 893      01010101 
 894              	.LASF30:
 895 0000 45455F63 		.ascii	"EE_cortex_mx_active_tos\000"
 895      6F727465 
 895      785F6D78 
 895      5F616374 
 895      6976655F 
 896              	.LASF40:
 897 0018 45455F72 		.ascii	"EE_rq_bitmask\000"
 897      715F6269 
 897      746D6173 
 897      6B00
 898              	.LASF14:
 899 0026 45455F55 		.ascii	"EE_UREG\000"
 899      52454700 
 900              	.LASF23:
 901 002e 45455F68 		.ascii	"EE_hal_enableIRQ\000"
 901      616C5F65 
 901      6E61626C 
 901      65495251 
 901      00
 902              	.LASF41:
 903 003f 45455F74 		.ascii	"EE_th_event_active\000"
 903      685F6576 
 903      656E745F 
 903      61637469 
 903      766500
 904              	.LASF42:
 905 0052 45455F74 		.ascii	"EE_th_waswaiting\000"
 905      685F7761 
 905      73776169 
 905      74696E67 
 905      00
 906              	.LASF2:
 907 0063 73686F72 		.ascii	"short int\000"
 907      7420696E 
 907      7400
 908              	.LASF28:
 909 006d 73697A65 		.ascii	"sizetype\000"
 909      74797065 
 909      00
 910              	.LASF15:
 911 0076 45455F46 		.ascii	"EE_FREG\000"
 911      52454700 
 912              	.LASF13:
 913 007e 45455F55 		.ascii	"EE_UINT32\000"
 913      494E5433 
 913      3200
 914              	.LASF33:
 915 0088 45455F74 		.ascii	"EE_th_ready_prio\000"
 915      685F7265 
ARM GAS  C:\Users\DABBIR~1\AppData\Local\Temp\ccSsIOhe.s 			page 23


 915      6164795F 
 915      7072696F 
 915      00
 916              	.LASF17:
 917 0099 45455F54 		.ascii	"EE_TID\000"
 917      494400
 918              	.LASF25:
 919 00a0 45455F73 		.ascii	"EE_std_need_context_change\000"
 919      74645F6E 
 919      6565645F 
 919      636F6E74 
 919      6578745F 
 920              	.LASF31:
 921 00bb 45455F49 		.ascii	"EE_IRQ_nesting_level\000"
 921      52515F6E 
 921      65737469 
 921      6E675F6C 
 921      6576656C 
 922              	.LASF6:
 923 00d0 6C6F6E67 		.ascii	"long long int\000"
 923      206C6F6E 
 923      6720696E 
 923      7400
 924              	.LASF10:
 925 00de 45455F49 		.ascii	"EE_INT8\000"
 925      4E543800 
 926              	.LASF19:
 927 00e6 45455F54 		.ascii	"EE_TYPE_RQ_MASK\000"
 927      5950455F 
 927      52515F4D 
 927      41534B00 
 928              	.LASF52:
 929 00f6 433A5C4D 		.ascii	"C:\\My_Files\\College_Documents\\AMA EOS\\EOS\\LAB\\"
 929      795F4669 
 929      6C65735C 
 929      436F6C6C 
 929      6567655F 
 930 0124 4C41425F 		.ascii	"LAB_2_Submission\\Json Parser\\code\\w06_criticalRe"
 930      325F5375 
 930      626D6973 
 930      73696F6E 
 930      5C4A736F 
 931 0154 67696F6E 		.ascii	"gion.cydsn\\Lab2_JSONParser01.cydsn\000"
 931      2E637964 
 931      736E5C4C 
 931      6162325F 
 931      4A534F4E 
 932              	.LASF4:
 933 0177 6C6F6E67 		.ascii	"long int\000"
 933      20696E74 
 933      00
 934              	.LASF44:
 935 0180 45455F6F 		.ascii	"EE_oo_IRQ_suspend_status\000"
 935      6F5F4952 
 935      515F7375 
 935      7370656E 
 935      645F7374 
ARM GAS  C:\Users\DABBIR~1\AppData\Local\Temp\ccSsIOhe.s 			page 24


 936              	.LASF47:
 937 0199 45455F69 		.ascii	"EE_isr2_index\000"
 937      7372325F 
 937      696E6465 
 937      7800
 938              	.LASF39:
 939 01a7 45455F73 		.ascii	"EE_sys_ceiling\000"
 939      79735F63 
 939      65696C69 
 939      6E6700
 940              	.LASF9:
 941 01b6 6C6F6E67 		.ascii	"long double\000"
 941      20646F75 
 941      626C6500 
 942              	.LASF1:
 943 01c2 756E7369 		.ascii	"unsigned char\000"
 943      676E6564 
 943      20636861 
 943      7200
 944              	.LASF21:
 945 01d0 45455F63 		.ascii	"EE_cortex_mx_disableIRQ\000"
 945      6F727465 
 945      785F6D78 
 945      5F646973 
 945      61626C65 
 946              	.LASF49:
 947 01e8 45455F74 		.ascii	"EE_thread_end_instance\000"
 947      68726561 
 947      645F656E 
 947      645F696E 
 947      7374616E 
 948              	.LASF26:
 949 01ff 75746964 		.ascii	"utid\000"
 949      00
 950              	.LASF0:
 951 0204 7369676E 		.ascii	"signed char\000"
 951      65642063 
 951      68617200 
 952              	.LASF7:
 953 0210 6C6F6E67 		.ascii	"long long unsigned int\000"
 953      206C6F6E 
 953      6720756E 
 953      7369676E 
 953      65642069 
 954              	.LASF29:
 955 0227 45455F73 		.ascii	"EE_std_thread_tos\000"
 955      74645F74 
 955      68726561 
 955      645F746F 
 955      7300
 956              	.LASF8:
 957 0239 756E7369 		.ascii	"unsigned int\000"
 957      676E6564 
 957      20696E74 
 957      00
 958              	.LASF22:
 959 0246 45455F68 		.ascii	"EE_hal_disableIRQ\000"
ARM GAS  C:\Users\DABBIR~1\AppData\Local\Temp\ccSsIOhe.s 			page 25


 959      616C5F64 
 959      69736162 
 959      6C654952 
 959      5100
 960              	.LASF37:
 961 0258 45455F74 		.ascii	"EE_th_rnact\000"
 961      685F726E 
 961      61637400 
 962              	.LASF32:
 963 0264 45455F73 		.ascii	"EE_std_endcycle_next_tid\000"
 963      74645F65 
 963      6E646379 
 963      636C655F 
 963      6E657874 
 964              	.LASF12:
 965 027d 45455F49 		.ascii	"EE_INT32\000"
 965      4E543332 
 965      00
 966              	.LASF3:
 967 0286 73686F72 		.ascii	"short unsigned int\000"
 967      7420756E 
 967      7369676E 
 967      65642069 
 967      6E7400
 968              	.LASF51:
 969 0299 47656E65 		.ascii	"Generated_Source\\PSoC5\\ErikaOS_1_cortex_mx_ee_con"
 969      72617465 
 969      645F536F 
 969      75726365 
 969      5C50536F 
 970 02ca 74657874 		.ascii	"text.c\000"
 970      2E6300
 971              	.LASF11:
 972 02d1 45455F55 		.ascii	"EE_UINT16\000"
 972      494E5431 
 972      3600
 973              	.LASF27:
 974 02db 6E656564 		.ascii	"need_context_change\000"
 974      5F636F6E 
 974      74657874 
 974      5F636861 
 974      6E676500 
 975              	.LASF45:
 976 02ef 45455F41 		.ascii	"EE_ApplicationMode\000"
 976      70706C69 
 976      63617469 
 976      6F6E4D6F 
 976      646500
 977              	.LASF5:
 978 0302 6C6F6E67 		.ascii	"long unsigned int\000"
 978      20756E73 
 978      69676E65 
 978      6420696E 
 978      7400
 979              	.LASF16:
 980 0314 45455F54 		.ascii	"EE_TYPEBOOL\000"
 980      59504542 
ARM GAS  C:\Users\DABBIR~1\AppData\Local\Temp\ccSsIOhe.s 			page 26


 980      4F4F4C00 
 981              	.LASF38:
 982 0320 45455F73 		.ascii	"EE_stkfirst\000"
 982      746B6669 
 982      72737400 
 983              	.LASF20:
 984 032c 45455F63 		.ascii	"EE_cortex_mx_enableIRQ\000"
 984      6F727465 
 984      785F6D78 
 984      5F656E61 
 984      626C6549 
 985              	.LASF18:
 986 0343 45455F55 		.ascii	"EE_UTID\000"
 986      54494400 
 987              	.LASF46:
 988 034b 45455F72 		.ascii	"EE_rq_lookup\000"
 988      715F6C6F 
 988      6F6B7570 
 988      00
 989              	.LASF35:
 990 0358 45455F74 		.ascii	"EE_th_status\000"
 990      685F7374 
 990      61747573 
 990      00
 991              	.LASF34:
 992 0365 45455F74 		.ascii	"EE_th_dispatch_prio\000"
 992      685F6469 
 992      73706174 
 992      63685F70 
 992      72696F00 
 993              	.LASF36:
 994 0379 45455F74 		.ascii	"EE_th_next\000"
 994      685F6E65 
 994      787400
 995              	.LASF48:
 996 0384 45455F6F 		.ascii	"EE_oo_thread_stub\000"
 996      6F5F7468 
 996      72656164 
 996      5F737475 
 996      6200
 997              	.LASF50:
 998 0396 474E5520 		.ascii	"GNU C11 5.4.1 20160609 (release) [ARM/embedded-5-br"
 998      43313120 
 998      352E342E 
 998      31203230 
 998      31363036 
 999 03c9 616E6368 		.ascii	"anch revision 237715] -mcpu=cortex-m3 -mthumb -g -O"
 999      20726576 
 999      6973696F 
 999      6E203233 
 999      37373135 
 1000 03fc 67202D66 		.ascii	"g -ffunction-sections -ffat-lto-objects\000"
 1000      66756E63 
 1000      74696F6E 
 1000      2D736563 
 1000      74696F6E 
 1001              	.LASF43:
ARM GAS  C:\Users\DABBIR~1\AppData\Local\Temp\ccSsIOhe.s 			page 27


 1002 0424 45455F6F 		.ascii	"EE_oo_IRQ_disable_count\000"
 1002      6F5F4952 
 1002      515F6469 
 1002      7361626C 
 1002      655F636F 
 1003              	.LASF24:
 1004 043c 45455F73 		.ascii	"EE_std_run_task_code\000"
 1004      74645F72 
 1004      756E5F74 
 1004      61736B5F 
 1004      636F6465 
 1005              		.ident	"GCC: (GNU Tools for ARM Embedded Processors) 5.4.1 20160609 (release) [ARM/embedded-5-bran
